ARM Linker, 5.03 [Build 76] [MDK-ARM Lite]

==============================================================================

Section Cross References

    main.o(i.main) refers to ce_lib.o(i.initCEP_Board) for initCEP_Board
    main.o(i.main) refers to spi.o(i.spi_setup) for spi_setup
    main.o(i.main) refers to gpio.o(i.gpio_setup) for gpio_setup
    spi.o(i.spi_setup) refers to stm32f4xx_rcc.o(i.RCC_APB1PeriphClockCmd) for RCC_APB1PeriphClockCmd
    spi.o(i.spi_setup) refers to stm32f4xx_rcc.o(i.RCC_AHB1PeriphClockCmd) for RCC_AHB1PeriphClockCmd
    spi_mem.o(i.spiFLashMemGlobalUnprotect) refers to spi_mem.o(i.enable_SSEL) for enable_SSEL
    spi_mem.o(i.spiFLashMemGlobalUnprotect) refers to spi_mem.o(i.disable_SSEL) for disable_SSEL
    spi_mem.o(i.spiFlashMemErase) refers to spi_mem.o(i.spiFlashMemSetWriteEnable) for spiFlashMemSetWriteEnable
    spi_mem.o(i.spiFlashMemErase) refers to spi_mem.o(i.spiFLashMemGlobalUnprotect) for spiFLashMemGlobalUnprotect
    spi_mem.o(i.spiFlashMemErase) refers to spi_mem.o(i.enable_SSEL) for enable_SSEL
    spi_mem.o(i.spiFlashMemErase) refers to spi_mem.o(i.disable_SSEL) for disable_SSEL
    spi_mem.o(i.spiFlashMemErase) refers to spi_mem.o(i.spiFlashMemWaitReady) for spiFlashMemWaitReady
    spi_mem.o(i.spiFlashMemRead) refers to spi_mem.o(i.enable_SSEL) for enable_SSEL
    spi_mem.o(i.spiFlashMemRead) refers to spi_mem.o(i.disable_SSEL) for disable_SSEL
    spi_mem.o(i.spiFlashMemReadStatusRegister) refers to spi_mem.o(i.enable_SSEL) for enable_SSEL
    spi_mem.o(i.spiFlashMemReadStatusRegister) refers to spi_mem.o(i.disable_SSEL) for disable_SSEL
    spi_mem.o(i.spiFlashMemSetWriteEnable) refers to spi_mem.o(i.enable_SSEL) for enable_SSEL
    spi_mem.o(i.spiFlashMemSetWriteEnable) refers to spi_mem.o(i.disable_SSEL) for disable_SSEL
    spi_mem.o(i.spiFlashMemWaitReady) refers to spi_mem.o(i.enable_SSEL) for enable_SSEL
    spi_mem.o(i.spiFlashMemWaitReady) refers to spi_mem.o(i.disable_SSEL) for disable_SSEL
    spi_mem.o(i.spiFlashMemWrite) refers to spi_mem.o(i.spiFlashMemSetWriteEnable) for spiFlashMemSetWriteEnable
    spi_mem.o(i.spiFlashMemWrite) refers to spi_mem.o(i.spiFLashMemGlobalUnprotect) for spiFLashMemGlobalUnprotect
    spi_mem.o(i.spiFlashMemWrite) refers to spi_mem.o(i.enable_SSEL) for enable_SSEL
    spi_mem.o(i.spiFlashMemWrite) refers to spi_mem.o(i.disable_SSEL) for disable_SSEL
    spi_mem.o(i.spiFlashMemWrite) refers to spi_mem.o(i.spiFlashMemWaitReady) for spiFlashMemWaitReady
    spi_mem.o(i.spiReadManufacturerId) refers to spi_mem.o(i.enable_SSEL) for enable_SSEL
    spi_mem.o(i.spiReadManufacturerId) refers to spi_mem.o(i.disable_SSEL) for disable_SSEL
    gpio.o(i.gpio_setup) refers to stm32f4xx_gpio.o(i.GPIO_Init) for GPIO_Init
    gpio.o(i.gpio_setup) refers to stm32f4xx_rcc.o(i.RCC_APB1PeriphClockCmd) for RCC_APB1PeriphClockCmd
    stm32f4xx_gpio.o(i.GPIO_DeInit) refers to stm32f4xx_rcc.o(i.RCC_AHB1PeriphResetCmd) for RCC_AHB1PeriphResetCmd
    stm32f4xx_rcc.o(i.RCC_GetClocksFreq) refers to stm32f4xx_rcc.o(.data) for APBAHBPrescTable
    stm32f4xx_rcc.o(i.RCC_WaitForHSEStartUp) refers to stm32f4xx_rcc.o(i.RCC_GetFlagStatus) for RCC_GetFlagStatus
    stm32f4xx_usart.o(i.USART_DeInit) refers to stm32f4xx_rcc.o(i.RCC_APB2PeriphResetCmd) for RCC_APB2PeriphResetCmd
    stm32f4xx_usart.o(i.USART_DeInit) refers to stm32f4xx_rcc.o(i.RCC_APB1PeriphResetCmd) for RCC_APB1PeriphResetCmd
    stm32f4xx_usart.o(i.USART_Init) refers to stm32f4xx_rcc.o(i.RCC_GetClocksFreq) for RCC_GetClocksFreq
    startup_stm32f40_41xxx.o(RESET) refers to startup_stm32f40_41xxx.o(STACK) for __initial_sp
    startup_stm32f40_41xxx.o(RESET) refers to startup_stm32f40_41xxx.o(.text) for Reset_Handler
    startup_stm32f40_41xxx.o(RESET) refers to usart.o(i.USART6_IRQHandler) for USART6_IRQHandler
    startup_stm32f40_41xxx.o(.text) refers to system_stm32f4xx.o(i.SystemInit) for SystemInit
    startup_stm32f40_41xxx.o(.text) refers to entry.o(.ARM.Collect$$$$00000000) for __main
    system_stm32f4xx.o(i.SystemCoreClockUpdate) refers to system_stm32f4xx.o(.data) for SystemCoreClock
    system_stm32f4xx.o(i.SystemInit) refers to system_stm32f4xx.o(i.SetSysClock) for SetSysClock
    stm32f4xx_i2c.o(i.I2C_DeInit) refers to stm32f4xx_rcc.o(i.RCC_APB1PeriphResetCmd) for RCC_APB1PeriphResetCmd
    stm32f4xx_i2c.o(i.I2C_Init) refers to stm32f4xx_rcc.o(i.RCC_GetClocksFreq) for RCC_GetClocksFreq
    ce_lib.o(i.Delay) refers to ce_lib.o(.data) for TimingDelay
    ce_lib.o(i.TimingDelay_Decrement) refers to ce_lib.o(.data) for TimingDelay
    ce_lib.o(i.initCEP_Board) refers to ce_lib.o(i.initIO) for initIO
    ce_lib.o(i.initCEP_Board) refers to usart.o(i.USART_Buffer_Init) for USART_Buffer_Init
    ce_lib.o(i.initCEP_Board) refers to usart.o(i.USART_Device_Init) for USART_Device_Init
    ce_lib.o(i.initCEP_Board) refers to tft.o(i.TFT_Init) for TFT_Init
    ce_lib.o(i.initIO) refers to stm32f4xx_rcc.o(i.RCC_AHB1PeriphClockCmd) for RCC_AHB1PeriphClockCmd
    ce_lib.o(i.initIO) refers to stm32f4xx_gpio.o(i.GPIO_Init) for GPIO_Init
    ce_lib.o(i.resetLED) refers to stm32f4xx_gpio.o(i.GPIO_ResetBits) for GPIO_ResetBits
    ce_lib.o(i.setLED) refers to stm32f4xx_gpio.o(i.GPIO_SetBits) for GPIO_SetBits
    usart.o(i.USART6_IRQHandler) refers to usart.o(.bss) for rbuf
    usart.o(i.USART6_IRQHandler) refers to usart.o(.data) for tx_restart
    usart.o(i.USART_Buffer_Init) refers to usart.o(.bss) for tbuf
    usart.o(i.USART_Buffer_Init) refers to usart.o(.data) for tx_restart
    usart.o(i.USART_Device_Init) refers to stm32f4xx_rcc.o(i.RCC_AHB1PeriphClockCmd) for RCC_AHB1PeriphClockCmd
    usart.o(i.USART_Device_Init) refers to stm32f4xx_rcc.o(i.RCC_APB2PeriphClockCmd) for RCC_APB2PeriphClockCmd
    usart.o(i.USART_Device_Init) refers to stm32f4xx_gpio.o(i.GPIO_PinAFConfig) for GPIO_PinAFConfig
    usart.o(i.USART_Device_Init) refers to stm32f4xx_gpio.o(i.GPIO_Init) for GPIO_Init
    usart.o(i.USART_Device_Init) refers to stm32f4xx_usart.o(i.USART_OverSampling8Cmd) for USART_OverSampling8Cmd
    usart.o(i.USART_Device_Init) refers to stm32f4xx_usart.o(i.USART_Init) for USART_Init
    usart.o(i.USART_Device_Init) refers to misc.o(i.NVIC_PriorityGroupConfig) for NVIC_PriorityGroupConfig
    usart.o(i.USART_Device_Init) refers to misc.o(i.NVIC_Init) for NVIC_Init
    usart.o(i.USART_Device_Init) refers to stm32f4xx_usart.o(i.USART_Cmd) for USART_Cmd
    usart.o(i.USART_GetKey) refers to usart.o(.bss) for rbuf
    usart.o(i.USART_SendChar) refers to usart.o(.bss) for tbuf
    usart.o(i.USART_SendChar) refers to usart.o(.data) for tx_restart
    retarget.o(i._ttywrch) refers to usart.o(i.USART_SendChar) for USART_SendChar
    retarget.o(i.fgetc) refers to usart.o(i.USART_GetKey) for USART_GetKey
    retarget.o(i.fgetc) refers to retarget.o(i.fputc) for fputc
    retarget.o(i.fgetc) refers to retarget.o(.data) for __stdout
    retarget.o(i.fputc) refers to usart.o(i.USART_SendChar) for USART_SendChar
    tft.o(i.TFT_Init) refers to stm32f4xx_rcc.o(i.RCC_APB1PeriphClockCmd) for RCC_APB1PeriphClockCmd
    tft.o(i.TFT_Init) refers to stm32f4xx_rcc.o(i.RCC_AHB1PeriphClockCmd) for RCC_AHB1PeriphClockCmd
    tft.o(i.TFT_Init) refers to stm32f4xx_rcc.o(i.RCC_APB1PeriphResetCmd) for RCC_APB1PeriphResetCmd
    tft.o(i.TFT_Init) refers to stm32f4xx_gpio.o(i.GPIO_PinAFConfig) for GPIO_PinAFConfig
    tft.o(i.TFT_Init) refers to stm32f4xx_gpio.o(i.GPIO_Init) for GPIO_Init
    tft.o(i.TFT_Init) refers to stm32f4xx_i2c.o(i.I2C_Init) for I2C_Init
    tft.o(i.TFT_Init) refers to stm32f4xx_i2c.o(i.I2C_Cmd) for I2C_Cmd
    tft.o(i.TFT_Init) refers to tft.o(i.TFT_terminal_on) for TFT_terminal_on
    tft.o(i.TFT_Init) refers to tft.o(i.TFT_cls) for TFT_cls
    tft.o(i.TFT_bargraph_color) refers to tft.o(i.TFT_send_data) for TFT_send_data
    tft.o(i.TFT_bargraph_define) refers to tft.o(i.TFT_send_data) for TFT_send_data
    tft.o(i.TFT_bargraph_fill_pattern) refers to tft.o(i.TFT_send_data) for TFT_send_data
    tft.o(i.TFT_bargraph_frame) refers to tft.o(i.TFT_send_data) for TFT_send_data
    tft.o(i.TFT_bargraph_value) refers to tft.o(i.TFT_send_data) for TFT_send_data
    tft.o(i.TFT_buzzer_off) refers to tft.o(i.TFT_send_data) for TFT_send_data
    tft.o(i.TFT_buzzer_on) refers to tft.o(i.TFT_send_data) for TFT_send_data
    tft.o(i.TFT_carriage_return) refers to tft.o(i.TFT_putc) for TFT_putc
    tft.o(i.TFT_cls) refers to tft.o(i.TFT_putc) for TFT_putc
    tft.o(i.TFT_cursor_off) refers to tft.o(i.TFT_send_data) for TFT_send_data
    tft.o(i.TFT_cursor_on) refers to tft.o(i.TFT_send_data) for TFT_send_data
    tft.o(i.TFT_draw_line) refers to tft.o(i.TFT_send_data) for TFT_send_data
    tft.o(i.TFT_draw_rectangle) refers to tft.o(i.TFT_send_data) for TFT_send_data
    tft.o(i.TFT_get_data) refers to stm32f4xx_i2c.o(i.I2C_GenerateSTART) for I2C_GenerateSTART
    tft.o(i.TFT_get_data) refers to stm32f4xx_i2c.o(i.I2C_CheckEvent) for I2C_CheckEvent
    tft.o(i.TFT_get_data) refers to stm32f4xx_i2c.o(i.I2C_Send7bitAddress) for I2C_Send7bitAddress
    tft.o(i.TFT_get_data) refers to stm32f4xx_i2c.o(i.I2C_SendData) for I2C_SendData
    tft.o(i.TFT_get_data) refers to stm32f4xx_i2c.o(i.I2C_GenerateSTOP) for I2C_GenerateSTOP
    tft.o(i.TFT_get_data) refers to tft.o(i.tft_delay) for tft_delay
    tft.o(i.TFT_get_data) refers to stm32f4xx_i2c.o(i.I2C_ReceiveData) for I2C_ReceiveData
    tft.o(i.TFT_gotoxy) refers to tft.o(i.TFT_send_data) for TFT_send_data
    tft.o(i.TFT_graphic_cls) refers to tft.o(i.TFT_send_data) for TFT_send_data
    tft.o(i.TFT_graphic_puts) refers to tft.o(i.TFT_send_data) for TFT_send_data
    tft.o(i.TFT_graphic_puts_area) refers to tft.o(i.TFT_send_data) for TFT_send_data
    tft.o(i.TFT_graphic_set_point) refers to tft.o(i.TFT_send_data) for TFT_send_data
    tft.o(i.TFT_line_color) refers to tft.o(i.TFT_send_data) for TFT_send_data
    tft.o(i.TFT_newline) refers to tft.o(i.TFT_putc) for TFT_putc
    tft.o(i.TFT_putc) refers to tft.o(i.TFT_send_data) for TFT_send_data
    tft.o(i.TFT_puts) refers to strlen.o(.text) for strlen
    tft.o(i.TFT_puts) refers to tft.o(i.TFT_send_data) for TFT_send_data
    tft.o(i.TFT_send_data) refers to stm32f4xx_i2c.o(i.I2C_GenerateSTART) for I2C_GenerateSTART
    tft.o(i.TFT_send_data) refers to stm32f4xx_i2c.o(i.I2C_CheckEvent) for I2C_CheckEvent
    tft.o(i.TFT_send_data) refers to stm32f4xx_i2c.o(i.I2C_Send7bitAddress) for I2C_Send7bitAddress
    tft.o(i.TFT_send_data) refers to stm32f4xx_i2c.o(i.I2C_SendData) for I2C_SendData
    tft.o(i.TFT_send_data) refers to stm32f4xx_i2c.o(i.I2C_GenerateSTOP) for I2C_GenerateSTOP
    tft.o(i.TFT_send_data) refers to tft.o(i.tft_delay) for tft_delay
    tft.o(i.TFT_send_data) refers to stm32f4xx_i2c.o(i.I2C_ReceiveData) for I2C_ReceiveData
    tft.o(i.TFT_send_data) refers to tft.o(.bss) for TFT_send_buffer
    tft.o(i.TFT_set_brightness) refers to tft.o(i.TFT_send_data) for TFT_send_data
    tft.o(i.TFT_set_font) refers to tft.o(i.TFT_send_data) for TFT_send_data
    tft.o(i.TFT_set_font_color) refers to tft.o(i.TFT_send_data) for TFT_send_data
    tft.o(i.TFT_set_graphic_color) refers to tft.o(i.TFT_send_data) for TFT_send_data
    tft.o(i.TFT_set_graphic_text_color) refers to tft.o(i.TFT_send_data) for TFT_send_data
    tft.o(i.TFT_set_graphic_text_font) refers to tft.o(i.TFT_send_data) for TFT_send_data
    tft.o(i.TFT_set_pixel_color) refers to tft.o(i.TFT_send_data) for TFT_send_data
    tft.o(i.TFT_set_window) refers to tft.o(i.TFT_send_data) for TFT_send_data
    tft.o(i.TFT_terminal_off) refers to tft.o(i.TFT_send_data) for TFT_send_data
    tft.o(i.TFT_terminal_on) refers to tft.o(i.TFT_send_data) for TFT_send_data
    tft.o(i.TFT_touch_area) refers to tft.o(i.TFT_send_data) for TFT_send_data
    tft.o(i.TFT_touch_area) refers to tft.o(.bss) for cmd
    tft.o(i.TFT_touch_area_clear) refers to tft.o(i.TFT_send_data) for TFT_send_data
    tft.o(i.TFT_touch_area_color) refers to tft.o(i.TFT_send_data) for TFT_send_data
    tft.o(i.TFT_touch_area_font) refers to tft.o(i.TFT_send_data) for TFT_send_data
    tft.o(i.TFT_touch_area_font_color) refers to tft.o(i.TFT_send_data) for TFT_send_data
    tft.o(i.TFT_touch_area_frame) refers to tft.o(i.TFT_send_data) for TFT_send_data
    entry.o(.ARM.Collect$$$$00000000) refers (Special) to entry10a.o(.ARM.Collect$$$$0000000D) for __rt_final_cpp
    entry.o(.ARM.Collect$$$$00000000) refers (Special) to entry11a.o(.ARM.Collect$$$$0000000F) for __rt_final_exit
    entry.o(.ARM.Collect$$$$00000000) refers (Special) to entry7b.o(.ARM.Collect$$$$00000008) for _main_clock
    entry.o(.ARM.Collect$$$$00000000) refers (Special) to entry8b.o(.ARM.Collect$$$$0000000A) for _main_cpp_init
    entry.o(.ARM.Collect$$$$00000000) refers (Special) to entry9a.o(.ARM.Collect$$$$0000000B) for _main_init
    entry.o(.ARM.Collect$$$$00000000) refers (Special) to entry5.o(.ARM.Collect$$$$00000004) for _main_scatterload
    entry.o(.ARM.Collect$$$$00000000) refers (Special) to entry2.o(.ARM.Collect$$$$00000001) for _main_stk
    entry2.o(.ARM.Collect$$$$00000001) refers to entry2.o(.ARM.Collect$$$$00002712) for __lit__00000000
    entry2.o(.ARM.Collect$$$$00002712) refers to startup_stm32f40_41xxx.o(STACK) for __initial_sp
    entry2.o(__vectab_stack_and_reset_area) refers to startup_stm32f40_41xxx.o(STACK) for __initial_sp
    entry2.o(__vectab_stack_and_reset_area) refers to entry.o(.ARM.Collect$$$$00000000) for __main
    entry5.o(.ARM.Collect$$$$00000004) refers to init.o(.text) for __scatterload
    entry9a.o(.ARM.Collect$$$$0000000B) refers to main.o(i.main) for main
    entry9b.o(.ARM.Collect$$$$0000000C) refers to main.o(i.main) for main
    init.o(.text) refers to entry5.o(.ARM.Collect$$$$00000004) for __main_after_scatterload


==============================================================================

Removing Unused input sections from the image.

    Removing main.o(.rev16_text), (4 bytes).
    Removing main.o(.revsh_text), (4 bytes).
    Removing labor5.o(.rev16_text), (4 bytes).
    Removing labor5.o(.revsh_text), (4 bytes).
    Removing labor5.o(i.labor5), (2 bytes).
    Removing spi.o(.rev16_text), (4 bytes).
    Removing spi.o(.revsh_text), (4 bytes).
    Removing spi.o(i.spi_readByte), (88 bytes).
    Removing spi.o(i.spi_writeByte), (56 bytes).
    Removing spi_mem.o(.rev16_text), (4 bytes).
    Removing spi_mem.o(.revsh_text), (4 bytes).
    Removing spi_mem.o(i.disable_SSEL), (32 bytes).
    Removing spi_mem.o(i.enable_SSEL), (32 bytes).
    Removing spi_mem.o(i.spiFLashMemGlobalUnprotect), (30 bytes).
    Removing spi_mem.o(i.spiFlashMemErase), (72 bytes).
    Removing spi_mem.o(i.spiFlashMemRead), (74 bytes).
    Removing spi_mem.o(i.spiFlashMemReadStatusRegister), (48 bytes).
    Removing spi_mem.o(i.spiFlashMemSetWriteEnable), (24 bytes).
    Removing spi_mem.o(i.spiFlashMemWaitReady), (48 bytes).
    Removing spi_mem.o(i.spiFlashMemWrite), (96 bytes).
    Removing spi_mem.o(i.spiReadManufacturerId), (52 bytes).
    Removing gpio.o(.rev16_text), (4 bytes).
    Removing gpio.o(.revsh_text), (4 bytes).
    Removing core_cm3.o(.emb_text), (32 bytes).
    Removing misc.o(.rev16_text), (4 bytes).
    Removing misc.o(.revsh_text), (4 bytes).
    Removing misc.o(i.NVIC_SetVectorTable), (20 bytes).
    Removing misc.o(i.NVIC_SystemLPConfig), (32 bytes).
    Removing misc.o(i.SysTick_CLKSourceConfig), (40 bytes).
    Removing stm32f4xx_gpio.o(.rev16_text), (4 bytes).
    Removing stm32f4xx_gpio.o(.revsh_text), (4 bytes).
    Removing stm32f4xx_gpio.o(i.GPIO_DeInit), (312 bytes).
    Removing stm32f4xx_gpio.o(i.GPIO_PinLockConfig), (34 bytes).
    Removing stm32f4xx_gpio.o(i.GPIO_ReadInputData), (8 bytes).
    Removing stm32f4xx_gpio.o(i.GPIO_ReadInputDataBit), (18 bytes).
    Removing stm32f4xx_gpio.o(i.GPIO_ReadOutputData), (8 bytes).
    Removing stm32f4xx_gpio.o(i.GPIO_ReadOutputDataBit), (18 bytes).
    Removing stm32f4xx_gpio.o(i.GPIO_ResetBits), (4 bytes).
    Removing stm32f4xx_gpio.o(i.GPIO_SetBits), (4 bytes).
    Removing stm32f4xx_gpio.o(i.GPIO_StructInit), (18 bytes).
    Removing stm32f4xx_gpio.o(i.GPIO_ToggleBits), (8 bytes).
    Removing stm32f4xx_gpio.o(i.GPIO_Write), (4 bytes).
    Removing stm32f4xx_gpio.o(i.GPIO_WriteBit), (10 bytes).
    Removing stm32f4xx_rcc.o(.rev16_text), (4 bytes).
    Removing stm32f4xx_rcc.o(.revsh_text), (4 bytes).
    Removing stm32f4xx_rcc.o(i.RCC_AHB1PeriphClockLPModeCmd), (32 bytes).
    Removing stm32f4xx_rcc.o(i.RCC_AHB1PeriphResetCmd), (32 bytes).
    Removing stm32f4xx_rcc.o(i.RCC_AHB2PeriphClockCmd), (32 bytes).
    Removing stm32f4xx_rcc.o(i.RCC_AHB2PeriphClockLPModeCmd), (32 bytes).
    Removing stm32f4xx_rcc.o(i.RCC_AHB2PeriphResetCmd), (32 bytes).
    Removing stm32f4xx_rcc.o(i.RCC_AHB3PeriphClockCmd), (32 bytes).
    Removing stm32f4xx_rcc.o(i.RCC_AHB3PeriphClockLPModeCmd), (32 bytes).
    Removing stm32f4xx_rcc.o(i.RCC_AHB3PeriphResetCmd), (32 bytes).
    Removing stm32f4xx_rcc.o(i.RCC_APB1PeriphClockLPModeCmd), (32 bytes).
    Removing stm32f4xx_rcc.o(i.RCC_APB2PeriphClockLPModeCmd), (32 bytes).
    Removing stm32f4xx_rcc.o(i.RCC_APB2PeriphResetCmd), (32 bytes).
    Removing stm32f4xx_rcc.o(i.RCC_AdjustHSICalibrationValue), (24 bytes).
    Removing stm32f4xx_rcc.o(i.RCC_BackupResetCmd), (12 bytes).
    Removing stm32f4xx_rcc.o(i.RCC_ClearFlag), (20 bytes).
    Removing stm32f4xx_rcc.o(i.RCC_ClearITPendingBit), (12 bytes).
    Removing stm32f4xx_rcc.o(i.RCC_ClockSecuritySystemCmd), (12 bytes).
    Removing stm32f4xx_rcc.o(i.RCC_DeInit), (100 bytes).
    Removing stm32f4xx_rcc.o(i.RCC_GetFlagStatus), (64 bytes).
    Removing stm32f4xx_rcc.o(i.RCC_GetITStatus), (24 bytes).
    Removing stm32f4xx_rcc.o(i.RCC_GetSYSCLKSource), (16 bytes).
    Removing stm32f4xx_rcc.o(i.RCC_HCLKConfig), (24 bytes).
    Removing stm32f4xx_rcc.o(i.RCC_HSEConfig), (16 bytes).
    Removing stm32f4xx_rcc.o(i.RCC_HSICmd), (12 bytes).
    Removing stm32f4xx_rcc.o(i.RCC_I2SCLKConfig), (12 bytes).
    Removing stm32f4xx_rcc.o(i.RCC_ITConfig), (32 bytes).
    Removing stm32f4xx_rcc.o(i.RCC_LSEConfig), (44 bytes).
    Removing stm32f4xx_rcc.o(i.RCC_LSICmd), (12 bytes).
    Removing stm32f4xx_rcc.o(i.RCC_LTDCCLKDivConfig), (24 bytes).
    Removing stm32f4xx_rcc.o(i.RCC_MCO1Config), (28 bytes).
    Removing stm32f4xx_rcc.o(i.RCC_MCO2Config), (28 bytes).
    Removing stm32f4xx_rcc.o(i.RCC_PCLK1Config), (24 bytes).
    Removing stm32f4xx_rcc.o(i.RCC_PCLK2Config), (24 bytes).
    Removing stm32f4xx_rcc.o(i.RCC_PLLCmd), (12 bytes).
    Removing stm32f4xx_rcc.o(i.RCC_PLLConfig), (36 bytes).
    Removing stm32f4xx_rcc.o(i.RCC_PLLI2SCmd), (12 bytes).
    Removing stm32f4xx_rcc.o(i.RCC_PLLI2SConfig), (16 bytes).
    Removing stm32f4xx_rcc.o(i.RCC_PLLSAICmd), (12 bytes).
    Removing stm32f4xx_rcc.o(i.RCC_PLLSAIConfig), (24 bytes).
    Removing stm32f4xx_rcc.o(i.RCC_RTCCLKCmd), (12 bytes).
    Removing stm32f4xx_rcc.o(i.RCC_RTCCLKConfig), (60 bytes).
    Removing stm32f4xx_rcc.o(i.RCC_SAIBlockACLKConfig), (24 bytes).
    Removing stm32f4xx_rcc.o(i.RCC_SAIBlockBCLKConfig), (24 bytes).
    Removing stm32f4xx_rcc.o(i.RCC_SAIPLLI2SClkDivConfig), (28 bytes).
    Removing stm32f4xx_rcc.o(i.RCC_SAIPLLSAIClkDivConfig), (28 bytes).
    Removing stm32f4xx_rcc.o(i.RCC_SYSCLKConfig), (24 bytes).
    Removing stm32f4xx_rcc.o(i.RCC_TIMCLKPresConfig), (12 bytes).
    Removing stm32f4xx_rcc.o(i.RCC_WaitForHSEStartUp), (56 bytes).
    Removing stm32f4xx_usart.o(.rev16_text), (4 bytes).
    Removing stm32f4xx_usart.o(.revsh_text), (4 bytes).
    Removing stm32f4xx_usart.o(i.USART_ClearFlag), (18 bytes).
    Removing stm32f4xx_usart.o(i.USART_ClearITPendingBit), (30 bytes).
    Removing stm32f4xx_usart.o(i.USART_ClockInit), (32 bytes).
    Removing stm32f4xx_usart.o(i.USART_ClockStructInit), (12 bytes).
    Removing stm32f4xx_usart.o(i.USART_DMACmd), (18 bytes).
    Removing stm32f4xx_usart.o(i.USART_DeInit), (240 bytes).
    Removing stm32f4xx_usart.o(i.USART_GetFlagStatus), (26 bytes).
    Removing stm32f4xx_usart.o(i.USART_GetITStatus), (84 bytes).
    Removing stm32f4xx_usart.o(i.USART_HalfDuplexCmd), (24 bytes).
    Removing stm32f4xx_usart.o(i.USART_ITConfig), (74 bytes).
    Removing stm32f4xx_usart.o(i.USART_IrDACmd), (24 bytes).
    Removing stm32f4xx_usart.o(i.USART_IrDAConfig), (18 bytes).
    Removing stm32f4xx_usart.o(i.USART_LINBreakDetectLengthConfig), (18 bytes).
    Removing stm32f4xx_usart.o(i.USART_LINCmd), (24 bytes).
    Removing stm32f4xx_usart.o(i.USART_OneBitMethodCmd), (24 bytes).
    Removing stm32f4xx_usart.o(i.USART_ReceiveData), (10 bytes).
    Removing stm32f4xx_usart.o(i.USART_ReceiverWakeUpCmd), (24 bytes).
    Removing stm32f4xx_usart.o(i.USART_SendBreak), (10 bytes).
    Removing stm32f4xx_usart.o(i.USART_SendData), (8 bytes).
    Removing stm32f4xx_usart.o(i.USART_SetAddress), (18 bytes).
    Removing stm32f4xx_usart.o(i.USART_SetGuardTime), (16 bytes).
    Removing stm32f4xx_usart.o(i.USART_SetPrescaler), (16 bytes).
    Removing stm32f4xx_usart.o(i.USART_SmartCardCmd), (24 bytes).
    Removing stm32f4xx_usart.o(i.USART_SmartCardNACKCmd), (24 bytes).
    Removing stm32f4xx_usart.o(i.USART_StructInit), (24 bytes).
    Removing stm32f4xx_usart.o(i.USART_WakeUpConfig), (18 bytes).
    Removing startup_stm32f40_41xxx.o(HEAP), (512 bytes).
    Removing system_stm32f4xx.o(.rev16_text), (4 bytes).
    Removing system_stm32f4xx.o(.revsh_text), (4 bytes).
    Removing system_stm32f4xx.o(i.SystemCoreClockUpdate), (192 bytes).
    Removing system_stm32f4xx.o(.data), (20 bytes).
    Removing stm32f4xx_i2c.o(.rev16_text), (4 bytes).
    Removing stm32f4xx_i2c.o(.revsh_text), (4 bytes).
    Removing stm32f4xx_i2c.o(i.I2C_ARPCmd), (24 bytes).
    Removing stm32f4xx_i2c.o(i.I2C_AcknowledgeConfig), (24 bytes).
    Removing stm32f4xx_i2c.o(i.I2C_AnalogFilterCmd), (24 bytes).
    Removing stm32f4xx_i2c.o(i.I2C_CalculatePEC), (24 bytes).
    Removing stm32f4xx_i2c.o(i.I2C_ClearFlag), (12 bytes).
    Removing stm32f4xx_i2c.o(i.I2C_ClearITPendingBit), (12 bytes).
    Removing stm32f4xx_i2c.o(i.I2C_DMACmd), (24 bytes).
    Removing stm32f4xx_i2c.o(i.I2C_DMALastTransferCmd), (24 bytes).
    Removing stm32f4xx_i2c.o(i.I2C_DeInit), (96 bytes).
    Removing stm32f4xx_i2c.o(i.I2C_DigitalFilterConfig), (22 bytes).
    Removing stm32f4xx_i2c.o(i.I2C_DualAddressCmd), (24 bytes).
    Removing stm32f4xx_i2c.o(i.I2C_FastModeDutyCycleConfig), (28 bytes).
    Removing stm32f4xx_i2c.o(i.I2C_GeneralCallCmd), (24 bytes).
    Removing stm32f4xx_i2c.o(i.I2C_GetFlagStatus), (58 bytes).
    Removing stm32f4xx_i2c.o(i.I2C_GetITStatus), (38 bytes).
    Removing stm32f4xx_i2c.o(i.I2C_GetLastEvent), (26 bytes).
    Removing stm32f4xx_i2c.o(i.I2C_GetPEC), (8 bytes).
    Removing stm32f4xx_i2c.o(i.I2C_ITConfig), (18 bytes).
    Removing stm32f4xx_i2c.o(i.I2C_NACKPositionConfig), (28 bytes).
    Removing stm32f4xx_i2c.o(i.I2C_OwnAddress2Config), (22 bytes).
    Removing stm32f4xx_i2c.o(i.I2C_PECPositionConfig), (28 bytes).
    Removing stm32f4xx_i2c.o(i.I2C_ReadRegister), (22 bytes).
    Removing stm32f4xx_i2c.o(i.I2C_SMBusAlertConfig), (28 bytes).
    Removing stm32f4xx_i2c.o(i.I2C_SoftwareResetCmd), (22 bytes).
    Removing stm32f4xx_i2c.o(i.I2C_StretchClockCmd), (24 bytes).
    Removing stm32f4xx_i2c.o(i.I2C_StructInit), (30 bytes).
    Removing stm32f4xx_i2c.o(i.I2C_TransmitPEC), (24 bytes).
    Removing ce_lib.o(.rev16_text), (4 bytes).
    Removing ce_lib.o(.revsh_text), (4 bytes).
    Removing ce_lib.o(i.Delay), (24 bytes).
    Removing ce_lib.o(i.TimingDelay_Decrement), (24 bytes).
    Removing ce_lib.o(i.resetLED), (144 bytes).
    Removing ce_lib.o(i.setLED), (144 bytes).
    Removing ce_lib.o(.data), (4 bytes).
    Removing usart.o(.rev16_text), (4 bytes).
    Removing usart.o(.revsh_text), (4 bytes).
    Removing usart.o(i.USART_GetKey), (44 bytes).
    Removing usart.o(i.USART_SendChar), (84 bytes).
    Removing retarget.o(i._sys_exit), (4 bytes).
    Removing retarget.o(i._ttywrch), (20 bytes).
    Removing retarget.o(i.ferror), (8 bytes).
    Removing retarget.o(i.fgetc), (32 bytes).
    Removing retarget.o(i.fputc), (42 bytes).
    Removing retarget.o(.data), (8 bytes).
    Removing tft.o(.rev16_text), (4 bytes).
    Removing tft.o(.revsh_text), (4 bytes).
    Removing tft.o(i.TFT_bargraph_color), (54 bytes).
    Removing tft.o(i.TFT_bargraph_define), (254 bytes).
    Removing tft.o(i.TFT_bargraph_fill_pattern), (38 bytes).
    Removing tft.o(i.TFT_bargraph_frame), (38 bytes).
    Removing tft.o(i.TFT_bargraph_value), (46 bytes).
    Removing tft.o(i.TFT_buzzer_off), (36 bytes).
    Removing tft.o(i.TFT_buzzer_on), (38 bytes).
    Removing tft.o(i.TFT_carriage_return), (10 bytes).
    Removing tft.o(i.TFT_cursor_off), (36 bytes).
    Removing tft.o(i.TFT_cursor_on), (36 bytes).
    Removing tft.o(i.TFT_draw_line), (146 bytes).
    Removing tft.o(i.TFT_draw_rectangle), (146 bytes).
    Removing tft.o(i.TFT_get_data), (396 bytes).
    Removing tft.o(i.TFT_gotoxy), (46 bytes).
    Removing tft.o(i.TFT_graphic_cls), (30 bytes).
    Removing tft.o(i.TFT_graphic_puts), (166 bytes).
    Removing tft.o(i.TFT_graphic_puts_area), (202 bytes).
    Removing tft.o(i.TFT_graphic_set_point), (98 bytes).
    Removing tft.o(i.TFT_line_color), (46 bytes).
    Removing tft.o(i.TFT_newline), (10 bytes).
    Removing tft.o(i.TFT_puts), (20 bytes).
    Removing tft.o(i.TFT_release), (2 bytes).
    Removing tft.o(i.TFT_set_brightness), (38 bytes).
    Removing tft.o(i.TFT_set_font), (38 bytes).
    Removing tft.o(i.TFT_set_font_color), (44 bytes).
    Removing tft.o(i.TFT_set_graphic_color), (44 bytes).
    Removing tft.o(i.TFT_set_graphic_text_color), (44 bytes).
    Removing tft.o(i.TFT_set_graphic_text_font), (38 bytes).
    Removing tft.o(i.TFT_set_pixel_color), (44 bytes).
    Removing tft.o(i.TFT_set_window), (78 bytes).
    Removing tft.o(i.TFT_terminal_off), (30 bytes).
    Removing tft.o(i.TFT_touch_area), (176 bytes).
    Removing tft.o(i.TFT_touch_area_clear), (42 bytes).
    Removing tft.o(i.TFT_touch_area_color), (86 bytes).
    Removing tft.o(i.TFT_touch_area_font), (38 bytes).
    Removing tft.o(i.TFT_touch_area_font_color), (46 bytes).
    Removing tft.o(i.TFT_touch_area_frame), (46 bytes).

210 unused section(s) (total 8260 bytes) removed from the image.

==============================================================================

Memory Map of the image

  Image Entry point : 0x00000000

  Load Region LR_IROM1 (Base: 0x08000000, Size: 0x00000e34, Max: 0x00100000, ABSOLUTE)

    Execution Region ER_IROM1 (Base: 0x08000000, Size: 0x00000e20, Max: 0x00100000, ABSOLUTE)

    Base Addr    Size         Type   Attr      Idx    E Section Name        Object

    0x08000000   0x00000188   Data   RO          923    RESET               startup_stm32f40_41xxx.o
    0x08000188   0x00000000   Code   RO         1638  * .ARM.Collect$$$$00000000  mc_w.l(entry.o)
    0x08000188   0x00000004   Code   RO         1643    .ARM.Collect$$$$00000001  mc_w.l(entry2.o)
    0x0800018c   0x00000004   Code   RO         1646    .ARM.Collect$$$$00000004  mc_w.l(entry5.o)
    0x08000190   0x00000000   Code   RO         1648    .ARM.Collect$$$$00000008  mc_w.l(entry7b.o)
    0x08000190   0x00000000   Code   RO         1650    .ARM.Collect$$$$0000000A  mc_w.l(entry8b.o)
    0x08000190   0x00000008   Code   RO         1651    .ARM.Collect$$$$0000000B  mc_w.l(entry9a.o)
    0x08000198   0x00000000   Code   RO         1653    .ARM.Collect$$$$0000000D  mc_w.l(entry10a.o)
    0x08000198   0x00000000   Code   RO         1655    .ARM.Collect$$$$0000000F  mc_w.l(entry11a.o)
    0x08000198   0x00000004   Code   RO         1644    .ARM.Collect$$$$00002712  mc_w.l(entry2.o)
    0x0800019c   0x00000024   Code   RO          924    .text               startup_stm32f40_41xxx.o
    0x080001c0   0x00000024   Code   RO         1657    .text               mc_w.l(init.o)
    0x080001e4   0x00000090   Code   RO          307    i.GPIO_Init         stm32f4xx_gpio.o
    0x08000274   0x00000046   Code   RO          308    i.GPIO_PinAFConfig  stm32f4xx_gpio.o
    0x080002ba   0x0000002a   Code   RO          984    i.I2C_CheckEvent    stm32f4xx_i2c.o
    0x080002e4   0x00000018   Code   RO          987    i.I2C_Cmd           stm32f4xx_i2c.o
    0x080002fc   0x00000018   Code   RO          995    i.I2C_GenerateSTART  stm32f4xx_i2c.o
    0x08000314   0x00000018   Code   RO          996    i.I2C_GenerateSTOP  stm32f4xx_i2c.o
    0x0800032c   0x000000e8   Code   RO         1002    i.I2C_Init          stm32f4xx_i2c.o
    0x08000414   0x00000008   Code   RO         1007    i.I2C_ReceiveData   stm32f4xx_i2c.o
    0x0800041c   0x00000010   Code   RO         1009    i.I2C_Send7bitAddress  stm32f4xx_i2c.o
    0x0800042c   0x00000004   Code   RO         1010    i.I2C_SendData      stm32f4xx_i2c.o
    0x08000430   0x00000078   Code   RO          262    i.NVIC_Init         misc.o
    0x080004a8   0x00000014   Code   RO          263    i.NVIC_PriorityGroupConfig  misc.o
    0x080004bc   0x00000020   Code   RO          404    i.RCC_AHB1PeriphClockCmd  stm32f4xx_rcc.o
    0x080004dc   0x00000020   Code   RO          413    i.RCC_APB1PeriphClockCmd  stm32f4xx_rcc.o
    0x080004fc   0x00000020   Code   RO          415    i.RCC_APB1PeriphResetCmd  stm32f4xx_rcc.o
    0x0800051c   0x00000020   Code   RO          416    i.RCC_APB2PeriphClockCmd  stm32f4xx_rcc.o
    0x0800053c   0x000000e8   Code   RO          425    i.RCC_GetClocksFreq  stm32f4xx_rcc.o
    0x08000624   0x000000ec   Code   RO          930    i.SetSysClock       system_stm32f4xx.o
    0x08000710   0x00000068   Code   RO          932    i.SystemInit        system_stm32f4xx.o
    0x08000778   0x000000c4   Code   RO         1364    i.TFT_Init          tft.o
    0x0800083c   0x0000000a   Code   RO         1373    i.TFT_cls           tft.o
    0x08000846   0x0000001e   Code   RO         1386    i.TFT_putc          tft.o
    0x08000864   0x00000134   Code   RO         1389    i.TFT_send_data     tft.o
    0x08000998   0x0000001e   Code   RO         1399    i.TFT_terminal_on   tft.o
    0x080009b6   0x00000002   PAD
    0x080009b8   0x000000a4   Code   RO         1268    i.USART6_IRQHandler  usart.o
    0x08000a5c   0x00000024   Code   RO         1269    i.USART_Buffer_Init  usart.o
    0x08000a80   0x00000018   Code   RO          736    i.USART_Cmd         stm32f4xx_usart.o
    0x08000a98   0x000000d0   Code   RO         1270    i.USART_Device_Init  usart.o
    0x08000b68   0x000000d4   Code   RO          743    i.USART_Init        stm32f4xx_usart.o
    0x08000c3c   0x00000016   Code   RO          749    i.USART_OverSampling8Cmd  stm32f4xx_usart.o
    0x08000c52   0x00000002   PAD
    0x08000c54   0x00000094   Code   RO          232    i.gpio_setup        gpio.o
    0x08000ce8   0x00000014   Code   RO         1209    i.initCEP_Board     ce_lib.o
    0x08000cfc   0x000000d4   Code   RO         1210    i.initIO            ce_lib.o
    0x08000dd0   0x00000010   Code   RO            3    i.main              main.o
    0x08000de0   0x00000030   Code   RO          104    i.spi_setup         spi.o
    0x08000e10   0x00000010   Code   RO         1406    i.tft_delay         tft.o
    0x08000e20   0x00000000   Data   RO         1659    Region$$Table       anon$$obj.o


    Execution Region RW_IRAM1 (Base: 0x20000000, Size: 0x00000830, Max: 0x00020000, ABSOLUTE)

    Base Addr    Size         Type   Attr      Idx    E Section Name        Object

    0x20000000   0x00000010   Data   RW          456    .data               stm32f4xx_rcc.o
    0x20000010   0x00000004   Data   RW         1274    .data               usart.o
    0x20000014   0x00000210   Zero   RW         1273    .bss                usart.o
    0x20000224   0x00000209   Zero   RW         1407    .bss                tft.o
    0x2000042d   0x00000003   PAD
    0x20000430   0x00000400   Zero   RW          921    STACK               startup_stm32f40_41xxx.o

