ARM Linker, 5.03 [Build 76] [MDK-ARM Professional]

==============================================================================

Section Cross References

    main.o(i.main) refers to labor5.o(i.labor5) for labor5
    spi_mem.o(i.spi_mem_ReadByte) refers to spi.o(i.spi_writeByte) for spi_writeByte
    spi_mem.o(i.spi_mem_ReadByte) refers to spi.o(i.spi_readByte) for spi_readByte
    spi_mem.o(i.spi_mem_ReadManufacturerID) refers to spi.o(i.spi_writeByte) for spi_writeByte
    spi_mem.o(i.spi_mem_ReadManufacturerID) refers to spi.o(i.spi_readByte) for spi_readByte
    stm32f4xx_gpio.o(i.GPIO_DeInit) refers to stm32f4xx_rcc.o(i.RCC_AHB1PeriphResetCmd) for RCC_AHB1PeriphResetCmd
    stm32f4xx_rcc.o(i.RCC_GetClocksFreq) refers to stm32f4xx_rcc.o(.data) for APBAHBPrescTable
    stm32f4xx_rcc.o(i.RCC_WaitForHSEStartUp) refers to stm32f4xx_rcc.o(i.RCC_GetFlagStatus) for RCC_GetFlagStatus
    stm32f4xx_usart.o(i.USART_DeInit) refers to stm32f4xx_rcc.o(i.RCC_APB2PeriphResetCmd) for RCC_APB2PeriphResetCmd
    stm32f4xx_usart.o(i.USART_DeInit) refers to stm32f4xx_rcc.o(i.RCC_APB1PeriphResetCmd) for RCC_APB1PeriphResetCmd
    stm32f4xx_usart.o(i.USART_Init) refers to stm32f4xx_rcc.o(i.RCC_GetClocksFreq) for RCC_GetClocksFreq
    startup_stm32f40_41xxx.o(RESET) refers to startup_stm32f40_41xxx.o(STACK) for __initial_sp
    startup_stm32f40_41xxx.o(RESET) refers to startup_stm32f40_41xxx.o(.text) for Reset_Handler
    startup_stm32f40_41xxx.o(RESET) refers to usart.o(i.USART6_IRQHandler) for USART6_IRQHandler
    startup_stm32f40_41xxx.o(.text) refers to system_stm32f4xx.o(i.SystemInit) for SystemInit
    startup_stm32f40_41xxx.o(.text) refers to entry.o(.ARM.Collect$$$$00000000) for __main
    system_stm32f4xx.o(i.SystemCoreClockUpdate) refers to system_stm32f4xx.o(.data) for SystemCoreClock
    system_stm32f4xx.o(i.SystemInit) refers to system_stm32f4xx.o(i.SetSysClock) for SetSysClock
    stm32f4xx_i2c.o(i.I2C_DeInit) refers to stm32f4xx_rcc.o(i.RCC_APB1PeriphResetCmd) for RCC_APB1PeriphResetCmd
    stm32f4xx_i2c.o(i.I2C_Init) refers to stm32f4xx_rcc.o(i.RCC_GetClocksFreq) for RCC_GetClocksFreq
    ce_lib.o(i.Delay) refers to ce_lib.o(.data) for TimingDelay
    ce_lib.o(i.TimingDelay_Decrement) refers to ce_lib.o(.data) for TimingDelay
    ce_lib.o(i.initCEP_Board) refers to ce_lib.o(i.initIO) for initIO
    ce_lib.o(i.initCEP_Board) refers to usart.o(i.USART_Buffer_Init) for USART_Buffer_Init
    ce_lib.o(i.initCEP_Board) refers to usart.o(i.USART_Device_Init) for USART_Device_Init
    ce_lib.o(i.initCEP_Board) refers to tft.o(i.TFT_Init) for TFT_Init
    ce_lib.o(i.initIO) refers to stm32f4xx_rcc.o(i.RCC_AHB1PeriphClockCmd) for RCC_AHB1PeriphClockCmd
    ce_lib.o(i.initIO) refers to stm32f4xx_gpio.o(i.GPIO_Init) for GPIO_Init
    ce_lib.o(i.resetLED) refers to stm32f4xx_gpio.o(i.GPIO_ResetBits) for GPIO_ResetBits
    ce_lib.o(i.setLED) refers to stm32f4xx_gpio.o(i.GPIO_SetBits) for GPIO_SetBits
    usart.o(i.USART6_IRQHandler) refers to usart.o(.bss) for rbuf
    usart.o(i.USART6_IRQHandler) refers to usart.o(.data) for tx_restart
    usart.o(i.USART_Buffer_Init) refers to usart.o(.bss) for tbuf
    usart.o(i.USART_Buffer_Init) refers to usart.o(.data) for tx_restart
    usart.o(i.USART_Device_Init) refers to stm32f4xx_rcc.o(i.RCC_AHB1PeriphClockCmd) for RCC_AHB1PeriphClockCmd
    usart.o(i.USART_Device_Init) refers to stm32f4xx_rcc.o(i.RCC_APB2PeriphClockCmd) for RCC_APB2PeriphClockCmd
    usart.o(i.USART_Device_Init) refers to stm32f4xx_gpio.o(i.GPIO_PinAFConfig) for GPIO_PinAFConfig
    usart.o(i.USART_Device_Init) refers to stm32f4xx_gpio.o(i.GPIO_Init) for GPIO_Init
    usart.o(i.USART_Device_Init) refers to stm32f4xx_usart.o(i.USART_OverSampling8Cmd) for USART_OverSampling8Cmd
    usart.o(i.USART_Device_Init) refers to stm32f4xx_usart.o(i.USART_Init) for USART_Init
    usart.o(i.USART_Device_Init) refers to misc.o(i.NVIC_PriorityGroupConfig) for NVIC_PriorityGroupConfig
    usart.o(i.USART_Device_Init) refers to misc.o(i.NVIC_Init) for NVIC_Init
    usart.o(i.USART_Device_Init) refers to stm32f4xx_usart.o(i.USART_Cmd) for USART_Cmd
    usart.o(i.USART_GetKey) refers to usart.o(.bss) for rbuf
    usart.o(i.USART_SendChar) refers to usart.o(.bss) for tbuf
    usart.o(i.USART_SendChar) refers to usart.o(.data) for tx_restart
    retarget.o(i._ttywrch) refers to usart.o(i.USART_SendChar) for USART_SendChar
    retarget.o(i.fgetc) refers to usart.o(i.USART_GetKey) for USART_GetKey
    retarget.o(i.fgetc) refers to retarget.o(i.fputc) for fputc
    retarget.o(i.fgetc) refers to retarget.o(.data) for __stdout
    retarget.o(i.fputc) refers to usart.o(i.USART_SendChar) for USART_SendChar
    tft.o(i.TFT_Init) refers to stm32f4xx_rcc.o(i.RCC_APB1PeriphClockCmd) for RCC_APB1PeriphClockCmd
    tft.o(i.TFT_Init) refers to stm32f4xx_rcc.o(i.RCC_AHB1PeriphClockCmd) for RCC_AHB1PeriphClockCmd
    tft.o(i.TFT_Init) refers to stm32f4xx_rcc.o(i.RCC_APB1PeriphResetCmd) for RCC_APB1PeriphResetCmd
    tft.o(i.TFT_Init) refers to stm32f4xx_gpio.o(i.GPIO_PinAFConfig) for GPIO_PinAFConfig
    tft.o(i.TFT_Init) refers to stm32f4xx_gpio.o(i.GPIO_Init) for GPIO_Init
    tft.o(i.TFT_Init) refers to stm32f4xx_i2c.o(i.I2C_Init) for I2C_Init
    tft.o(i.TFT_Init) refers to stm32f4xx_i2c.o(i.I2C_Cmd) for I2C_Cmd
    tft.o(i.TFT_Init) refers to tft.o(i.TFT_terminal_on) for TFT_terminal_on
    tft.o(i.TFT_Init) refers to tft.o(i.TFT_cls) for TFT_cls
    tft.o(i.TFT_bargraph_color) refers to tft.o(i.TFT_send_data) for TFT_send_data
    tft.o(i.TFT_bargraph_define) refers to tft.o(i.TFT_send_data) for TFT_send_data
    tft.o(i.TFT_bargraph_fill_pattern) refers to tft.o(i.TFT_send_data) for TFT_send_data
    tft.o(i.TFT_bargraph_frame) refers to tft.o(i.TFT_send_data) for TFT_send_data
    tft.o(i.TFT_bargraph_value) refers to tft.o(i.TFT_send_data) for TFT_send_data
    tft.o(i.TFT_buzzer_off) refers to tft.o(i.TFT_send_data) for TFT_send_data
    tft.o(i.TFT_buzzer_on) refers to tft.o(i.TFT_send_data) for TFT_send_data
    tft.o(i.TFT_carriage_return) refers to tft.o(i.TFT_putc) for TFT_putc
    tft.o(i.TFT_cls) refers to tft.o(i.TFT_putc) for TFT_putc
    tft.o(i.TFT_cursor_off) refers to tft.o(i.TFT_send_data) for TFT_send_data
    tft.o(i.TFT_cursor_on) refers to tft.o(i.TFT_send_data) for TFT_send_data
    tft.o(i.TFT_draw_line) refers to tft.o(i.TFT_send_data) for TFT_send_data
    tft.o(i.TFT_draw_rectangle) refers to tft.o(i.TFT_send_data) for TFT_send_data
    tft.o(i.TFT_get_data) refers to stm32f4xx_i2c.o(i.I2C_GenerateSTART) for I2C_GenerateSTART
    tft.o(i.TFT_get_data) refers to stm32f4xx_i2c.o(i.I2C_CheckEvent) for I2C_CheckEvent
    tft.o(i.TFT_get_data) refers to stm32f4xx_i2c.o(i.I2C_Send7bitAddress) for I2C_Send7bitAddress
    tft.o(i.TFT_get_data) refers to stm32f4xx_i2c.o(i.I2C_SendData) for I2C_SendData
    tft.o(i.TFT_get_data) refers to stm32f4xx_i2c.o(i.I2C_GenerateSTOP) for I2C_GenerateSTOP
    tft.o(i.TFT_get_data) refers to tft.o(i.tft_delay) for tft_delay
    tft.o(i.TFT_get_data) refers to stm32f4xx_i2c.o(i.I2C_ReceiveData) for I2C_ReceiveData
    tft.o(i.TFT_gotoxy) refers to tft.o(i.TFT_send_data) for TFT_send_data
    tft.o(i.TFT_graphic_cls) refers to tft.o(i.TFT_send_data) for TFT_send_data
    tft.o(i.TFT_graphic_puts) refers to tft.o(i.TFT_send_data) for TFT_send_data
    tft.o(i.TFT_graphic_puts_area) refers to tft.o(i.TFT_send_data) for TFT_send_data
    tft.o(i.TFT_graphic_set_point) refers to tft.o(i.TFT_send_data) for TFT_send_data
    tft.o(i.TFT_line_color) refers to tft.o(i.TFT_send_data) for TFT_send_data
    tft.o(i.TFT_newline) refers to tft.o(i.TFT_putc) for TFT_putc
    tft.o(i.TFT_putc) refers to tft.o(i.TFT_send_data) for TFT_send_data
    tft.o(i.TFT_puts) refers to strlen.o(.text) for strlen
    tft.o(i.TFT_puts) refers to tft.o(i.TFT_send_data) for TFT_send_data
    tft.o(i.TFT_send_data) refers to stm32f4xx_i2c.o(i.I2C_GenerateSTART) for I2C_GenerateSTART
    tft.o(i.TFT_send_data) refers to stm32f4xx_i2c.o(i.I2C_CheckEvent) for I2C_CheckEvent
    tft.o(i.TFT_send_data) refers to stm32f4xx_i2c.o(i.I2C_Send7bitAddress) for I2C_Send7bitAddress
    tft.o(i.TFT_send_data) refers to stm32f4xx_i2c.o(i.I2C_SendData) for I2C_SendData
    tft.o(i.TFT_send_data) refers to stm32f4xx_i2c.o(i.I2C_GenerateSTOP) for I2C_GenerateSTOP
    tft.o(i.TFT_send_data) refers to tft.o(i.tft_delay) for tft_delay
    tft.o(i.TFT_send_data) refers to stm32f4xx_i2c.o(i.I2C_ReceiveData) for I2C_ReceiveData
    tft.o(i.TFT_send_data) refers to tft.o(.bss) for TFT_send_buffer
    tft.o(i.TFT_set_brightness) refers to tft.o(i.TFT_send_data) for TFT_send_data
    tft.o(i.TFT_set_font) refers to tft.o(i.TFT_send_data) for TFT_send_data
    tft.o(i.TFT_set_font_color) refers to tft.o(i.TFT_send_data) for TFT_send_data
    tft.o(i.TFT_set_graphic_color) refers to tft.o(i.TFT_send_data) for TFT_send_data
    tft.o(i.TFT_set_graphic_text_color) refers to tft.o(i.TFT_send_data) for TFT_send_data
    tft.o(i.TFT_set_graphic_text_font) refers to tft.o(i.TFT_send_data) for TFT_send_data
    tft.o(i.TFT_set_pixel_color) refers to tft.o(i.TFT_send_data) for TFT_send_data
    tft.o(i.TFT_set_window) refers to tft.o(i.TFT_send_data) for TFT_send_data
    tft.o(i.TFT_terminal_off) refers to tft.o(i.TFT_send_data) for TFT_send_data
    tft.o(i.TFT_terminal_on) refers to tft.o(i.TFT_send_data) for TFT_send_data
    tft.o(i.TFT_touch_area) refers to tft.o(i.TFT_send_data) for TFT_send_data
    tft.o(i.TFT_touch_area) refers to tft.o(.bss) for cmd
    tft.o(i.TFT_touch_area_clear) refers to tft.o(i.TFT_send_data) for TFT_send_data
    tft.o(i.TFT_touch_area_color) refers to tft.o(i.TFT_send_data) for TFT_send_data
    tft.o(i.TFT_touch_area_font) refers to tft.o(i.TFT_send_data) for TFT_send_data
    tft.o(i.TFT_touch_area_font_color) refers to tft.o(i.TFT_send_data) for TFT_send_data
    tft.o(i.TFT_touch_area_frame) refers to tft.o(i.TFT_send_data) for TFT_send_data
    entry.o(.ARM.Collect$$$$00000000) refers (Special) to entry10a.o(.ARM.Collect$$$$0000000D) for __rt_final_cpp
    entry.o(.ARM.Collect$$$$00000000) refers (Special) to entry11a.o(.ARM.Collect$$$$0000000F) for __rt_final_exit
    entry.o(.ARM.Collect$$$$00000000) refers (Special) to entry7b.o(.ARM.Collect$$$$00000008) for _main_clock
    entry.o(.ARM.Collect$$$$00000000) refers (Special) to entry8b.o(.ARM.Collect$$$$0000000A) for _main_cpp_init
    entry.o(.ARM.Collect$$$$00000000) refers (Special) to entry9a.o(.ARM.Collect$$$$0000000B) for _main_init
    entry.o(.ARM.Collect$$$$00000000) refers (Special) to entry5.o(.ARM.Collect$$$$00000004) for _main_scatterload
    entry.o(.ARM.Collect$$$$00000000) refers (Special) to entry2.o(.ARM.Collect$$$$00000001) for _main_stk
    entry2.o(.ARM.Collect$$$$00000001) refers to entry2.o(.ARM.Collect$$$$00002712) for __lit__00000000
    entry2.o(.ARM.Collect$$$$00002712) refers to startup_stm32f40_41xxx.o(STACK) for __initial_sp
    entry2.o(__vectab_stack_and_reset_area) refers to startup_stm32f40_41xxx.o(STACK) for __initial_sp
    entry2.o(__vectab_stack_and_reset_area) refers to entry.o(.ARM.Collect$$$$00000000) for __main
    entry5.o(.ARM.Collect$$$$00000004) refers to init.o(.text) for __scatterload
    entry9a.o(.ARM.Collect$$$$0000000B) refers to main.o(i.main) for main
    entry9b.o(.ARM.Collect$$$$0000000C) refers to main.o(i.main) for main
    init.o(.text) refers to entry5.o(.ARM.Collect$$$$00000004) for __main_after_scatterload


==============================================================================

Removing Unused input sections from the image.

    Removing labor5.o(.rev16_text), (4 bytes).
    Removing labor5.o(.revsh_text), (4 bytes).
    Removing spi.o(.rev16_text), (4 bytes).
    Removing spi.o(.revsh_text), (4 bytes).
    Removing spi.o(i.spi_readByte), (88 bytes).
    Removing spi.o(i.spi_setup), (20 bytes).
    Removing spi.o(i.spi_writeByte), (76 bytes).
    Removing spi_mem.o(.rev16_text), (4 bytes).
    Removing spi_mem.o(.revsh_text), (4 bytes).
    Removing spi_mem.o(i.spi_mem_ReadByte), (48 bytes).
    Removing spi_mem.o(i.spi_mem_ReadManufacturerID), (46 bytes).
    Removing core_cm3.o(.emb_text), (32 bytes).
    Removing misc.o(.rev16_text), (4 bytes).
    Removing misc.o(.revsh_text), (4 bytes).
    Removing misc.o(i.NVIC_Init), (120 bytes).
    Removing misc.o(i.NVIC_PriorityGroupConfig), (20 bytes).
    Removing misc.o(i.NVIC_SetVectorTable), (20 bytes).
    Removing misc.o(i.NVIC_SystemLPConfig), (32 bytes).
    Removing misc.o(i.SysTick_CLKSourceConfig), (40 bytes).
    Removing stm32f4xx_gpio.o(.rev16_text), (4 bytes).
    Removing stm32f4xx_gpio.o(.revsh_text), (4 bytes).
    Removing stm32f4xx_gpio.o(i.GPIO_DeInit), (312 bytes).
    Removing stm32f4xx_gpio.o(i.GPIO_Init), (144 bytes).
    Removing stm32f4xx_gpio.o(i.GPIO_PinAFConfig), (70 bytes).
    Removing stm32f4xx_gpio.o(i.GPIO_PinLockConfig), (34 bytes).
    Removing stm32f4xx_gpio.o(i.GPIO_ReadInputData), (8 bytes).
    Removing stm32f4xx_gpio.o(i.GPIO_ReadInputDataBit), (18 bytes).
    Removing stm32f4xx_gpio.o(i.GPIO_ReadOutputData), (8 bytes).
    Removing stm32f4xx_gpio.o(i.GPIO_ReadOutputDataBit), (18 bytes).
    Removing stm32f4xx_gpio.o(i.GPIO_ResetBits), (4 bytes).
    Removing stm32f4xx_gpio.o(i.GPIO_SetBits), (4 bytes).
    Removing stm32f4xx_gpio.o(i.GPIO_StructInit), (18 bytes).
    Removing stm32f4xx_gpio.o(i.GPIO_ToggleBits), (8 bytes).
    Removing stm32f4xx_gpio.o(i.GPIO_Write), (4 bytes).
    Removing stm32f4xx_gpio.o(i.GPIO_WriteBit), (10 bytes).
    Removing stm32f4xx_rcc.o(.rev16_text), (4 bytes).
    Removing stm32f4xx_rcc.o(.revsh_text), (4 bytes).
    Removing stm32f4xx_rcc.o(i.RCC_AHB1PeriphClockCmd), (32 bytes).
    Removing stm32f4xx_rcc.o(i.RCC_AHB1PeriphClockLPModeCmd), (32 bytes).
    Removing stm32f4xx_rcc.o(i.RCC_AHB1PeriphResetCmd), (32 bytes).
    Removing stm32f4xx_rcc.o(i.RCC_AHB2PeriphClockCmd), (32 bytes).
    Removing stm32f4xx_rcc.o(i.RCC_AHB2PeriphClockLPModeCmd), (32 bytes).
    Removing stm32f4xx_rcc.o(i.RCC_AHB2PeriphResetCmd), (32 bytes).
    Removing stm32f4xx_rcc.o(i.RCC_AHB3PeriphClockCmd), (32 bytes).
    Removing stm32f4xx_rcc.o(i.RCC_AHB3PeriphClockLPModeCmd), (32 bytes).
    Removing stm32f4xx_rcc.o(i.RCC_AHB3PeriphResetCmd), (32 bytes).
    Removing stm32f4xx_rcc.o(i.RCC_APB1PeriphClockCmd), (32 bytes).
    Removing stm32f4xx_rcc.o(i.RCC_APB1PeriphClockLPModeCmd), (32 bytes).
    Removing stm32f4xx_rcc.o(i.RCC_APB1PeriphResetCmd), (32 bytes).
    Removing stm32f4xx_rcc.o(i.RCC_APB2PeriphClockCmd), (32 bytes).
    Removing stm32f4xx_rcc.o(i.RCC_APB2PeriphClockLPModeCmd), (32 bytes).
    Removing stm32f4xx_rcc.o(i.RCC_APB2PeriphResetCmd), (32 bytes).
    Removing stm32f4xx_rcc.o(i.RCC_AdjustHSICalibrationValue), (24 bytes).
    Removing stm32f4xx_rcc.o(i.RCC_BackupResetCmd), (12 bytes).
    Removing stm32f4xx_rcc.o(i.RCC_ClearFlag), (20 bytes).
    Removing stm32f4xx_rcc.o(i.RCC_ClearITPendingBit), (12 bytes).
    Removing stm32f4xx_rcc.o(i.RCC_ClockSecuritySystemCmd), (12 bytes).
    Removing stm32f4xx_rcc.o(i.RCC_DeInit), (100 bytes).
    Removing stm32f4xx_rcc.o(i.RCC_GetClocksFreq), (232 bytes).
    Removing stm32f4xx_rcc.o(i.RCC_GetFlagStatus), (64 bytes).
    Removing stm32f4xx_rcc.o(i.RCC_GetITStatus), (24 bytes).
    Removing stm32f4xx_rcc.o(i.RCC_GetSYSCLKSource), (16 bytes).
    Removing stm32f4xx_rcc.o(i.RCC_HCLKConfig), (24 bytes).
    Removing stm32f4xx_rcc.o(i.RCC_HSEConfig), (16 bytes).
    Removing stm32f4xx_rcc.o(i.RCC_HSICmd), (12 bytes).
    Removing stm32f4xx_rcc.o(i.RCC_I2SCLKConfig), (12 bytes).
    Removing stm32f4xx_rcc.o(i.RCC_ITConfig), (32 bytes).
    Removing stm32f4xx_rcc.o(i.RCC_LSEConfig), (44 bytes).
    Removing stm32f4xx_rcc.o(i.RCC_LSICmd), (12 bytes).
    Removing stm32f4xx_rcc.o(i.RCC_LTDCCLKDivConfig), (24 bytes).
    Removing stm32f4xx_rcc.o(i.RCC_MCO1Config), (28 bytes).
    Removing stm32f4xx_rcc.o(i.RCC_MCO2Config), (28 bytes).
    Removing stm32f4xx_rcc.o(i.RCC_PCLK1Config), (24 bytes).
    Removing stm32f4xx_rcc.o(i.RCC_PCLK2Config), (24 bytes).
    Removing stm32f4xx_rcc.o(i.RCC_PLLCmd), (12 bytes).
    Removing stm32f4xx_rcc.o(i.RCC_PLLConfig), (36 bytes).
    Removing stm32f4xx_rcc.o(i.RCC_PLLI2SCmd), (12 bytes).
    Removing stm32f4xx_rcc.o(i.RCC_PLLI2SConfig), (16 bytes).
    Removing stm32f4xx_rcc.o(i.RCC_PLLSAICmd), (12 bytes).
    Removing stm32f4xx_rcc.o(i.RCC_PLLSAIConfig), (24 bytes).
    Removing stm32f4xx_rcc.o(i.RCC_RTCCLKCmd), (12 bytes).
    Removing stm32f4xx_rcc.o(i.RCC_RTCCLKConfig), (60 bytes).
    Removing stm32f4xx_rcc.o(i.RCC_SAIBlockACLKConfig), (24 bytes).
    Removing stm32f4xx_rcc.o(i.RCC_SAIBlockBCLKConfig), (24 bytes).
    Removing stm32f4xx_rcc.o(i.RCC_SAIPLLI2SClkDivConfig), (28 bytes).
    Removing stm32f4xx_rcc.o(i.RCC_SAIPLLSAIClkDivConfig), (28 bytes).
    Removing stm32f4xx_rcc.o(i.RCC_SYSCLKConfig), (24 bytes).
    Removing stm32f4xx_rcc.o(i.RCC_TIMCLKPresConfig), (12 bytes).
    Removing stm32f4xx_rcc.o(i.RCC_WaitForHSEStartUp), (56 bytes).
    Removing stm32f4xx_rcc.o(.data), (16 bytes).
    Removing stm32f4xx_usart.o(.rev16_text), (4 bytes).
    Removing stm32f4xx_usart.o(.revsh_text), (4 bytes).
    Removing stm32f4xx_usart.o(i.USART_ClearFlag), (18 bytes).
    Removing stm32f4xx_usart.o(i.USART_ClearITPendingBit), (30 bytes).
    Removing stm32f4xx_usart.o(i.USART_ClockInit), (32 bytes).
    Removing stm32f4xx_usart.o(i.USART_ClockStructInit), (12 bytes).
    Removing stm32f4xx_usart.o(i.USART_Cmd), (24 bytes).
    Removing stm32f4xx_usart.o(i.USART_DMACmd), (18 bytes).
    Removing stm32f4xx_usart.o(i.USART_DeInit), (240 bytes).
    Removing stm32f4xx_usart.o(i.USART_GetFlagStatus), (26 bytes).
    Removing stm32f4xx_usart.o(i.USART_GetITStatus), (84 bytes).
    Removing stm32f4xx_usart.o(i.USART_HalfDuplexCmd), (24 bytes).
    Removing stm32f4xx_usart.o(i.USART_ITConfig), (74 bytes).
    Removing stm32f4xx_usart.o(i.USART_Init), (212 bytes).
    Removing stm32f4xx_usart.o(i.USART_IrDACmd), (24 bytes).
    Removing stm32f4xx_usart.o(i.USART_IrDAConfig), (18 bytes).
    Removing stm32f4xx_usart.o(i.USART_LINBreakDetectLengthConfig), (18 bytes).
    Removing stm32f4xx_usart.o(i.USART_LINCmd), (24 bytes).
    Removing stm32f4xx_usart.o(i.USART_OneBitMethodCmd), (24 bytes).
    Removing stm32f4xx_usart.o(i.USART_OverSampling8Cmd), (22 bytes).
    Removing stm32f4xx_usart.o(i.USART_ReceiveData), (10 bytes).
    Removing stm32f4xx_usart.o(i.USART_ReceiverWakeUpCmd), (24 bytes).
    Removing stm32f4xx_usart.o(i.USART_SendBreak), (10 bytes).
    Removing stm32f4xx_usart.o(i.USART_SendData), (8 bytes).
    Removing stm32f4xx_usart.o(i.USART_SetAddress), (18 bytes).
    Removing stm32f4xx_usart.o(i.USART_SetGuardTime), (16 bytes).
    Removing stm32f4xx_usart.o(i.USART_SetPrescaler), (16 bytes).
    Removing stm32f4xx_usart.o(i.USART_SmartCardCmd), (24 bytes).
    Removing stm32f4xx_usart.o(i.USART_SmartCardNACKCmd), (24 bytes).
    Removing stm32f4xx_usart.o(i.USART_StructInit), (24 bytes).
    Removing stm32f4xx_usart.o(i.USART_WakeUpConfig), (18 bytes).
    Removing startup_stm32f40_41xxx.o(HEAP), (512 bytes).
    Removing system_stm32f4xx.o(.rev16_text), (4 bytes).
    Removing system_stm32f4xx.o(.revsh_text), (4 bytes).
    Removing system_stm32f4xx.o(i.SystemCoreClockUpdate), (192 bytes).
    Removing system_stm32f4xx.o(.data), (20 bytes).
    Removing stm32f4xx_i2c.o(.rev16_text), (4 bytes).
    Removing stm32f4xx_i2c.o(.revsh_text), (4 bytes).
    Removing stm32f4xx_i2c.o(i.I2C_ARPCmd), (24 bytes).
    Removing stm32f4xx_i2c.o(i.I2C_AcknowledgeConfig), (24 bytes).
    Removing stm32f4xx_i2c.o(i.I2C_AnalogFilterCmd), (24 bytes).
    Removing stm32f4xx_i2c.o(i.I2C_CalculatePEC), (24 bytes).
    Removing stm32f4xx_i2c.o(i.I2C_CheckEvent), (42 bytes).
    Removing stm32f4xx_i2c.o(i.I2C_ClearFlag), (12 bytes).
    Removing stm32f4xx_i2c.o(i.I2C_ClearITPendingBit), (12 bytes).
    Removing stm32f4xx_i2c.o(i.I2C_Cmd), (24 bytes).
    Removing stm32f4xx_i2c.o(i.I2C_DMACmd), (24 bytes).
    Removing stm32f4xx_i2c.o(i.I2C_DMALastTransferCmd), (24 bytes).
    Removing stm32f4xx_i2c.o(i.I2C_DeInit), (96 bytes).
    Removing stm32f4xx_i2c.o(i.I2C_DigitalFilterConfig), (22 bytes).
    Removing stm32f4xx_i2c.o(i.I2C_DualAddressCmd), (24 bytes).
    Removing stm32f4xx_i2c.o(i.I2C_FastModeDutyCycleConfig), (28 bytes).
    Removing stm32f4xx_i2c.o(i.I2C_GeneralCallCmd), (24 bytes).
    Removing stm32f4xx_i2c.o(i.I2C_GenerateSTART), (24 bytes).
    Removing stm32f4xx_i2c.o(i.I2C_GenerateSTOP), (24 bytes).
    Removing stm32f4xx_i2c.o(i.I2C_GetFlagStatus), (58 bytes).
    Removing stm32f4xx_i2c.o(i.I2C_GetITStatus), (38 bytes).
    Removing stm32f4xx_i2c.o(i.I2C_GetLastEvent), (26 bytes).
    Removing stm32f4xx_i2c.o(i.I2C_GetPEC), (8 bytes).
    Removing stm32f4xx_i2c.o(i.I2C_ITConfig), (18 bytes).
    Removing stm32f4xx_i2c.o(i.I2C_Init), (232 bytes).
    Removing stm32f4xx_i2c.o(i.I2C_NACKPositionConfig), (28 bytes).
    Removing stm32f4xx_i2c.o(i.I2C_OwnAddress2Config), (22 bytes).
    Removing stm32f4xx_i2c.o(i.I2C_PECPositionConfig), (28 bytes).
    Removing stm32f4xx_i2c.o(i.I2C_ReadRegister), (22 bytes).
    Removing stm32f4xx_i2c.o(i.I2C_ReceiveData), (8 bytes).
    Removing stm32f4xx_i2c.o(i.I2C_SMBusAlertConfig), (28 bytes).
    Removing stm32f4xx_i2c.o(i.I2C_Send7bitAddress), (16 bytes).
    Removing stm32f4xx_i2c.o(i.I2C_SendData), (4 bytes).
    Removing stm32f4xx_i2c.o(i.I2C_SoftwareResetCmd), (22 bytes).
    Removing stm32f4xx_i2c.o(i.I2C_StretchClockCmd), (24 bytes).
    Removing stm32f4xx_i2c.o(i.I2C_StructInit), (30 bytes).
    Removing stm32f4xx_i2c.o(i.I2C_TransmitPEC), (24 bytes).
    Removing ce_lib.o(.rev16_text), (4 bytes).
    Removing ce_lib.o(.revsh_text), (4 bytes).
    Removing ce_lib.o(i.Delay), (24 bytes).
    Removing ce_lib.o(i.TimingDelay_Decrement), (24 bytes).
    Removing ce_lib.o(i.initCEP_Board), (20 bytes).
    Removing ce_lib.o(i.initIO), (212 bytes).
    Removing ce_lib.o(i.resetLED), (144 bytes).
    Removing ce_lib.o(i.setLED), (144 bytes).
    Removing ce_lib.o(.data), (4 bytes).
    Removing usart.o(.rev16_text), (4 bytes).
    Removing usart.o(.revsh_text), (4 bytes).
    Removing usart.o(i.USART_Buffer_Init), (36 bytes).
    Removing usart.o(i.USART_Device_Init), (208 bytes).
    Removing usart.o(i.USART_GetKey), (44 bytes).
    Removing usart.o(i.USART_SendChar), (84 bytes).
    Removing retarget.o(i._sys_exit), (4 bytes).
    Removing retarget.o(i._ttywrch), (20 bytes).
    Removing retarget.o(i.ferror), (8 bytes).
    Removing retarget.o(i.fgetc), (32 bytes).
    Removing retarget.o(i.fputc), (42 bytes).
    Removing retarget.o(.data), (8 bytes).
    Removing tft.o(.rev16_text), (4 bytes).
    Removing tft.o(.revsh_text), (4 bytes).
    Removing tft.o(i.TFT_Init), (196 bytes).
    Removing tft.o(i.TFT_bargraph_color), (54 bytes).
    Removing tft.o(i.TFT_bargraph_define), (254 bytes).
    Removing tft.o(i.TFT_bargraph_fill_pattern), (38 bytes).
    Removing tft.o(i.TFT_bargraph_frame), (38 bytes).
    Removing tft.o(i.TFT_bargraph_value), (46 bytes).
    Removing tft.o(i.TFT_buzzer_off), (36 bytes).
    Removing tft.o(i.TFT_buzzer_on), (38 bytes).
    Removing tft.o(i.TFT_carriage_return), (10 bytes).
    Removing tft.o(i.TFT_cls), (10 bytes).
    Removing tft.o(i.TFT_cursor_off), (36 bytes).
    Removing tft.o(i.TFT_cursor_on), (36 bytes).
    Removing tft.o(i.TFT_draw_line), (146 bytes).
    Removing tft.o(i.TFT_draw_rectangle), (146 bytes).
    Removing tft.o(i.TFT_get_data), (396 bytes).
    Removing tft.o(i.TFT_gotoxy), (46 bytes).
    Removing tft.o(i.TFT_graphic_cls), (30 bytes).
    Removing tft.o(i.TFT_graphic_puts), (166 bytes).
    Removing tft.o(i.TFT_graphic_puts_area), (202 bytes).
    Removing tft.o(i.TFT_graphic_set_point), (98 bytes).
    Removing tft.o(i.TFT_line_color), (46 bytes).
    Removing tft.o(i.TFT_newline), (10 bytes).
    Removing tft.o(i.TFT_putc), (30 bytes).
    Removing tft.o(i.TFT_puts), (20 bytes).
    Removing tft.o(i.TFT_release), (2 bytes).
    Removing tft.o(i.TFT_send_data), (308 bytes).
    Removing tft.o(i.TFT_set_brightness), (38 bytes).
    Removing tft.o(i.TFT_set_font), (38 bytes).
    Removing tft.o(i.TFT_set_font_color), (44 bytes).
    Removing tft.o(i.TFT_set_graphic_color), (44 bytes).
    Removing tft.o(i.TFT_set_graphic_text_color), (44 bytes).
    Removing tft.o(i.TFT_set_graphic_text_font), (38 bytes).
    Removing tft.o(i.TFT_set_pixel_color), (44 bytes).
    Removing tft.o(i.TFT_set_window), (78 bytes).
    Removing tft.o(i.TFT_terminal_off), (30 bytes).
    Removing tft.o(i.TFT_terminal_on), (30 bytes).
    Removing tft.o(i.TFT_touch_area), (176 bytes).
    Removing tft.o(i.TFT_touch_area_clear), (42 bytes).
    Removing tft.o(i.TFT_touch_area_color), (86 bytes).
    Removing tft.o(i.TFT_touch_area_font), (38 bytes).
    Removing tft.o(i.TFT_touch_area_font_color), (46 bytes).
    Removing tft.o(i.TFT_touch_area_frame), (46 bytes).
    Removing tft.o(i.tft_delay), (16 bytes).
    Removing tft.o(.bss), (521 bytes).

230 unused section(s) (total 10817 bytes) removed from the image.

==============================================================================

Image Symbol Table

    Local Symbols

    Symbol Name                              Value     Ov Type        Size  Object(Section)

    ../clib/microlib/init/entry.s            0x00000000   Number         0  entry5.o ABSOLUTE
    ../clib/microlib/init/entry.s            0x00000000   Number         0  entry9a.o ABSOLUTE
    ../clib/microlib/init/entry.s            0x00000000   Number         0  entry.o ABSOLUTE
    ../clib/microlib/init/entry.s            0x00000000   Number         0  entry11b.o ABSOLUTE
    ../clib/microlib/init/entry.s            0x00000000   Number         0  entry11a.o ABSOLUTE
    ../clib/microlib/init/entry.s            0x00000000   Number         0  entry10a.o ABSOLUTE
    ../clib/microlib/init/entry.s            0x00000000   Number         0  entry9b.o ABSOLUTE
    ../clib/microlib/init/entry.s            0x00000000   Number         0  entry8b.o ABSOLUTE
    ../clib/microlib/init/entry.s            0x00000000   Number         0  entry8a.o ABSOLUTE
    ../clib/microlib/init/entry.s            0x00000000   Number         0  entry10b.o ABSOLUTE
    ../clib/microlib/init/entry.s            0x00000000   Number         0  entry7b.o ABSOLUTE
    ../clib/microlib/init/entry.s            0x00000000   Number         0  entry7a.o ABSOLUTE
    ../clib/microlib/init/entry.s            0x00000000   Number         0  entry2.o ABSOLUTE
    ../clib/microlib/string/strlen.c         0x00000000   Number         0  strlen.o ABSOLUTE
    Libraries\CMSIS\CM3\CoreSupport\core_cm3.c 0x00000000   Number         0  core_cm3.o ABSOLUTE
    Libraries\Device\startup_stm32f40_41xxx.s 0x00000000   Number         0  startup_stm32f40_41xxx.o ABSOLUTE
    Libraries\Device\system_stm32f4xx.c      0x00000000   Number         0  system_stm32f4xx.o ABSOLUTE
    Libraries\StdPeriph_Driver\src\misc.c    0x00000000   Number         0  misc.o ABSOLUTE
    Libraries\StdPeriph_Driver\src\stm32f4xx_gpio.c 0x00000000   Number         0  stm32f4xx_gpio.o ABSOLUTE
    Libraries\StdPeriph_Driver\src\stm32f4xx_i2c.c 0x00000000   Number         0  stm32f4xx_i2c.o ABSOLUTE
    Libraries\StdPeriph_Driver\src\stm32f4xx_rcc.c 0x00000000   Number         0  stm32f4xx_rcc.o ABSOLUTE
    Libraries\StdPeriph_Driver\src\stm32f4xx_usart.c 0x00000000   Number         0  stm32f4xx_usart.o ABSOLUTE
    Libraries\TiLib\CE_Lib.c                 0x00000000   Number         0  ce_lib.o ABSOLUTE
    Libraries\TiLib\Retarget.c               0x00000000   Number         0  retarget.o ABSOLUTE
    Libraries\TiLib\Usart.c                  0x00000000   Number         0  usart.o ABSOLUTE
    Libraries\TiLib\tft.c                    0x00000000   Number         0  tft.o ABSOLUTE
    Libraries\\CMSIS\\CM3\\CoreSupport\\core_cm3.c 0x00000000   Number         0  core_cm3.o ABSOLUTE
    Libraries\\Device\\system_stm32f4xx.c    0x00000000   Number         0  system_stm32f4xx.o ABSOLUTE
    Libraries\\StdPeriph_Driver\\src\\misc.c 0x00000000   Number         0  misc.o ABSOLUTE
    Libraries\\StdPeriph_Driver\\src\\stm32f4xx_gpio.c 0x00000000   Number         0  stm32f4xx_gpio.o ABSOLUTE
    Libraries\\StdPeriph_Driver\\src\\stm32f4xx_i2c.c 0x00000000   Number         0  stm32f4xx_i2c.o ABSOLUTE
    Libraries\\StdPeriph_Driver\\src\\stm32f4xx_rcc.c 0x00000000   Number         0  stm32f4xx_rcc.o ABSOLUTE
    Libraries\\StdPeriph_Driver\\src\\stm32f4xx_usart.c 0x00000000   Number         0  stm32f4xx_usart.o ABSOLUTE
    Libraries\\TiLib\\CE_Lib.c               0x00000000   Number         0  ce_lib.o ABSOLUTE
    Libraries\\TiLib\\Usart.c                0x00000000   Number         0  usart.o ABSOLUTE
    Libraries\\TiLib\\tft.c                  0x00000000   Number         0  tft.o ABSOLUTE
    Project\\labor5.c                        0x00000000   Number         0  labor5.o ABSOLUTE
    Project\\spi.c                           0x00000000   Number         0  spi.o ABSOLUTE
    Project\\spi_mem.c                       0x00000000   Number         0  spi_mem.o ABSOLUTE
    Project\labor5.c                         0x00000000   Number         0  labor5.o ABSOLUTE
    Project\main.c                           0x00000000   Number         0  main.o ABSOLUTE
    Project\spi.c                            0x00000000   Number         0  spi.o ABSOLUTE
    Project\spi_mem.c                        0x00000000   Number         0  spi_mem.o ABSOLUTE
    dc.s                                     0x00000000   Number         0  dc.o ABSOLUTE
    handlers.s                               0x00000000   Number         0  handlers.o ABSOLUTE
    init.s                                   0x00000000   Number         0  init.o ABSOLUTE
    RESET                                    0x08000000   Section      392  startup_stm32f40_41xxx.o(RESET)
    .ARM.Collect$$$$00000000                 0x08000188   Section        0  entry.o(.ARM.Collect$$$$00000000)
    .ARM.Collect$$$$00000001                 0x08000188   Section        4  entry2.o(.ARM.Collect$$$$00000001)
    .ARM.Collect$$$$00000004                 0x0800018c   Section        4  entry5.o(.ARM.Collect$$$$00000004)
    .ARM.Collect$$$$00000008                 0x08000190   Section        0  entry7b.o(.ARM.Collect$$$$00000008)
    .ARM.Collect$$$$0000000A                 0x08000190   Section        0  entry8b.o(.ARM.Collect$$$$0000000A)
    .ARM.Collect$$$$0000000B                 0x08000190   Section        8  entry9a.o(.ARM.Collect$$$$0000000B)
    .ARM.Collect$$$$0000000D                 0x08000198   Section        0  entry10a.o(.ARM.Collect$$$$0000000D)
    .ARM.Collect$$$$0000000F                 0x08000198   Section        0  entry11a.o(.ARM.Collect$$$$0000000F)
    .ARM.Collect$$$$00002712                 0x08000198   Section        4  entry2.o(.ARM.Collect$$$$00002712)
    __lit__00000000                          0x08000198   Data           4  entry2.o(.ARM.Collect$$$$00002712)
    .text                                    0x0800019c   Section       36  startup_stm32f40_41xxx.o(.text)
    $v0                                      0x0800019c   Number         0  startup_stm32f40_41xxx.o(.text)
    .text                                    0x080001c0   Section       36  init.o(.text)
    i.SetSysClock                            0x080001e4   Section        0  system_stm32f4xx.o(i.SetSysClock)
    SetSysClock                              0x080001e5   Thumb Code   218  system_stm32f4xx.o(i.SetSysClock)
    i.SystemInit                             0x080002d0   Section        0  system_stm32f4xx.o(i.SystemInit)
    i.USART6_IRQHandler                      0x08000338   Section        0  usart.o(i.USART6_IRQHandler)
    i.__scatterload_copy                     0x080003dc   Section       14  handlers.o(i.__scatterload_copy)
    i.__scatterload_null                     0x080003ea   Section        2  handlers.o(i.__scatterload_null)
    i.__scatterload_zeroinit                 0x080003ec   Section       14  handlers.o(i.__scatterload_zeroinit)
    i.labor5                                 0x080003fa   Section        0  labor5.o(i.labor5)
    i.main                                   0x080003fc   Section        0  main.o(i.main)
    .data                                    0x20000000   Section        4  usart.o(.data)
    tx_restart                               0x20000000   Data           4  usart.o(.data)
    .bss                                     0x20000004   Section      528  usart.o(.bss)
    rbuf                                     0x20000004   Data         264  usart.o(.bss)
    tbuf                                     0x2000010c   Data         264  usart.o(.bss)
    STACK                                    0x20000218   Section     1024  startup_stm32f40_41xxx.o(STACK)

    Global Symbols

    Symbol Name                              Value     Ov Type        Size  Object(Section)

    BuildAttributes$$THM_ISAv4$E$P$D$K$B$S$7EM$VFPi3$EXTD16$VFPS$VFMA$PE$A:L22UL41UL21$X:L11$S22US41US21$IEEE1$IW$USESV6$~STKCKD$USESV7$~SHL$OSPACE$EBA8$MICROLIB$REQ8$PRES8$EABIv2 0x00000000   Number         0  anon$$obj.o ABSOLUTE
    __ARM_use_no_argv                        0x00000000   Number         0  main.o ABSOLUTE
    __cpp_initialize__aeabi_                  - Undefined Weak Reference
    __cxa_finalize                            - Undefined Weak Reference
    __decompress                              - Undefined Weak Reference
    _clock_init                               - Undefined Weak Reference
    _microlib_exit                            - Undefined Weak Reference
    __Vectors_Size                           0x00000188   Number         0  startup_stm32f40_41xxx.o ABSOLUTE
    __Vectors                                0x08000000   Data           4  startup_stm32f40_41xxx.o(RESET)
    __Vectors_End                            0x08000188   Data           0  startup_stm32f40_41xxx.o(RESET)
    __main                                   0x08000189   Thumb Code     0  entry.o(.ARM.Collect$$$$00000000)
    _main_stk                                0x08000189   Thumb Code     0  entry2.o(.ARM.Collect$$$$00000001)
    _main_scatterload                        0x0800018d   Thumb Code     0  entry5.o(.ARM.Collect$$$$00000004)
    __main_after_scatterload                 0x08000191   Thumb Code     0  entry5.o(.ARM.Collect$$$$00000004)
    _main_clock                              0x08000191   Thumb Code     0  entry7b.o(.ARM.Collect$$$$00000008)
    _main_cpp_init                           0x08000191   Thumb Code     0  entry8b.o(.ARM.Collect$$$$0000000A)
    _main_init                               0x08000191   Thumb Code     0  entry9a.o(.ARM.Collect$$$$0000000B)
    __rt_final_cpp                           0x08000199   Thumb Code     0  entry10a.o(.ARM.Collect$$$$0000000D)
    __rt_final_exit                          0x08000199   Thumb Code     0  entry11a.o(.ARM.Collect$$$$0000000F)
    Reset_Handler                            0x0800019d   Thumb Code     8  startup_stm32f40_41xxx.o(.text)
    NMI_Handler                              0x080001a5   Thumb Code     2  startup_stm32f40_41xxx.o(.text)
    HardFault_Handler                        0x080001a7   Thumb Code     2  startup_stm32f40_41xxx.o(.text)
    MemManage_Handler                        0x080001a9   Thumb Code     2  startup_stm32f40_41xxx.o(.text)
    BusFault_Handler                         0x080001ab   Thumb Code     2  startup_stm32f40_41xxx.o(.text)
    UsageFault_Handler                       0x080001ad   Thumb Code     2  startup_stm32f40_41xxx.o(.text)
    SVC_Handler                              0x080001af   Thumb Code     2  startup_stm32f40_41xxx.o(.text)
    DebugMon_Handler                         0x080001b1   Thumb Code     2  startup_stm32f40_41xxx.o(.text)
    PendSV_Handler                           0x080001b3   Thumb Code     2  startup_stm32f40_41xxx.o(.text)
    SysTick_Handler                          0x080001b5   Thumb Code     2  startup_stm32f40_41xxx.o(.text)
    ADC_IRQHandler                           0x080001b7   Thumb Code     0  startup_stm32f40_41xxx.o(.text)
    CAN1_RX0_IRQHandler                      0x080001b7   Thumb Code     0  startup_stm32f40_41xxx.o(.text)
    CAN1_RX1_IRQHandler                      0x080001b7   Thumb Code     0  startup_stm32f40_41xxx.o(.text)
    CAN1_SCE_IRQHandler                      0x080001b7   Thumb Code     0  startup_stm32f40_41xxx.o(.text)
    CAN1_TX_IRQHandler                       0x080001b7   Thumb Code     0  startup_stm32f40_41xxx.o(.text)
    CAN2_RX0_IRQHandler                      0x080001b7   Thumb Code     0  startup_stm32f40_41xxx.o(.text)
    CAN2_RX1_IRQHandler                      0x080001b7   Thumb Code     0  startup_stm32f40_41xxx.o(.text)
    CAN2_SCE_IRQHandler                      0x080001b7   Thumb Code     0  startup_stm32f40_41xxx.o(.text)
    CAN2_TX_IRQHandler                       0x080001b7   Thumb Code     0  startup_stm32f40_41xxx.o(.text)
    CRYP_IRQHandler                          0x080001b7   Thumb Code     0  startup_stm32f40_41xxx.o(.text)
    DCMI_IRQHandler                          0x080001b7   Thumb Code     0  startup_stm32f40_41xxx.o(.text)
    DMA1_Stream0_IRQHandler                  0x080001b7   Thumb Code     0  startup_stm32f40_41xxx.o(.text)
    DMA1_Stream1_IRQHandler                  0x080001b7   Thumb Code     0  startup_stm32f40_41xxx.o(.text)
    DMA1_Stream2_IRQHandler                  0x080001b7   Thumb Code     0  startup_stm32f40_41xxx.o(.text)
    DMA1_Stream3_IRQHandler                  0x080001b7   Thumb Code     0  startup_stm32f40_41xxx.o(.text)
    DMA1_Stream4_IRQHandler                  0x080001b7   Thumb Code     0  startup_stm32f40_41xxx.o(.text)
    DMA1_Stream5_IRQHandler                  0x080001b7   Thumb Code     0  startup_stm32f40_41xxx.o(.text)
    DMA1_Stream6_IRQHandler                  0x080001b7   Thumb Code     0  startup_stm32f40_41xxx.o(.text)
    DMA1_Stream7_IRQHandler                  0x080001b7   Thumb Code     0  startup_stm32f40_41xxx.o(.text)
    DMA2_Stream0_IRQHandler                  0x080001b7   Thumb Code     0  startup_stm32f40_41xxx.o(.text)
    DMA2_Stream1_IRQHandler                  0x080001b7   Thumb Code     0  startup_stm32f40_41xxx.o(.text)
    DMA2_Stream2_IRQHandler                  0x080001b7   Thumb Code     0  startup_stm32f40_41xxx.o(.text)
    DMA2_Stream3_IRQHandler                  0x080001b7   Thumb Code     0  startup_stm32f40_41xxx.o(.text)
    DMA2_Stream4_IRQHandler                  0x080001b7   Thumb Code     0  startup_stm32f40_41xxx.o(.text)
    DMA2_Stream5_IRQHandler                  0x080001b7   Thumb Code     0  startup_stm32f40_41xxx.o(.text)
    DMA2_Stream6_IRQHandler                  0x080001b7   Thumb Code     0  startup_stm32f40_41xxx.o(.text)
    DMA2_Stream7_IRQHandler                  0x080001b7   Thumb Code     0  startup_stm32f40_41xxx.o(.text)
    ETH_IRQHandler                           0x080001b7   Thumb Code     0  startup_stm32f40_41xxx.o(.text)
    ETH_WKUP_IRQHandler                      0x080001b7   Thumb Code     0  startup_stm32f40_41xxx.o(.text)
    EXTI0_IRQHandler                         0x080001b7   Thumb Code     0  startup_stm32f40_41xxx.o(.text)
    EXTI15_10_IRQHandler                     0x080001b7   Thumb Code     0  startup_stm32f40_41xxx.o(.text)
    EXTI1_IRQHandler                         0x080001b7   Thumb Code     0  startup_stm32f40_41xxx.o(.text)
    EXTI2_IRQHandler                         0x080001b7   Thumb Code     0  startup_stm32f40_41xxx.o(.text)
    EXTI3_IRQHandler                         0x080001b7   Thumb Code     0  startup_stm32f40_41xxx.o(.text)
    EXTI4_IRQHandler                         0x080001b7   Thumb Code     0  startup_stm32f40_41xxx.o(.text)
    EXTI9_5_IRQHandler                       0x080001b7   Thumb Code     0  startup_stm32f40_41xxx.o(.text)
    FLASH_IRQHandler                         0x080001b7   Thumb Code     0  startup_stm32f40_41xxx.o(.text)
    FPU_IRQHandler                           0x080001b7   Thumb Code     0  startup_stm32f40_41xxx.o(.text)
    FSMC_IRQHandler                          0x080001b7   Thumb Code     0  startup_stm32f40_41xxx.o(.text)
    HASH_RNG_IRQHandler                      0x080001b7   Thumb Code     0  startup_stm32f40_41xxx.o(.text)
    I2C1_ER_IRQHandler                       0x080001b7   Thumb Code     0  startup_stm32f40_41xxx.o(.text)
    I2C1_EV_IRQHandler                       0x080001b7   Thumb Code     0  startup_stm32f40_41xxx.o(.text)
    I2C2_ER_IRQHandler                       0x080001b7   Thumb Code     0  startup_stm32f40_41xxx.o(.text)
    I2C2_EV_IRQHandler                       0x080001b7   Thumb Code     0  startup_stm32f40_41xxx.o(.text)
    I2C3_ER_IRQHandler                       0x080001b7   Thumb Code     0  startup_stm32f40_41xxx.o(.text)
    I2C3_EV_IRQHandler                       0x080001b7   Thumb Code     0  startup_stm32f40_41xxx.o(.text)
    OTG_FS_IRQHandler                        0x080001b7   Thumb Code     0  startup_stm32f40_41xxx.o(.text)
    OTG_FS_WKUP_IRQHandler                   0x080001b7   Thumb Code     0  startup_stm32f40_41xxx.o(.text)
    OTG_HS_EP1_IN_IRQHandler                 0x080001b7   Thumb Code     0  startup_stm32f40_41xxx.o(.text)
    OTG_HS_EP1_OUT_IRQHandler                0x080001b7   Thumb Code     0  startup_stm32f40_41xxx.o(.text)
    OTG_HS_IRQHandler                        0x080001b7   Thumb Code     0  startup_stm32f40_41xxx.o(.text)
    OTG_HS_WKUP_IRQHandler                   0x080001b7   Thumb Code     0  startup_stm32f40_41xxx.o(.text)
    PVD_IRQHandler                           0x080001b7   Thumb Code     0  startup_stm32f40_41xxx.o(.text)
    RCC_IRQHandler                           0x080001b7   Thumb Code     0  startup_stm32f40_41xxx.o(.text)
    RTC_Alarm_IRQHandler                     0x080001b7   Thumb Code     0  startup_stm32f40_41xxx.o(.text)
    RTC_WKUP_IRQHandler                      0x080001b7   Thumb Code     0  startup_stm32f40_41xxx.o(.text)
    SDIO_IRQHandler                          0x080001b7   Thumb Code     0  startup_stm32f40_41xxx.o(.text)
    SPI1_IRQHandler                          0x080001b7   Thumb Code     0  startup_stm32f40_41xxx.o(.text)
    SPI2_IRQHandler                          0x080001b7   Thumb Code     0  startup_stm32f40_41xxx.o(.text)
    SPI3_IRQHandler                          0x080001b7   Thumb Code     0  startup_stm32f40_41xxx.o(.text)
    TAMP_STAMP_IRQHandler                    0x080001b7   Thumb Code     0  startup_stm32f40_41xxx.o(.text)
    TIM1_BRK_TIM9_IRQHandler                 0x080001b7   Thumb Code     0  startup_stm32f40_41xxx.o(.text)
    TIM1_CC_IRQHandler                       0x080001b7   Thumb Code     0  startup_stm32f40_41xxx.o(.text)
    TIM1_TRG_COM_TIM11_IRQHandler            0x080001b7   Thumb Code     0  startup_stm32f40_41xxx.o(.text)
    TIM1_UP_TIM10_IRQHandler                 0x080001b7   Thumb Code     0  startup_stm32f40_41xxx.o(.text)
    TIM2_IRQHandler                          0x080001b7   Thumb Code     0  startup_stm32f40_41xxx.o(.text)
    TIM3_IRQHandler                          0x080001b7   Thumb Code     0  startup_stm32f40_41xxx.o(.text)
    TIM4_IRQHandler                          0x080001b7   Thumb Code     0  startup_stm32f40_41xxx.o(.text)
    TIM5_IRQHandler                          0x080001b7   Thumb Code     0  startup_stm32f40_41xxx.o(.text)
    TIM6_DAC_IRQHandler                      0x080001b7   Thumb Code     0  startup_stm32f40_41xxx.o(.text)
    TIM7_IRQHandler                          0x080001b7   Thumb Code     0  startup_stm32f40_41xxx.o(.text)
    TIM8_BRK_TIM12_IRQHandler                0x080001b7   Thumb Code     0  startup_stm32f40_41xxx.o(.text)
    TIM8_CC_IRQHandler                       0x080001b7   Thumb Code     0  startup_stm32f40_41xxx.o(.text)
    TIM8_TRG_COM_TIM14_IRQHandler            0x080001b7   Thumb Code     0  startup_stm32f40_41xxx.o(.text)
    TIM8_UP_TIM13_IRQHandler                 0x080001b7   Thumb Code     0  startup_stm32f40_41xxx.o(.text)
    UART4_IRQHandler                         0x080001b7   Thumb Code     0  startup_stm32f40_41xxx.o(.text)
    UART5_IRQHandler                         0x080001b7   Thumb Code     0  startup_stm32f40_41xxx.o(.text)
    USART1_IRQHandler                        0x080001b7   Thumb Code     0  startup_stm32f40_41xxx.o(.text)
    USART2_IRQHandler                        0x080001b7   Thumb Code     0  startup_stm32f40_41xxx.o(.text)
    USART3_IRQHandler                        0x080001b7   Thumb Code     0  startup_stm32f40_41xxx.o(.text)
    WWDG_IRQHandler                          0x080001b7   Thumb Code     0  startup_stm32f40_41xxx.o(.text)
    __scatterload                            0x080001c1   Thumb Code    28  init.o(.text)
    __scatterload_rt2                        0x080001c1   Thumb Code     0  init.o(.text)
    SystemInit                               0x080002d1   Thumb Code    88  system_stm32f4xx.o(i.SystemInit)
    USART6_IRQHandler                        0x08000339   Thumb Code   146  usart.o(i.USART6_IRQHandler)
    __scatterload_copy                       0x080003dd   Thumb Code    14  handlers.o(i.__scatterload_copy)
    __scatterload_null                       0x080003eb   Thumb Code     2  handlers.o(i.__scatterload_null)
    __scatterload_zeroinit                   0x080003ed   Thumb Code    14  handlers.o(i.__scatterload_zeroinit)
    labor5                                   0x080003fb   Thumb Code     2  labor5.o(i.labor5)
    main                                     0x080003fd   Thumb Code    10  main.o(i.main)
    Region$$Table$$Base                      0x08000408   Number         0  anon$$obj.o(Region$$Table)
    Region$$Table$$Limit                     0x08000428   Number         0  anon$$obj.o(Region$$Table)
    __initial_sp                             0x20000618   Data           0  startup_stm32f40_41xxx.o(STACK)



==============================================================================

Memory Map of the image

  Image Entry point : 0x08000189

  Load Region LR_IROM1 (Base: 0x08000000, Size: 0x0000042c, Max: 0x00100000, ABSOLUTE)

    Execution Region ER_IROM1 (Base: 0x08000000, Size: 0x00000428, Max: 0x00100000, ABSOLUTE)

    Base Addr    Size         Type   Attr      Idx    E Section Name        Object

    0x08000000   0x00000188   Data   RO          847    RESET               startup_stm32f40_41xxx.o
    0x08000188   0x00000000   Code   RO         1565  * .ARM.Collect$$$$00000000  mc_w.l(entry.o)
    0x08000188   0x00000004   Code   RO         1570    .ARM.Collect$$$$00000001  mc_w.l(entry2.o)
    0x0800018c   0x00000004   Code   RO         1573    .ARM.Collect$$$$00000004  mc_w.l(entry5.o)
    0x08000190   0x00000000   Code   RO         1575    .ARM.Collect$$$$00000008  mc_w.l(entry7b.o)
    0x08000190   0x00000000   Code   RO         1577    .ARM.Collect$$$$0000000A  mc_w.l(entry8b.o)
    0x08000190   0x00000008   Code   RO         1578    .ARM.Collect$$$$0000000B  mc_w.l(entry9a.o)
    0x08000198   0x00000000   Code   RO         1580    .ARM.Collect$$$$0000000D  mc_w.l(entry10a.o)
    0x08000198   0x00000000   Code   RO         1582    .ARM.Collect$$$$0000000F  mc_w.l(entry11a.o)
    0x08000198   0x00000004   Code   RO         1571    .ARM.Collect$$$$00002712  mc_w.l(entry2.o)
    0x0800019c   0x00000024   Code   RO          848    .text               startup_stm32f40_41xxx.o
    0x080001c0   0x00000024   Code   RO         1584    .text               mc_w.l(init.o)
    0x080001e4   0x000000ec   Code   RO          854    i.SetSysClock       system_stm32f4xx.o
    0x080002d0   0x00000068   Code   RO          856    i.SystemInit        system_stm32f4xx.o
    0x08000338   0x000000a4   Code   RO         1192    i.USART6_IRQHandler  usart.o
    0x080003dc   0x0000000e   Code   RO         1588    i.__scatterload_copy  mc_w.l(handlers.o)
    0x080003ea   0x00000002   Code   RO         1589    i.__scatterload_null  mc_w.l(handlers.o)
    0x080003ec   0x0000000e   Code   RO         1590    i.__scatterload_zeroinit  mc_w.l(handlers.o)
    0x080003fa   0x00000002   Code   RO           27    i.labor5            labor5.o
    0x080003fc   0x0000000a   Code   RO            1    i.main              main.o
    0x08000406   0x00000002   PAD
    0x08000408   0x00000020   Data   RO         1586    Region$$Table       anon$$obj.o


    Execution Region RW_IRAM1 (Base: 0x20000000, Size: 0x00000618, Max: 0x00020000, ABSOLUTE)

    Base Addr    Size         Type   Attr      Idx    E Section Name        Object

    0x20000000   0x00000004   Data   RW         1198    .data               usart.o
    0x20000004   0x00000210   Zero   RW         1197    .bss                usart.o
    0x20000214   0x00000004   PAD
    0x20000218   0x00000400   Zero   RW          845    STACK               startup_stm32f40_41xxx.o


==============================================================================

Image component sizes


      Code (inc. data)   RO Data    RW Data    ZI Data      Debug   Object Name

         2          0          0          0          0       3209   labor5.o
        10          0          0          0          0       1903   main.o
        36          8        392          0       1024        828   startup_stm32f40_41xxx.o
       340         34          0          0          0       1509   system_stm32f4xx.o
       164         18          0          4        528       2092   usart.o

    ----------------------------------------------------------------------
       554         60        424          4       1556       9541   Object Totals
         0          0         32          0          0          0   (incl. Generated)
         2          0          0          0          4          0   (incl. Padding)

    ----------------------------------------------------------------------

      Code (inc. data)   RO Data    RW Data    ZI Data      Debug   Library Member Name

         0          0          0          0          0          0   entry.o
         0          0          0          0          0          0   entry10a.o
         0          0          0          0          0          0   entry11a.o
         8          4          0          0          0          0   entry2.o
         4          0          0          0          0          0   entry5.o
         0          0          0          0          0          0   entry7b.o
         0          0          0          0          0          0   entry8b.o
         8          4          0          0          0          0   entry9a.o
        30          0          0          0          0          0   handlers.o
        36          8          0          0          0         68   init.o

    ----------------------------------------------------------------------
        86         16          0          0          0         68   Library Totals
         0          0          0          0          0          0   (incl. Padding)

    ----------------------------------------------------------------------

      Code (inc. data)   RO Data    RW Data    ZI Data      Debug   Library Name

        86         16          0          0          0         68   mc_w.l

    ----------------------------------------------------------------------
        86         16          0          0          0         68   Library Totals

    ----------------------------------------------------------------------

==============================================================================


      Code (inc. data)   RO Data    RW Data    ZI Data      Debug   

       640         76        424          4       1556       9409   Grand Totals
       640         76        424          4       1556       9409   ELF Image Totals
       640         76        424          4          0          0   ROM Totals

==============================================================================

    Total RO  Size (Code + RO Data)                 1064 (   1.04kB)
    Total RW  Size (RW Data + ZI Data)              1560 (   1.52kB)
    Total ROM Size (Code + RO Data + RW Data)       1068 (   1.04kB)

==============================================================================

