ARM Linker, 5.03 [Build 76] [MDK-ARM Professional]

==============================================================================

Section Cross References

    main.o(i.main) refers to ce_lib.o(i.initCEP_Board) for initCEP_Board
    main.o(i.main) refers to gpio.o(i.gpio_setup) for gpio_setup
    main.o(i.main) refers to spi.o(i.spi_setup) for spi_setup
    main.o(i.main) refers to labor5.o(i.labor5) for labor5
    labor5.o(i.labor5) refers to _scanf_int.o(.text) for _scanf_int
    labor5.o(i.labor5) refers to printf8.o(i.__0printf$8) for __2printf
    labor5.o(i.labor5) refers to __0scanf.o(.text) for __0scanf
    labor5.o(i.labor5) refers to spi_mem.o(i.spiFlashMemRead) for spiFlashMemRead
    labor5.o(i.labor5) refers to spi_mem.o(i.spiFlashMemErase) for spiFlashMemErase
    labor5.o(i.labor5) refers to spi_mem.o(i.spiFlashMemCopy) for spiFlashMemCopy
    labor5.o(i.labor5) refers to spi_mem.o(i.spiFlashMemCompare) for spiFlashMemCompare
    labor5.o(i.labor5) refers to labor5.o(.bss) for eingabe
    labor5.o(i.labor5) refers to labor5.o(.data) for i
    labor5.o(i.labor5) refers to labor5.o(.constdata) for .constdata
    spi.o(i.spi_setup) refers to stm32f4xx_rcc.o(i.RCC_APB1PeriphClockCmd) for RCC_APB1PeriphClockCmd
    spi_mem.o(i.spiFLashMemGlobalUnprotect) refers to spi_mem.o(i.enable_SSEL) for enable_SSEL
    spi_mem.o(i.spiFLashMemGlobalUnprotect) refers to spi.o(i.spiTransfer) for spiTransfer
    spi_mem.o(i.spiFLashMemGlobalUnprotect) refers to spi_mem.o(i.disable_SSEL) for disable_SSEL
    spi_mem.o(i.spiFlashMemChipCompare) refers to spi_mem.o(i.spiFlashMemRead) for spiFlashMemRead
    spi_mem.o(i.spiFlashMemChipCopy) refers to spi_mem.o(i.spiFlashMemRead) for spiFlashMemRead
    spi_mem.o(i.spiFlashMemChipCopy) refers to spi_mem.o(i.spiFlashMemWrite) for spiFlashMemWrite
    spi_mem.o(i.spiFlashMemCompare) refers to spi_mem.o(i.spiFlashMemRead) for spiFlashMemRead
    spi_mem.o(i.spiFlashMemCopy) refers to spi_mem.o(i.spiFlashMemRead) for spiFlashMemRead
    spi_mem.o(i.spiFlashMemCopy) refers to spi_mem.o(i.spiFlashMemWrite) for spiFlashMemWrite
    spi_mem.o(i.spiFlashMemErase) refers to spi_mem.o(i.spiFlashMemEraseBlock) for spiFlashMemEraseBlock
    spi_mem.o(i.spiFlashMemErase) refers to printf8.o(i.__0printf$8) for __2printf
    spi_mem.o(i.spiFlashMemEraseBlock) refers to spi_mem.o(i.spiFlashMemSetWriteEnable) for spiFlashMemSetWriteEnable
    spi_mem.o(i.spiFlashMemEraseBlock) refers to spi_mem.o(i.spiFLashMemGlobalUnprotect) for spiFLashMemGlobalUnprotect
    spi_mem.o(i.spiFlashMemEraseBlock) refers to spi_mem.o(i.enable_SSEL) for enable_SSEL
    spi_mem.o(i.spiFlashMemEraseBlock) refers to spi.o(i.spiTransfer) for spiTransfer
    spi_mem.o(i.spiFlashMemEraseBlock) refers to spi_mem.o(i.disable_SSEL) for disable_SSEL
    spi_mem.o(i.spiFlashMemEraseBlock) refers to spi_mem.o(i.spiFlashMemWaitReady) for spiFlashMemWaitReady
    spi_mem.o(i.spiFlashMemRead) refers to spi_mem.o(i.enable_SSEL) for enable_SSEL
    spi_mem.o(i.spiFlashMemRead) refers to spi.o(i.spiTransfer) for spiTransfer
    spi_mem.o(i.spiFlashMemRead) refers to spi_mem.o(i.disable_SSEL) for disable_SSEL
    spi_mem.o(i.spiFlashMemSetWriteEnable) refers to spi_mem.o(i.enable_SSEL) for enable_SSEL
    spi_mem.o(i.spiFlashMemSetWriteEnable) refers to spi.o(i.spiTransfer) for spiTransfer
    spi_mem.o(i.spiFlashMemSetWriteEnable) refers to spi_mem.o(i.disable_SSEL) for disable_SSEL
    spi_mem.o(i.spiFlashMemWaitReady) refers to spi_mem.o(i.enable_SSEL) for enable_SSEL
    spi_mem.o(i.spiFlashMemWaitReady) refers to spi.o(i.spiTransfer) for spiTransfer
    spi_mem.o(i.spiFlashMemWaitReady) refers to spi_mem.o(i.disable_SSEL) for disable_SSEL
    spi_mem.o(i.spiFlashMemWrite) refers to spi_mem.o(i.spiFlashMemWritePage) for spiFlashMemWritePage
    spi_mem.o(i.spiFlashMemWritePage) refers to spi_mem.o(i.spiFlashMemSetWriteEnable) for spiFlashMemSetWriteEnable
    spi_mem.o(i.spiFlashMemWritePage) refers to spi_mem.o(i.spiFLashMemGlobalUnprotect) for spiFLashMemGlobalUnprotect
    spi_mem.o(i.spiFlashMemWritePage) refers to spi_mem.o(i.enable_SSEL) for enable_SSEL
    spi_mem.o(i.spiFlashMemWritePage) refers to spi.o(i.spiTransfer) for spiTransfer
    spi_mem.o(i.spiFlashMemWritePage) refers to spi_mem.o(i.disable_SSEL) for disable_SSEL
    spi_mem.o(i.spiFlashMemWritePage) refers to spi_mem.o(i.spiFlashMemWaitReady) for spiFlashMemWaitReady
    spi_mem.o(i.spiReadManufacturerId) refers to spi_mem.o(i.enable_SSEL) for enable_SSEL
    spi_mem.o(i.spiReadManufacturerId) refers to spi.o(i.spiTransfer) for spiTransfer
    spi_mem.o(i.spiReadManufacturerId) refers to spi_mem.o(i.disable_SSEL) for disable_SSEL
    spi_mem_test.o(i.spi_mem_ReadManufacturerID_test) refers to printf8.o(i.__0printf$8) for __2printf
    spi_mem_test.o(i.spi_mem_ReadManufacturerID_test) refers to spi_mem.o(i.spiReadManufacturerId) for spiReadManufacturerId
    spi_mem_test.o(i.spi_mem_ReadManufacturerID_test) refers to retarget.o(.data) for __stdout
[...]
    printf0.o(i.__0sprintf$0) refers to printf0.o(i._sputc) for _sputc
    printf0.o(i.__0vfprintf$0) refers to printf0.o(i._printf_core) for _printf_core
    printf0.o(i.__0vfprintf$0) refers to retarget.o(i.fputc) for fputc
    printf0.o(i.__0vprintf$0) refers to printf0.o(i._printf_core) for _printf_core
    printf0.o(i.__0vprintf$0) refers to retarget.o(i.fputc) for fputc
    printf0.o(i.__0vprintf$0) refers to retarget.o(.data) for __stdout
    printf0.o(i.__0vsnprintf$0) refers to printf0.o(i._printf_core) for _printf_core
    printf0.o(i.__0vsnprintf$0) refers to printf0.o(i._snputc) for _snputc
    printf0.o(i.__0vsprintf$0) refers to printf0.o(i._printf_core) for _printf_core
    printf0.o(i.__0vsprintf$0) refers to printf0.o(i._sputc) for _sputc
    printf1.o(i.__0fprintf$1) refers to printf1.o(i._printf_core) for _printf_core
    printf1.o(i.__0fprintf$1) refers to retarget.o(i.fputc) for fputc
    printf1.o(i.__0printf$1) refers to printf1.o(i._printf_core) for _printf_core
    printf1.o(i.__0printf$1) refers to retarget.o(i.fputc) for fputc
    printf1.o(i.__0printf$1) refers to retarget.o(.data) for __stdout
    printf1.o(i.__0snprintf$1) refers to printf1.o(i._printf_core) for _printf_core
    printf1.o(i.__0snprintf$1) refers to printf1.o(i._snputc) for _snputc
    printf1.o(i.__0sprintf$1) refers to printf1.o(i._printf_core) for _printf_core
    printf1.o(i.__0sprintf$1) refers to printf1.o(i._sputc) for _sputc
    printf1.o(i.__0vfprintf$1) refers to printf1.o(i._printf_core) for _printf_core
    printf1.o(i.__0vfprintf$1) refers to retarget.o(i.fputc) for fputc
    printf1.o(i.__0vprintf$1) refers to printf1.o(i._printf_core) for _printf_core
    printf1.o(i.__0vprintf$1) refers to retarget.o(i.fputc) for fputc
    printf1.o(i.__0vprintf$1) refers to retarget.o(.data) for __stdout
    printf1.o(i.__0vsnprintf$1) refers to printf1.o(i._printf_core) for _printf_core
    printf1.o(i.__0vsnprintf$1) refers to printf1.o(i._snputc) for _snputc
    printf1.o(i.__0vsprintf$1) refers to printf1.o(i._printf_core) for _printf_core
    printf1.o(i.__0vsprintf$1) refers to printf1.o(i._sputc) for _sputc
    printf1.o(i._printf_core) refers to uidiv.o(.text) for __aeabi_uidivmod
    printf2.o(i.__0fprintf$2) refers to printf2.o(i._printf_core) for _printf_core
    printf2.o(i.__0fprintf$2) refers to retarget.o(i.fputc) for fputc
    printf2.o(i.__0printf$2) refers to printf2.o(i._printf_core) for _printf_core
    printf2.o(i.__0printf$2) refers to retarget.o(i.fputc) for fputc
    printf2.o(i.__0printf$2) refers to retarget.o(.data) for __stdout
    printf2.o(i.__0snprintf$2) refers to printf2.o(i._printf_core) for _printf_core
    printf2.o(i.__0snprintf$2) refers to printf2.o(i._snputc) for _snputc
    printf2.o(i.__0sprintf$2) refers to printf2.o(i._printf_core) for _printf_core
    printf2.o(i.__0sprintf$2) refers to printf2.o(i._sputc) for _sputc
    printf2.o(i.__0vfprintf$2) refers to printf2.o(i._printf_core) for _printf_core
    printf2.o(i.__0vfprintf$2) refers to retarget.o(i.fputc) for fputc
    printf2.o(i.__0vprintf$2) refers to printf2.o(i._printf_core) for _printf_core
    printf2.o(i.__0vprintf$2) refers to retarget.o(i.fputc) for fputc
    printf2.o(i.__0vprintf$2) refers to retarget.o(.data) for __stdout
    printf2.o(i.__0vsnprintf$2) refers to printf2.o(i._printf_core) for _printf_core
    printf2.o(i.__0vsnprintf$2) refers to printf2.o(i._snputc) for _snputc
    printf2.o(i.__0vsprintf$2) refers to printf2.o(i._printf_core) for _printf_core
    printf2.o(i.__0vsprintf$2) refers to printf2.o(i._sputc) for _sputc
    printf3.o(i.__0fprintf$3) refers to printf3.o(i._printf_core) for _printf_core
    printf3.o(i.__0fprintf$3) refers to retarget.o(i.fputc) for fputc
    printf3.o(i.__0printf$3) refers to printf3.o(i._printf_core) for _printf_core
    printf3.o(i.__0printf$3) refers to retarget.o(i.fputc) for fputc
    printf3.o(i.__0printf$3) refers to retarget.o(.data) for __stdout
    printf3.o(i.__0snprintf$3) refers to printf3.o(i._printf_core) for _printf_core
    printf3.o(i.__0snprintf$3) refers to printf3.o(i._snputc) for _snputc
    printf3.o(i.__0sprintf$3) refers to printf3.o(i._printf_core) for _printf_core
    printf3.o(i.__0sprintf$3) refers to printf3.o(i._sputc) for _sputc
    printf3.o(i.__0vfprintf$3) refers to printf3.o(i._printf_core) for _printf_core
    printf3.o(i.__0vfprintf$3) refers to retarget.o(i.fputc) for fputc
    printf3.o(i.__0vprintf$3) refers to printf3.o(i._printf_core) for _printf_core
    printf3.o(i.__0vprintf$3) refers to retarget.o(i.fputc) for fputc
    printf3.o(i.__0vprintf$3) refers to retarget.o(.data) for __stdout
    printf3.o(i.__0vsnprintf$3) refers to printf3.o(i._printf_core) for _printf_core
    printf3.o(i.__0vsnprintf$3) refers to printf3.o(i._snputc) for _snputc
    printf3.o(i.__0vsprintf$3) refers to printf3.o(i._printf_core) for _printf_core
    printf3.o(i.__0vsprintf$3) refers to printf3.o(i._sputc) for _sputc
    printf3.o(i._printf_core) refers to uidiv.o(.text) for __aeabi_uidivmod
    printf4.o(i.__0fprintf$4) refers to printf4.o(i._printf_core) for _printf_core
    printf4.o(i.__0fprintf$4) refers to retarget.o(i.fputc) for fputc
    printf4.o(i.__0printf$4) refers to printf4.o(i._printf_core) for _printf_core
    printf4.o(i.__0printf$4) refers to retarget.o(i.fputc) for fputc
    printf4.o(i.__0printf$4) refers to retarget.o(.data) for __stdout
    printf4.o(i.__0snprintf$4) refers to printf4.o(i._printf_core) for _printf_core
    printf4.o(i.__0snprintf$4) refers to printf4.o(i._snputc) for _snputc
    printf4.o(i.__0sprintf$4) refers to printf4.o(i._printf_core) for _printf_core
    printf4.o(i.__0sprintf$4) refers to printf4.o(i._sputc) for _sputc
    printf4.o(i.__0vfprintf$4) refers to printf4.o(i._printf_core) for _printf_core
    printf4.o(i.__0vfprintf$4) refers to retarget.o(i.fputc) for fputc
    printf4.o(i.__0vprintf$4) refers to printf4.o(i._printf_core) for _printf_core
    printf4.o(i.__0vprintf$4) refers to retarget.o(i.fputc) for fputc
    printf4.o(i.__0vprintf$4) refers to retarget.o(.data) for __stdout
    printf4.o(i.__0vsnprintf$4) refers to printf4.o(i._printf_core) for _printf_core
    printf4.o(i.__0vsnprintf$4) refers to printf4.o(i._snputc) for _snputc
    printf4.o(i.__0vsprintf$4) refers to printf4.o(i._printf_core) for _printf_core
    printf4.o(i.__0vsprintf$4) refers to printf4.o(i._sputc) for _sputc
    printf4.o(i._printf_core) refers to uldiv.o(.text) for __aeabi_uldivmod
    printf5.o(i.__0fprintf$5) refers to printf5.o(i._printf_core) for _printf_core
    printf5.o(i.__0fprintf$5) refers to retarget.o(i.fputc) for fputc
    printf5.o(i.__0printf$5) refers to printf5.o(i._printf_core) for _printf_core
    printf5.o(i.__0printf$5) refers to retarget.o(i.fputc) for fputc
    printf5.o(i.__0printf$5) refers to retarget.o(.data) for __stdout
    printf5.o(i.__0snprintf$5) refers to printf5.o(i._printf_core) for _printf_core
    printf5.o(i.__0snprintf$5) refers to printf5.o(i._snputc) for _snputc
    printf5.o(i.__0sprintf$5) refers to printf5.o(i._printf_core) for _printf_core
    printf5.o(i.__0sprintf$5) refers to printf5.o(i._sputc) for _sputc
    printf5.o(i.__0vfprintf$5) refers to printf5.o(i._printf_core) for _printf_core
    printf5.o(i.__0vfprintf$5) refers to retarget.o(i.fputc) for fputc
    printf5.o(i.__0vprintf$5) refers to printf5.o(i._printf_core) for _printf_core
    printf5.o(i.__0vprintf$5) refers to retarget.o(i.fputc) for fputc
    printf5.o(i.__0vprintf$5) refers to retarget.o(.data) for __stdout
    printf5.o(i.__0vsnprintf$5) refers to printf5.o(i._printf_core) for _printf_core
    printf5.o(i.__0vsnprintf$5) refers to printf5.o(i._snputc) for _snputc
    printf5.o(i.__0vsprintf$5) refers to printf5.o(i._printf_core) for _printf_core
    printf5.o(i.__0vsprintf$5) refers to printf5.o(i._sputc) for _sputc
    printf5.o(i._printf_core) refers to uldiv.o(.text) for __aeabi_uldivmod
    printf6.o(i.__0fprintf$6) refers to printf6.o(i._printf_core) for _printf_core
    printf6.o(i.__0fprintf$6) refers to retarget.o(i.fputc) for fputc
    printf6.o(i.__0printf$6) refers to printf6.o(i._printf_core) for _printf_core
    printf6.o(i.__0printf$6) refers to retarget.o(i.fputc) for fputc
    printf6.o(i.__0printf$6) refers to retarget.o(.data) for __stdout
    printf6.o(i.__0snprintf$6) refers to printf6.o(i._printf_core) for _printf_core
    printf6.o(i.__0snprintf$6) refers to printf6.o(i._snputc) for _snputc
    printf6.o(i.__0sprintf$6) refers to printf6.o(i._printf_core) for _printf_core
    printf6.o(i.__0sprintf$6) refers to printf6.o(i._sputc) for _sputc
    printf6.o(i.__0vfprintf$6) refers to printf6.o(i._printf_core) for _printf_core
    printf6.o(i.__0vfprintf$6) refers to retarget.o(i.fputc) for fputc
    printf6.o(i.__0vprintf$6) refers to printf6.o(i._printf_core) for _printf_core
    printf6.o(i.__0vprintf$6) refers to retarget.o(i.fputc) for fputc
    printf6.o(i.__0vprintf$6) refers to retarget.o(.data) for __stdout
    printf6.o(i.__0vsnprintf$6) refers to printf6.o(i._printf_core) for _printf_core
    printf6.o(i.__0vsnprintf$6) refers to printf6.o(i._snputc) for _snputc
    printf6.o(i.__0vsprintf$6) refers to printf6.o(i._printf_core) for _printf_core
    printf6.o(i.__0vsprintf$6) refers to printf6.o(i._sputc) for _sputc
    printf6.o(i._printf_core) refers to printf6.o(i._printf_pre_padding) for _printf_pre_padding
    printf6.o(i._printf_core) refers to uidiv.o(.text) for __aeabi_uidivmod
    printf6.o(i._printf_core) refers to printf6.o(i._printf_post_padding) for _printf_post_padding
    printf7.o(i.__0fprintf$7) refers to printf7.o(i._printf_core) for _printf_core
    printf7.o(i.__0fprintf$7) refers to retarget.o(i.fputc) for fputc
    printf7.o(i.__0printf$7) refers to printf7.o(i._printf_core) for _printf_core
    printf7.o(i.__0printf$7) refers to retarget.o(i.fputc) for fputc
    printf7.o(i.__0printf$7) refers to retarget.o(.data) for __stdout
    printf7.o(i.__0snprintf$7) refers to printf7.o(i._printf_core) for _printf_core
    printf7.o(i.__0snprintf$7) refers to printf7.o(i._snputc) for _snputc
    printf7.o(i.__0sprintf$7) refers to printf7.o(i._printf_core) for _printf_core
    printf7.o(i.__0sprintf$7) refers to printf7.o(i._sputc) for _sputc
    printf7.o(i.__0vfprintf$7) refers to printf7.o(i._printf_core) for _printf_core
    printf7.o(i.__0vfprintf$7) refers to retarget.o(i.fputc) for fputc
    printf7.o(i.__0vprintf$7) refers to printf7.o(i._printf_core) for _printf_core
    printf7.o(i.__0vprintf$7) refers to retarget.o(i.fputc) for fputc
    printf7.o(i.__0vprintf$7) refers to retarget.o(.data) for __stdout
    printf7.o(i.__0vsnprintf$7) refers to printf7.o(i._printf_core) for _printf_core
    printf7.o(i.__0vsnprintf$7) refers to printf7.o(i._snputc) for _snputc
    printf7.o(i.__0vsprintf$7) refers to printf7.o(i._printf_core) for _printf_core
    printf7.o(i.__0vsprintf$7) refers to printf7.o(i._sputc) for _sputc
    printf7.o(i._printf_core) refers to printf7.o(i._printf_pre_padding) for _printf_pre_padding
    printf7.o(i._printf_core) refers to uldiv.o(.text) for __aeabi_uldivmod
    printf7.o(i._printf_core) refers to printf7.o(i._printf_post_padding) for _printf_post_padding
    printf8.o(i.__0fprintf$8) refers to printf8.o(i._printf_core) for _printf_core
    printf8.o(i.__0fprintf$8) refers to retarget.o(i.fputc) for fputc
    printf8.o(i.__0printf$8) refers to printf8.o(i._printf_core) for _printf_core
    printf8.o(i.__0printf$8) refers to retarget.o(i.fputc) for fputc
    printf8.o(i.__0printf$8) refers to retarget.o(.data) for __stdout
    printf8.o(i.__0snprintf$8) refers to printf8.o(i._printf_core) for _printf_core
    printf8.o(i.__0snprintf$8) refers to printf8.o(i._snputc) for _snputc
    printf8.o(i.__0sprintf$8) refers to printf8.o(i._printf_core) for _printf_core
    printf8.o(i.__0sprintf$8) refers to printf8.o(i._sputc) for _sputc
    printf8.o(i.__0vfprintf$8) refers to printf8.o(i._printf_core) for _printf_core
    printf8.o(i.__0vfprintf$8) refers to retarget.o(i.fputc) for fputc
    printf8.o(i.__0vprintf$8) refers to printf8.o(i._printf_core) for _printf_core
    printf8.o(i.__0vprintf$8) refers to retarget.o(i.fputc) for fputc
    printf8.o(i.__0vprintf$8) refers to retarget.o(.data) for __stdout
    printf8.o(i.__0vsnprintf$8) refers to printf8.o(i._printf_core) for _printf_core
    printf8.o(i.__0vsnprintf$8) refers to printf8.o(i._snputc) for _snputc
    printf8.o(i.__0vsprintf$8) refers to printf8.o(i._printf_core) for _printf_core
    printf8.o(i.__0vsprintf$8) refers to printf8.o(i._sputc) for _sputc
    printf8.o(i._printf_core) refers to printf8.o(i._printf_pre_padding) for _printf_pre_padding
    printf8.o(i._printf_core) refers to uldiv.o(.text) for __aeabi_uldivmod
    printf8.o(i._printf_core) refers to printf8.o(i._printf_post_padding) for _printf_post_padding
    printfa.o(i.__0fprintf) refers (Special) to iusefp.o(.text) for __I$use$fp
    printfa.o(i.__0fprintf) refers to printfa.o(i._printf_core) for _printf_core
    printfa.o(i.__0fprintf) refers to retarget.o(i.fputc) for fputc
    printfa.o(i.__0printf) refers (Special) to iusefp.o(.text) for __I$use$fp
    printfa.o(i.__0printf) refers to printfa.o(i._printf_core) for _printf_core
    printfa.o(i.__0printf) refers to retarget.o(i.fputc) for fputc
    printfa.o(i.__0printf) refers to retarget.o(.data) for __stdout
    printfa.o(i.__0snprintf) refers (Special) to iusefp.o(.text) for __I$use$fp
    printfa.o(i.__0snprintf) refers to printfa.o(i._printf_core) for _printf_core
    printfa.o(i.__0snprintf) refers to printfa.o(i._snputc) for _snputc
    printfa.o(i.__0sprintf) refers (Special) to iusefp.o(.text) for __I$use$fp
    printfa.o(i.__0sprintf) refers to printfa.o(i._printf_core) for _printf_core
    printfa.o(i.__0sprintf) refers to printfa.o(i._sputc) for _sputc
    printfa.o(i.__0vfprintf) refers (Special) to iusefp.o(.text) for __I$use$fp
    printfa.o(i.__0vfprintf) refers to printfa.o(i._printf_core) for _printf_core
    printfa.o(i.__0vfprintf) refers to retarget.o(i.fputc) for fputc
    printfa.o(i.__0vprintf) refers (Special) to iusefp.o(.text) for __I$use$fp
    printfa.o(i.__0vprintf) refers to printfa.o(i._printf_core) for _printf_core
    printfa.o(i.__0vprintf) refers to retarget.o(i.fputc) for fputc
    printfa.o(i.__0vprintf) refers to retarget.o(.data) for __stdout
    printfa.o(i.__0vsnprintf) refers (Special) to iusefp.o(.text) for __I$use$fp
    printfa.o(i.__0vsnprintf) refers to printfa.o(i._printf_core) for _printf_core
    printfa.o(i.__0vsnprintf) refers to printfa.o(i._snputc) for _snputc
    printfa.o(i.__0vsprintf) refers (Special) to iusefp.o(.text) for __I$use$fp
    printfa.o(i.__0vsprintf) refers to printfa.o(i._printf_core) for _printf_core
    printfa.o(i.__0vsprintf) refers to printfa.o(i._sputc) for _sputc
    printfa.o(i._fp_digits) refers (Special) to iusefp.o(.text) for __I$use$fp
    printfa.o(i._fp_digits) refers to dmul.o(.text) for __aeabi_dmul
    printfa.o(i._fp_digits) refers to ddiv.o(.text) for __aeabi_ddiv
    printfa.o(i._fp_digits) refers to cdrcmple.o(.text) for __aeabi_cdrcmple
    printfa.o(i._fp_digits) refers to dadd.o(.text) for __aeabi_dadd
    printfa.o(i._fp_digits) refers to dfixul.o(.text) for __aeabi_d2ulz
    printfa.o(i._fp_digits) refers to uldiv.o(.text) for __aeabi_uldivmod
    printfa.o(i._printf_core) refers (Special) to iusefp.o(.text) for __I$use$fp
    printfa.o(i._printf_core) refers to printfa.o(i._printf_pre_padding) for _printf_pre_padding
    printfa.o(i._printf_core) refers to uldiv.o(.text) for __aeabi_uldivmod
    printfa.o(i._printf_core) refers to printfa.o(i._printf_post_padding) for _printf_post_padding
    printfa.o(i._printf_core) refers to printfa.o(i._fp_digits) for _fp_digits
    printfa.o(i._printf_core) refers to uidiv.o(.text) for __aeabi_uidivmod
    printfa.o(i._printf_post_padding) refers (Special) to iusefp.o(.text) for __I$use$fp
    printfa.o(i._printf_pre_padding) refers (Special) to iusefp.o(.text) for __I$use$fp
    printfa.o(i._snputc) refers (Special) to iusefp.o(.text) for __I$use$fp
    printfa.o(i._sputc) refers (Special) to iusefp.o(.text) for __I$use$fp
    malloc.o(i.free) refers to mvars.o(.data) for __microlib_freelist
    malloc.o(i.malloc) refers to mvars.o(.data) for __microlib_freelist_initialised
    malloc.o(i.malloc) refers to mvars.o(.data) for __microlib_freelist
    malloc.o(i.malloc) refers to startup_stm32f40_41xxx.o(HEAP) for __heap_base
    mallocr.o(i.__free$realloc) refers to mvars.o(.data) for __microlib_freelist
    mallocr.o(i.__malloc$realloc) refers to mallocr.o(i.internal_alloc) for internal_alloc
    mallocr.o(i.__malloc$realloc) refers to mvars.o(.data) for __microlib_freelist_initialised
    mallocr.o(i.__malloc$realloc) refers to startup_stm32f40_41xxx.o(HEAP) for __heap_base
    mallocr.o(i.__malloc$realloc) refers to mvars.o(.data) for __microlib_freelist
    mallocr.o(i.internal_alloc) refers to memcpya.o(.text) for __aeabi_memcpy
    mallocr.o(i.internal_alloc) refers to mvars.o(.data) for __microlib_freelist
    mallocr.o(i.realloc) refers to mallocr.o(i.__free$realloc) for __free$realloc
    mallocr.o(i.realloc) refers to mallocr.o(i.internal_alloc) for internal_alloc
    mallocr.o(i.realloc) refers to mallocr.o(i.__malloc$realloc) for __malloc$realloc
    mallocr.o(i.realloc) refers to mvars.o(.data) for __microlib_freelist
    malloca.o(i.__aligned_malloc) refers to mvars.o(.data) for __microlib_freelist_initialised
    malloca.o(i.__aligned_malloc) refers to mvars.o(.data) for __microlib_freelist
    malloca.o(i.__aligned_malloc) refers to startup_stm32f40_41xxx.o(HEAP) for __heap_base
    malloca.o(i.__free$memalign) refers to mvars.o(.data) for __microlib_freelist
    malloca.o(i.__malloc$memalign) refers to malloca.o(i.__aligned_malloc) for __aligned_malloc
    mallocra.o(i.__aligned_malloc$realloc) refers to mallocra.o(i.internal_alloc) for internal_alloc
    mallocra.o(i.__aligned_malloc$realloc) refers to mvars.o(.data) for __microlib_freelist_initialised
    mallocra.o(i.__aligned_malloc$realloc) refers to startup_stm32f40_41xxx.o(HEAP) for __heap_base
    mallocra.o(i.__aligned_malloc$realloc) refers to mvars.o(.data) for __microlib_freelist
    mallocra.o(i.__free$realloc$memalign) refers to mvars.o(.data) for __microlib_freelist
    mallocra.o(i.__malloc$realloc$memalign) refers to mallocra.o(i.__aligned_malloc$realloc) for __aligned_malloc$realloc
    mallocra.o(i.__realloc$memalign) refers to mallocra.o(i.__free$realloc$memalign) for __free$realloc$memalign
    mallocra.o(i.__realloc$memalign) refers to mallocra.o(i.internal_alloc) for internal_alloc
    mallocra.o(i.__realloc$memalign) refers to mallocra.o(i.__malloc$realloc$memalign) for __malloc$realloc$memalign
    mallocra.o(i.__realloc$memalign) refers to mvars.o(.data) for __microlib_freelist
    mallocra.o(i.internal_alloc) refers to memcpya.o(.text) for __aeabi_memcpy
    mallocra.o(i.internal_alloc) refers to mvars.o(.data) for __microlib_freelist
    __0scanf.o(.text) refers to scanf_char_file.o(.text) for __vfscanf_char_file
    __0scanf.o(.text) refers to retarget.o(.data) for __stdin
    _scanf_int.o(.text) refers to _chval.o(.text) for _chval
    entry2.o(.ARM.Collect$$$$00000001) refers to entry2.o(.ARM.Collect$$$$00002712) for __lit__00000000
    entry2.o(.ARM.Collect$$$$00002712) refers to startup_stm32f40_41xxx.o(STACK) for __initial_sp
    entry2.o(__vectab_stack_and_reset_area) refers to startup_stm32f40_41xxx.o(STACK) for __initial_sp
    entry2.o(__vectab_stack_and_reset_area) refers to entry.o(.ARM.Collect$$$$00000000) for __main
    entry5.o(.ARM.Collect$$$$00000004) refers to init.o(.text) for __scatterload
    entry9a.o(.ARM.Collect$$$$0000000B) refers to main.o(i.main) for main
    entry9b.o(.ARM.Collect$$$$0000000C) refers to main.o(i.main) for main
    uldiv.o(.text) refers to llushr.o(.text) for __aeabi_llsr
    uldiv.o(.text) refers to llshl.o(.text) for __aeabi_llsl
    scanf_char_file.o(.text) refers to scanf_char.o(.text) for __vfscanf_char
    scanf_char_file.o(.text) refers to retarget.o(i.fgetc) for fgetc
    scanf_char_file.o(.text) refers to fgetc_b.o(.text) for __backspace
    dadd.o(.text) refers to llshl.o(.text) for __aeabi_llsl
    dadd.o(.text) refers to llsshr.o(.text) for __aeabi_lasr
    dadd.o(.text) refers to depilogue.o(.text) for _double_epilogue
    dmul.o(.text) refers to depilogue.o(.text) for _double_epilogue
    ddiv.o(.text) refers to depilogue.o(.text) for _double_round
    dfixul.o(.text) refers to llushr.o(.text) for __aeabi_llsr
    dfixul.o(.text) refers to llshl.o(.text) for __aeabi_llsl
    init.o(.text) refers to entry5.o(.ARM.Collect$$$$00000004) for __main_after_scatterload
    fgetc_b.o(.text) refers (Special) to iusesemig.o(.text) for __I$use$semihosting$fgetc
    fgetc_b.o(.text) refers (Special) to semi.o(.text) for __semihosting_library_function
    fgetc_b.o(.text) refers to fgetc_b.o(.data) for .data
    fgetc_b.o(.data) refers (Special) to iusesemig.o(.text) for __I$use$semihosting$fgetc
    fgetc_b.o(.data) refers (Special) to semi.o(.text) for __semihosting_library_function
    scanf_char.o(.text) refers to _scanf.o(.text) for __vfscanf
    scanf_char.o(.text) refers to isspace_c.o(.text) for isspace
    depilogue.o(.text) refers to llshl.o(.text) for __aeabi_llsl
    depilogue.o(.text) refers to llushr.o(.text) for __aeabi_llsr
    isspace_c.o(.text) refers to ctype_c.o(.text) for __ctype_lookup
    _scanf.o(.text) refers (Weak) to _scanf_int.o(.text) for _scanf_int
    ctype_c.o(.text) refers to ctype_c.o(.constdata) for .constdata


==============================================================================

Removing Unused input sections from the image.

    Removing main.o(.rev16_text), (4 bytes).
    Removing main.o(.revsh_text), (4 bytes).
    Removing labor5.o(.rev16_text), (4 bytes).
    Removing labor5.o(.revsh_text), (4 bytes).
    Removing spi.o(.rev16_text), (4 bytes).
    Removing spi.o(.revsh_text), (4 bytes).
    Removing spi_mem.o(.rev16_text), (4 bytes).
    Removing spi_mem.o(.revsh_text), (4 bytes).
    Removing spi_mem.o(i.spiFlashMemChipCompare), (108 bytes).
    Removing spi_mem.o(i.spiFlashMemChipCopy), (64 bytes).
    Removing spi_mem.o(i.spiReadManufacturerId), (54 bytes).
    Removing spi_mem_test.o(i.spi_mem_ReadManufacturerID_test), (92 bytes).
    Removing spi_mem_test.o(i.spi_mem_spiFlashMemErase_test), (184 bytes).
    Removing spi_mem_test.o(i.spi_mem_spiFlashMemWriteRead_test), (160 bytes).
    Removing spi_mem_test.o(i.spi_mem_spiFlashMemWrite_test), (88 bytes).
    Removing gpio.o(.rev16_text), (4 bytes).
    Removing gpio.o(.revsh_text), (4 bytes).
    Removing core_cm3.o(.emb_text), (32 bytes).
    Removing misc.o(.rev16_text), (4 bytes).
    Removing misc.o(.revsh_text), (4 bytes).
    Removing misc.o(i.NVIC_SetVectorTable), (20 bytes).
    Removing misc.o(i.NVIC_SystemLPConfig), (32 bytes).
    Removing misc.o(i.SysTick_CLKSourceConfig), (40 bytes).
    Removing stm32f4xx_gpio.o(.rev16_text), (4 bytes).
    Removing stm32f4xx_gpio.o(.revsh_text), (4 bytes).
    Removing stm32f4xx_gpio.o(i.GPIO_DeInit), (312 bytes).
    Removing stm32f4xx_gpio.o(i.GPIO_PinLockConfig), (34 bytes).
    Removing stm32f4xx_gpio.o(i.GPIO_ReadInputData), (8 bytes).
    Removing stm32f4xx_gpio.o(i.GPIO_ReadInputDataBit), (18 bytes).
    Removing stm32f4xx_gpio.o(i.GPIO_ReadOutputData), (8 bytes).
    Removing stm32f4xx_gpio.o(i.GPIO_ReadOutputDataBit), (18 bytes).
    Removing stm32f4xx_gpio.o(i.GPIO_ResetBits), (4 bytes).
    Removing stm32f4xx_gpio.o(i.GPIO_SetBits), (4 bytes).
    Removing stm32f4xx_gpio.o(i.GPIO_StructInit), (18 bytes).
    Removing stm32f4xx_gpio.o(i.GPIO_ToggleBits), (8 bytes).
    Removing stm32f4xx_gpio.o(i.GPIO_Write), (4 bytes).
    Removing stm32f4xx_gpio.o(i.GPIO_WriteBit), (10 bytes).
    Removing stm32f4xx_rcc.o(.rev16_text), (4 bytes).
    Removing stm32f4xx_rcc.o(.revsh_text), (4 bytes).
    Removing stm32f4xx_rcc.o(i.RCC_AHB1PeriphClockLPModeCmd), (32 bytes).
    Removing stm32f4xx_rcc.o(i.RCC_AHB1PeriphResetCmd), (32 bytes).
    Removing stm32f4xx_rcc.o(i.RCC_AHB2PeriphClockCmd), (32 bytes).
    Removing stm32f4xx_rcc.o(i.RCC_AHB2PeriphClockLPModeCmd), (32 bytes).
    Removing stm32f4xx_rcc.o(i.RCC_AHB2PeriphResetCmd), (32 bytes).
    Removing stm32f4xx_rcc.o(i.RCC_AHB3PeriphClockCmd), (32 bytes).
    Removing stm32f4xx_rcc.o(i.RCC_AHB3PeriphClockLPModeCmd), (32 bytes).
    Removing stm32f4xx_rcc.o(i.RCC_AHB3PeriphResetCmd), (32 bytes).
    Removing stm32f4xx_rcc.o(i.RCC_APB1PeriphClockLPModeCmd), (32 bytes).
    Removing stm32f4xx_rcc.o(i.RCC_APB2PeriphClockLPModeCmd), (32 bytes).
    Removing stm32f4xx_rcc.o(i.RCC_APB2PeriphResetCmd), (32 bytes).
    Removing stm32f4xx_rcc.o(i.RCC_AdjustHSICalibrationValue), (24 bytes).
    Removing stm32f4xx_rcc.o(i.RCC_BackupResetCmd), (12 bytes).
    Removing stm32f4xx_rcc.o(i.RCC_ClearFlag), (20 bytes).
    Removing stm32f4xx_rcc.o(i.RCC_ClearITPendingBit), (12 bytes).
    Removing stm32f4xx_rcc.o(i.RCC_ClockSecuritySystemCmd), (12 bytes).
    Removing stm32f4xx_rcc.o(i.RCC_DeInit), (100 bytes).
    Removing stm32f4xx_rcc.o(i.RCC_GetFlagStatus), (64 bytes).
    Removing stm32f4xx_rcc.o(i.RCC_GetITStatus), (24 bytes).
    Removing stm32f4xx_rcc.o(i.RCC_GetSYSCLKSource), (16 bytes).
    Removing stm32f4xx_rcc.o(i.RCC_HCLKConfig), (24 bytes).
    Removing stm32f4xx_rcc.o(i.RCC_HSEConfig), (16 bytes).
    Removing stm32f4xx_rcc.o(i.RCC_HSICmd), (12 bytes).
    Removing stm32f4xx_rcc.o(i.RCC_I2SCLKConfig), (12 bytes).
    Removing stm32f4xx_rcc.o(i.RCC_ITConfig), (32 bytes).
    Removing stm32f4xx_rcc.o(i.RCC_LSEConfig), (44 bytes).
    Removing stm32f4xx_rcc.o(i.RCC_LSICmd), (12 bytes).
    Removing stm32f4xx_rcc.o(i.RCC_LTDCCLKDivConfig), (24 bytes).
    Removing stm32f4xx_rcc.o(i.RCC_MCO1Config), (28 bytes).
    Removing stm32f4xx_rcc.o(i.RCC_MCO2Config), (28 bytes).
    Removing stm32f4xx_rcc.o(i.RCC_PCLK1Config), (24 bytes).
    Removing stm32f4xx_rcc.o(i.RCC_PCLK2Config), (24 bytes).
    Removing stm32f4xx_rcc.o(i.RCC_PLLCmd), (12 bytes).
    Removing stm32f4xx_rcc.o(i.RCC_PLLConfig), (36 bytes).
    Removing stm32f4xx_rcc.o(i.RCC_PLLI2SCmd), (12 bytes).
    Removing stm32f4xx_rcc.o(i.RCC_PLLI2SConfig), (16 bytes).
    Removing stm32f4xx_rcc.o(i.RCC_PLLSAICmd), (12 bytes).
    Removing stm32f4xx_rcc.o(i.RCC_PLLSAIConfig), (24 bytes).
    Removing stm32f4xx_rcc.o(i.RCC_RTCCLKCmd), (12 bytes).
    Removing stm32f4xx_rcc.o(i.RCC_RTCCLKConfig), (60 bytes).
    Removing stm32f4xx_rcc.o(i.RCC_SAIBlockACLKConfig), (24 bytes).
    Removing stm32f4xx_rcc.o(i.RCC_SAIBlockBCLKConfig), (24 bytes).
    Removing stm32f4xx_rcc.o(i.RCC_SAIPLLI2SClkDivConfig), (28 bytes).
    Removing stm32f4xx_rcc.o(i.RCC_SAIPLLSAIClkDivConfig), (28 bytes).
    Removing stm32f4xx_rcc.o(i.RCC_SYSCLKConfig), (24 bytes).
    Removing stm32f4xx_rcc.o(i.RCC_TIMCLKPresConfig), (12 bytes).
    Removing stm32f4xx_rcc.o(i.RCC_WaitForHSEStartUp), (56 bytes).
    Removing stm32f4xx_usart.o(.rev16_text), (4 bytes).
    Removing stm32f4xx_usart.o(.revsh_text), (4 bytes).
    Removing stm32f4xx_usart.o(i.USART_ClearFlag), (18 bytes).
    Removing stm32f4xx_usart.o(i.USART_ClearITPendingBit), (30 bytes).
    Removing stm32f4xx_usart.o(i.USART_ClockInit), (32 bytes).
    Removing stm32f4xx_usart.o(i.USART_ClockStructInit), (12 bytes).
    Removing stm32f4xx_usart.o(i.USART_DMACmd), (18 bytes).
    Removing stm32f4xx_usart.o(i.USART_DeInit), (240 bytes).
    Removing stm32f4xx_usart.o(i.USART_GetFlagStatus), (26 bytes).
    Removing stm32f4xx_usart.o(i.USART_GetITStatus), (84 bytes).
    Removing stm32f4xx_usart.o(i.USART_HalfDuplexCmd), (24 bytes).
    Removing stm32f4xx_usart.o(i.USART_ITConfig), (74 bytes).
    Removing stm32f4xx_usart.o(i.USART_IrDACmd), (24 bytes).
    Removing stm32f4xx_usart.o(i.USART_IrDAConfig), (18 bytes).
    Removing stm32f4xx_usart.o(i.USART_LINBreakDetectLengthConfig), (18 bytes).
    Removing stm32f4xx_usart.o(i.USART_LINCmd), (24 bytes).
    Removing stm32f4xx_usart.o(i.USART_OneBitMethodCmd), (24 bytes).
    Removing stm32f4xx_usart.o(i.USART_ReceiveData), (10 bytes).
    Removing stm32f4xx_usart.o(i.USART_ReceiverWakeUpCmd), (24 bytes).
    Removing stm32f4xx_usart.o(i.USART_SendBreak), (10 bytes).
    Removing stm32f4xx_usart.o(i.USART_SendData), (8 bytes).
    Removing stm32f4xx_usart.o(i.USART_SetAddress), (18 bytes).
    Removing stm32f4xx_usart.o(i.USART_SetGuardTime), (16 bytes).
    Removing stm32f4xx_usart.o(i.USART_SetPrescaler), (16 bytes).
    Removing stm32f4xx_usart.o(i.USART_SmartCardCmd), (24 bytes).
    Removing stm32f4xx_usart.o(i.USART_SmartCardNACKCmd), (24 bytes).
    Removing stm32f4xx_usart.o(i.USART_StructInit), (24 bytes).
    Removing stm32f4xx_usart.o(i.USART_WakeUpConfig), (18 bytes).
    Removing startup_stm32f40_41xxx.o(HEAP), (512 bytes).
    Removing system_stm32f4xx.o(.rev16_text), (4 bytes).
    Removing system_stm32f4xx.o(.revsh_text), (4 bytes).
    Removing system_stm32f4xx.o(i.SystemCoreClockUpdate), (192 bytes).
    Removing system_stm32f4xx.o(.data), (20 bytes).
    Removing stm32f4xx_i2c.o(.rev16_text), (4 bytes).
    Removing stm32f4xx_i2c.o(.revsh_text), (4 bytes).
    Removing stm32f4xx_i2c.o(i.I2C_ARPCmd), (24 bytes).
    Removing stm32f4xx_i2c.o(i.I2C_AcknowledgeConfig), (24 bytes).
    Removing stm32f4xx_i2c.o(i.I2C_AnalogFilterCmd), (24 bytes).
    Removing stm32f4xx_i2c.o(i.I2C_CalculatePEC), (24 bytes).
    Removing stm32f4xx_i2c.o(i.I2C_ClearFlag), (12 bytes).
    Removing stm32f4xx_i2c.o(i.I2C_ClearITPendingBit), (12 bytes).
    Removing stm32f4xx_i2c.o(i.I2C_DMACmd), (24 bytes).
    Removing stm32f4xx_i2c.o(i.I2C_DMALastTransferCmd), (24 bytes).
    Removing stm32f4xx_i2c.o(i.I2C_DeInit), (96 bytes).
    Removing stm32f4xx_i2c.o(i.I2C_DigitalFilterConfig), (22 bytes).
    Removing stm32f4xx_i2c.o(i.I2C_DualAddressCmd), (24 bytes).
    Removing stm32f4xx_i2c.o(i.I2C_FastModeDutyCycleConfig), (28 bytes).
    Removing stm32f4xx_i2c.o(i.I2C_GeneralCallCmd), (24 bytes).
    Removing stm32f4xx_i2c.o(i.I2C_GetFlagStatus), (58 bytes).
    Removing stm32f4xx_i2c.o(i.I2C_GetITStatus), (38 bytes).
    Removing stm32f4xx_i2c.o(i.I2C_GetLastEvent), (26 bytes).
    Removing stm32f4xx_i2c.o(i.I2C_GetPEC), (8 bytes).
    Removing stm32f4xx_i2c.o(i.I2C_ITConfig), (18 bytes).
    Removing stm32f4xx_i2c.o(i.I2C_NACKPositionConfig), (28 bytes).
    Removing stm32f4xx_i2c.o(i.I2C_OwnAddress2Config), (22 bytes).
    Removing stm32f4xx_i2c.o(i.I2C_PECPositionConfig), (28 bytes).
    Removing stm32f4xx_i2c.o(i.I2C_ReadRegister), (22 bytes).
    Removing stm32f4xx_i2c.o(i.I2C_SMBusAlertConfig), (28 bytes).
    Removing stm32f4xx_i2c.o(i.I2C_SoftwareResetCmd), (22 bytes).
    Removing stm32f4xx_i2c.o(i.I2C_StretchClockCmd), (24 bytes).
    Removing stm32f4xx_i2c.o(i.I2C_StructInit), (30 bytes).
    Removing stm32f4xx_i2c.o(i.I2C_TransmitPEC), (24 bytes).
    Removing ce_lib.o(.rev16_text), (4 bytes).
    Removing ce_lib.o(.revsh_text), (4 bytes).
    Removing ce_lib.o(i.Delay), (24 bytes).
    Removing ce_lib.o(i.TimingDelay_Decrement), (24 bytes).
    Removing ce_lib.o(i.resetLED), (144 bytes).
    Removing ce_lib.o(i.setLED), (144 bytes).
    Removing ce_lib.o(.data), (4 bytes).
    Removing usart.o(.rev16_text), (4 bytes).
    Removing usart.o(.revsh_text), (4 bytes).
    Removing retarget.o(i._sys_exit), (4 bytes).
    Removing retarget.o(i._ttywrch), (20 bytes).
    Removing retarget.o(i.ferror), (8 bytes).
    Removing tft.o(.rev16_text), (4 bytes).
    Removing tft.o(.revsh_text), (4 bytes).
    Removing tft.o(i.TFT_bargraph_color), (54 bytes).
    Removing tft.o(i.TFT_bargraph_define), (254 bytes).
    Removing tft.o(i.TFT_bargraph_fill_pattern), (38 bytes).
    Removing tft.o(i.TFT_bargraph_frame), (38 bytes).
    Removing tft.o(i.TFT_bargraph_value), (46 bytes).
    Removing tft.o(i.TFT_buzzer_off), (36 bytes).
    Removing tft.o(i.TFT_buzzer_on), (38 bytes).
    Removing tft.o(i.TFT_carriage_return), (10 bytes).
    Removing tft.o(i.TFT_cursor_off), (36 bytes).
    Removing tft.o(i.TFT_cursor_on), (36 bytes).
    Removing tft.o(i.TFT_draw_line), (146 bytes).
    Removing tft.o(i.TFT_draw_rectangle), (146 bytes).
    Removing tft.o(i.TFT_get_data), (396 bytes).
    Removing tft.o(i.TFT_gotoxy), (46 bytes).
    Removing tft.o(i.TFT_graphic_cls), (30 bytes).
    Removing tft.o(i.TFT_graphic_puts), (166 bytes).
    Removing tft.o(i.TFT_graphic_puts_area), (202 bytes).
    Removing tft.o(i.TFT_graphic_set_point), (98 bytes).
    Removing tft.o(i.TFT_line_color), (46 bytes).
    Removing tft.o(i.TFT_newline), (10 bytes).
    Removing tft.o(i.TFT_puts), (20 bytes).
    Removing tft.o(i.TFT_release), (2 bytes).
    Removing tft.o(i.TFT_set_brightness), (38 bytes).
    Removing tft.o(i.TFT_set_font), (38 bytes).
    Removing tft.o(i.TFT_set_font_color), (44 bytes).
    Removing tft.o(i.TFT_set_graphic_color), (44 bytes).
    Removing tft.o(i.TFT_set_graphic_text_color), (44 bytes).
    Removing tft.o(i.TFT_set_graphic_text_font), (38 bytes).
    Removing tft.o(i.TFT_set_pixel_color), (44 bytes).
    Removing tft.o(i.TFT_set_window), (78 bytes).
    Removing tft.o(i.TFT_terminal_off), (30 bytes).
    Removing tft.o(i.TFT_touch_area), (176 bytes).
    Removing tft.o(i.TFT_touch_area_clear), (42 bytes).
    Removing tft.o(i.TFT_touch_area_color), (86 bytes).
    Removing tft.o(i.TFT_touch_area_font), (38 bytes).
    Removing tft.o(i.TFT_touch_area_font_color), (46 bytes).
    Removing tft.o(i.TFT_touch_area_frame), (46 bytes).
    Removing dadd.o(.text), (334 bytes).
    Removing dmul.o(.text), (228 bytes).
    Removing ddiv.o(.text), (222 bytes).
    Removing dfixul.o(.text), (48 bytes).
    Removing cdrcmple.o(.text), (40 bytes).
    Removing depilogue.o(.text), (190 bytes).

205 unused section(s) (total 9208 bytes) removed from the image.

==============================================================================

Image Symbol Table

    Local Symbols

    Symbol Name                              Value     Ov Type        Size  Object(Section)

    ../clib/microlib/ctype/ctype.c           0x00000000   Number         0  isspace_c.o ABSOLUTE
    ../clib/microlib/ctype/ctype.c           0x00000000   Number         0  ctype_c.o ABSOLUTE
    ../clib/microlib/division.c              0x00000000   Number         0  uldiv.o ABSOLUTE
    ../clib/microlib/division.c              0x00000000   Number         0  uidiv.o ABSOLUTE
    ../clib/microlib/init/entry.s            0x00000000   Number         0  entry8a.o ABSOLUTE
    ../clib/microlib/init/entry.s            0x00000000   Number         0  entry11b.o ABSOLUTE
    ../clib/microlib/init/entry.s            0x00000000   Number         0  entry2.o ABSOLUTE
    ../clib/microlib/init/entry.s            0x00000000   Number         0  entry10b.o ABSOLUTE
    ../clib/microlib/init/entry.s            0x00000000   Number         0  entry10a.o ABSOLUTE
    ../clib/microlib/init/entry.s            0x00000000   Number         0  entry9b.o ABSOLUTE
    ../clib/microlib/init/entry.s            0x00000000   Number         0  entry5.o ABSOLUTE
    ../clib/microlib/init/entry.s            0x00000000   Number         0  entry9a.o ABSOLUTE
    ../clib/microlib/init/entry.s            0x00000000   Number         0  entry11a.o ABSOLUTE
    ../clib/microlib/init/entry.s            0x00000000   Number         0  entry8b.o ABSOLUTE
    ../clib/microlib/init/entry.s            0x00000000   Number         0  entry.o ABSOLUTE
    ../clib/microlib/init/entry.s            0x00000000   Number         0  entry7b.o ABSOLUTE
    ../clib/microlib/init/entry.s            0x00000000   Number         0  entry7a.o ABSOLUTE
    ../clib/microlib/longlong.c              0x00000000   Number         0  llsshr.o ABSOLUTE
    ../clib/microlib/longlong.c              0x00000000   Number         0  llushr.o ABSOLUTE
    ../clib/microlib/longlong.c              0x00000000   Number         0  llshl.o ABSOLUTE
    ../clib/microlib/malloc/malloc.c         0x00000000   Number         0  malloca.o ABSOLUTE
    ../clib/microlib/malloc/malloc.c         0x00000000   Number         0  mallocr.o ABSOLUTE
    ../clib/microlib/malloc/malloc.c         0x00000000   Number         0  malloc.o ABSOLUTE
    ../clib/microlib/malloc/malloc.c         0x00000000   Number         0  mallocra.o ABSOLUTE
    ../clib/microlib/malloc/mvars.c          0x00000000   Number         0  mvars.o ABSOLUTE
    ../clib/microlib/printf/printf.c         0x00000000   Number         0  printf4.o ABSOLUTE
    ../clib/microlib/printf/printf.c         0x00000000   Number         0  printfa.o ABSOLUTE
    ../clib/microlib/printf/printf.c         0x00000000   Number         0  printf0.o ABSOLUTE
    ../clib/microlib/printf/printf.c         0x00000000   Number         0  printf1.o ABSOLUTE
    ../clib/microlib/printf/printf.c         0x00000000   Number         0  printf8.o ABSOLUTE
    ../clib/microlib/printf/printf.c         0x00000000   Number         0  printf2.o ABSOLUTE
    ../clib/microlib/printf/printf.c         0x00000000   Number         0  printf7.o ABSOLUTE
    ../clib/microlib/printf/printf.c         0x00000000   Number         0  printf5.o ABSOLUTE
    ../clib/microlib/printf/printf.c         0x00000000   Number         0  printf3.o ABSOLUTE
    ../clib/microlib/printf/printf.c         0x00000000   Number         0  printfb.o ABSOLUTE
    ../clib/microlib/printf/printf.c         0x00000000   Number         0  printf6.o ABSOLUTE
    ../clib/microlib/printf/stubs.s          0x00000000   Number         0  stubs.o ABSOLUTE
    ../clib/microlib/stdio/fflush.c          0x00000000   Number         0  fflush.o ABSOLUTE
    ../clib/microlib/stdio/fgetc.c           0x00000000   Number         0  fgetc_b.o ABSOLUTE
    ../clib/microlib/stdio/semi.s            0x00000000   Number         0  semi.o ABSOLUTE
    ../clib/microlib/string/memcpy.c         0x00000000   Number         0  memcpya.o ABSOLUTE
    ../clib/microlib/string/memcpy.c         0x00000000   Number         0  memcpyb.o ABSOLUTE
    ../clib/microlib/string/strlen.c         0x00000000   Number         0  strlen.o ABSOLUTE
    ../clib/microlib/stubs.s                 0x00000000   Number         0  iusefp.o ABSOLUTE
    ../clib/microlib/stubs.s                 0x00000000   Number         0  iusesemig.o ABSOLUTE
    ../clib/scanf.c                          0x00000000   Number         0  scanf_char.o ABSOLUTE
    ../clib/scanf.c                          0x00000000   Number         0  _chval.o ABSOLUTE
    ../clib/scanf.c                          0x00000000   Number         0  scanf_char_file.o ABSOLUTE
    ../clib/scanf.c                          0x00000000   Number         0  __0scanf.o ABSOLUTE
    ../clib/scanf.c                          0x00000000   Number         0  _scanf_int.o ABSOLUTE
    ../clib/scanf.c                          0x00000000   Number         0  _scanf.o ABSOLUTE
    ../fplib/microlib/fpadd.c                0x00000000   Number         0  dadd.o ABSOLUTE
    ../fplib/microlib/fpdiv.c                0x00000000   Number         0  ddiv.o ABSOLUTE
    ../fplib/microlib/fpepilogue.c           0x00000000   Number         0  depilogue.o ABSOLUTE
    ../fplib/microlib/fpfix.c                0x00000000   Number         0  dfixul.o ABSOLUTE
    ../fplib/microlib/fpmul.c                0x00000000   Number         0  dmul.o ABSOLUTE
    Libraries\CMSIS\CM3\CoreSupport\core_cm3.c 0x00000000   Number         0  core_cm3.o ABSOLUTE
    Libraries\Device\startup_stm32f40_41xxx.s 0x00000000   Number         0  startup_stm32f40_41xxx.o ABSOLUTE
    Libraries\Device\system_stm32f4xx.c      0x00000000   Number         0  system_stm32f4xx.o ABSOLUTE
    Libraries\StdPeriph_Driver\src\misc.c    0x00000000   Number         0  misc.o ABSOLUTE
    Libraries\StdPeriph_Driver\src\stm32f4xx_gpio.c 0x00000000   Number         0  stm32f4xx_gpio.o ABSOLUTE
    Libraries\StdPeriph_Driver\src\stm32f4xx_i2c.c 0x00000000   Number         0  stm32f4xx_i2c.o ABSOLUTE
    Libraries\StdPeriph_Driver\src\stm32f4xx_rcc.c 0x00000000   Number         0  stm32f4xx_rcc.o ABSOLUTE
    Libraries\StdPeriph_Driver\src\stm32f4xx_usart.c 0x00000000   Number         0  stm32f4xx_usart.o ABSOLUTE
    Libraries\TiLib\CE_Lib.c                 0x00000000   Number         0  ce_lib.o ABSOLUTE
    Libraries\TiLib\Retarget.c               0x00000000   Number         0  retarget.o ABSOLUTE
    Libraries\TiLib\Usart.c                  0x00000000   Number         0  usart.o ABSOLUTE
    Libraries\TiLib\tft.c                    0x00000000   Number         0  tft.o ABSOLUTE
    Libraries\\CMSIS\\CM3\\CoreSupport\\core_cm3.c 0x00000000   Number         0  core_cm3.o ABSOLUTE
    Libraries\\Device\\system_stm32f4xx.c    0x00000000   Number         0  system_stm32f4xx.o ABSOLUTE
    Libraries\\StdPeriph_Driver\\src\\misc.c 0x00000000   Number         0  misc.o ABSOLUTE
    Libraries\\StdPeriph_Driver\\src\\stm32f4xx_gpio.c 0x00000000   Number         0  stm32f4xx_gpio.o ABSOLUTE
    Libraries\\StdPeriph_Driver\\src\\stm32f4xx_i2c.c 0x00000000   Number         0  stm32f4xx_i2c.o ABSOLUTE
    Libraries\\StdPeriph_Driver\\src\\stm32f4xx_rcc.c 0x00000000   Number         0  stm32f4xx_rcc.o ABSOLUTE
    Libraries\\StdPeriph_Driver\\src\\stm32f4xx_usart.c 0x00000000   Number         0  stm32f4xx_usart.o ABSOLUTE
    Libraries\\TiLib\\CE_Lib.c               0x00000000   Number         0  ce_lib.o ABSOLUTE
    Libraries\\TiLib\\Usart.c                0x00000000   Number         0  usart.o ABSOLUTE
    Libraries\\TiLib\\tft.c                  0x00000000   Number         0  tft.o ABSOLUTE
    Project\\gpio.c                          0x00000000   Number         0  gpio.o ABSOLUTE
    Project\\labor5.c                        0x00000000   Number         0  labor5.o ABSOLUTE
    Project\\main.c                          0x00000000   Number         0  main.o ABSOLUTE
    Project\\spi.c                           0x00000000   Number         0  spi.o ABSOLUTE
    Project\\spi_mem.c                       0x00000000   Number         0  spi_mem.o ABSOLUTE
    Project\gpio.c                           0x00000000   Number         0  gpio.o ABSOLUTE
    Project\labor5.c                         0x00000000   Number         0  labor5.o ABSOLUTE
    Project\main.c                           0x00000000   Number         0  main.o ABSOLUTE
    Project\spi.c                            0x00000000   Number         0  spi.o ABSOLUTE
    Project\spi_mem.c                        0x00000000   Number         0  spi_mem.o ABSOLUTE
    Project\tests\spi_mem_test.c             0x00000000   Number         0  spi_mem_test.o ABSOLUTE
    cdrcmple.s                               0x00000000   Number         0  cdrcmple.o ABSOLUTE
    dc.s                                     0x00000000   Number         0  dc.o ABSOLUTE
    handlers.s                               0x00000000   Number         0  handlers.o ABSOLUTE
    init.s                                   0x00000000   Number         0  init.o ABSOLUTE
    RESET                                    0x08000000   Section      392  startup_stm32f40_41xxx.o(RESET)
    .ARM.Collect$$$$00000000                 0x08000188   Section        0  entry.o(.ARM.Collect$$$$00000000)
    .ARM.Collect$$$$00000001                 0x08000188   Section        4  entry2.o(.ARM.Collect$$$$00000001)
    .ARM.Collect$$$$00000004                 0x0800018c   Section        4  entry5.o(.ARM.Collect$$$$00000004)
    .ARM.Collect$$$$00000008                 0x08000190   Section        0  entry7b.o(.ARM.Collect$$$$00000008)
    .ARM.Collect$$$$0000000A                 0x08000190   Section        0  entry8b.o(.ARM.Collect$$$$0000000A)
    .ARM.Collect$$$$0000000B                 0x08000190   Section        8  entry9a.o(.ARM.Collect$$$$0000000B)
    .ARM.Collect$$$$0000000D                 0x08000198   Section        0  entry10a.o(.ARM.Collect$$$$0000000D)
    .ARM.Collect$$$$0000000F                 0x08000198   Section        0  entry11a.o(.ARM.Collect$$$$0000000F)
    .ARM.Collect$$$$00002712                 0x08000198   Section        4  entry2.o(.ARM.Collect$$$$00002712)
    __lit__00000000                          0x08000198   Data           4  entry2.o(.ARM.Collect$$$$00002712)
    .text                                    0x0800019c   Section       36  startup_stm32f40_41xxx.o(.text)
    $v0                                      0x0800019c   Number         0  startup_stm32f40_41xxx.o(.text)
    .text                                    0x080001c0   Section        0  __0scanf.o(.text)
    .text                                    0x080001e0   Section        0  _scanf_int.o(.text)
    .text                                    0x08000330   Section        0  uldiv.o(.text)
    .text                                    0x08000392   Section        0  _chval.o(.text)
    .text                                    0x080003b0   Section        0  scanf_char_file.o(.text)
    .text                                    0x080003c4   Section       36  init.o(.text)
    .text                                    0x080003e8   Section        0  fgetc_b.o(.text)
    .text                                    0x08000414   Section        0  llshl.o(.text)
    .text                                    0x08000432   Section        0  llushr.o(.text)
    .text                                    0x08000454   Section        0  scanf_char.o(.text)
    _scanf_char_input                        0x08000455   Thumb Code    12  scanf_char.o(.text)
    .text                                    0x0800047c   Section        0  semi.o(.text)
    .text                                    0x0800047c   Section        0  isspace_c.o(.text)
    .text                                    0x08000488   Section        0  _scanf.o(.text)
    .text                                    0x080007b4   Section        0  iusesemig.o(.text)
    .text                                    0x080007b4   Section        0  ctype_c.o(.text)
    i.GPIO_Init                              0x080007dc   Section        0  stm32f4xx_gpio.o(i.GPIO_Init)
    i.GPIO_PinAFConfig                       0x0800086c   Section        0  stm32f4xx_gpio.o(i.GPIO_PinAFConfig)
    i.I2C_CheckEvent                         0x080008b2   Section        0  stm32f4xx_i2c.o(i.I2C_CheckEvent)
    i.I2C_Cmd                                0x080008dc   Section        0  stm32f4xx_i2c.o(i.I2C_Cmd)
    i.I2C_GenerateSTART                      0x080008f4   Section        0  stm32f4xx_i2c.o(i.I2C_GenerateSTART)
    i.I2C_GenerateSTOP                       0x0800090c   Section        0  stm32f4xx_i2c.o(i.I2C_GenerateSTOP)
    i.I2C_Init                               0x08000924   Section        0  stm32f4xx_i2c.o(i.I2C_Init)
    i.I2C_ReceiveData                        0x08000a0c   Section        0  stm32f4xx_i2c.o(i.I2C_ReceiveData)
    i.I2C_Send7bitAddress                    0x08000a14   Section        0  stm32f4xx_i2c.o(i.I2C_Send7bitAddress)
    i.I2C_SendData                           0x08000a24   Section        0  stm32f4xx_i2c.o(i.I2C_SendData)
    i.NVIC_Init                              0x08000a28   Section        0  misc.o(i.NVIC_Init)
    i.NVIC_PriorityGroupConfig               0x08000aa0   Section        0  misc.o(i.NVIC_PriorityGroupConfig)
    i.RCC_AHB1PeriphClockCmd                 0x08000ab4   Section        0  stm32f4xx_rcc.o(i.RCC_AHB1PeriphClockCmd)
    i.RCC_APB1PeriphClockCmd                 0x08000ad4   Section        0  stm32f4xx_rcc.o(i.RCC_APB1PeriphClockCmd)
    i.RCC_APB1PeriphResetCmd                 0x08000af4   Section        0  stm32f4xx_rcc.o(i.RCC_APB1PeriphResetCmd)
    i.RCC_APB2PeriphClockCmd                 0x08000b14   Section        0  stm32f4xx_rcc.o(i.RCC_APB2PeriphClockCmd)
    i.RCC_GetClocksFreq                      0x08000b34   Section        0  stm32f4xx_rcc.o(i.RCC_GetClocksFreq)
    i.SetSysClock                            0x08000c1c   Section        0  system_stm32f4xx.o(i.SetSysClock)
    SetSysClock                              0x08000c1d   Thumb Code   218  system_stm32f4xx.o(i.SetSysClock)
    i.SystemInit                             0x08000d08   Section        0  system_stm32f4xx.o(i.SystemInit)
    i.TFT_Init                               0x08000d70   Section        0  tft.o(i.TFT_Init)
    i.TFT_cls                                0x08000e34   Section        0  tft.o(i.TFT_cls)
    i.TFT_putc                               0x08000e3e   Section        0  tft.o(i.TFT_putc)
    i.TFT_send_data                          0x08000e5c   Section        0  tft.o(i.TFT_send_data)
    i.TFT_terminal_on                        0x08000f90   Section        0  tft.o(i.TFT_terminal_on)
    i.USART6_IRQHandler                      0x08000fb0   Section        0  usart.o(i.USART6_IRQHandler)
    i.USART_Buffer_Init                      0x08001054   Section        0  usart.o(i.USART_Buffer_Init)
    i.USART_Cmd                              0x08001078   Section        0  stm32f4xx_usart.o(i.USART_Cmd)
    i.USART_Device_Init                      0x08001090   Section        0  usart.o(i.USART_Device_Init)
    i.USART_GetKey                           0x08001160   Section        0  usart.o(i.USART_GetKey)
    i.USART_Init                             0x0800118c   Section        0  stm32f4xx_usart.o(i.USART_Init)
    i.USART_OverSampling8Cmd                 0x08001260   Section        0  stm32f4xx_usart.o(i.USART_OverSampling8Cmd)
    i.USART_SendChar                         0x08001278   Section        0  usart.o(i.USART_SendChar)
    i.__0printf$8                            0x080012cc   Section        0  printf8.o(i.__0printf$8)
    i.__scatterload_copy                     0x080012ec   Section       14  handlers.o(i.__scatterload_copy)
    i.__scatterload_null                     0x080012fa   Section        2  handlers.o(i.__scatterload_null)
    i.__scatterload_zeroinit                 0x080012fc   Section       14  handlers.o(i.__scatterload_zeroinit)
    i._printf_core                           0x0800130c   Section        0  printf8.o(i._printf_core)
    _printf_core                             0x0800130d   Thumb Code   988  printf8.o(i._printf_core)
    i._printf_post_padding                   0x08001714   Section        0  printf8.o(i._printf_post_padding)
    _printf_post_padding                     0x08001715   Thumb Code    38  printf8.o(i._printf_post_padding)
    i._printf_pre_padding                    0x0800173a   Section        0  printf8.o(i._printf_pre_padding)
    _printf_pre_padding                      0x0800173b   Thumb Code    48  printf8.o(i._printf_pre_padding)
    i.disable_SSEL                           0x0800176c   Section        0  spi_mem.o(i.disable_SSEL)
    disable_SSEL                             0x0800176d   Thumb Code    22  spi_mem.o(i.disable_SSEL)
    i.enable_SSEL                            0x0800178c   Section        0  spi_mem.o(i.enable_SSEL)
    enable_SSEL                              0x0800178d   Thumb Code    22  spi_mem.o(i.enable_SSEL)
    i.fgetc                                  0x080017ac   Section        0  retarget.o(i.fgetc)
    i.fputc                                  0x080017cc   Section        0  retarget.o(i.fputc)
    i.gpio_setup                             0x080017f8   Section        0  gpio.o(i.gpio_setup)
    i.initCEP_Board                          0x080018a8   Section        0  ce_lib.o(i.initCEP_Board)
    i.initIO                                 0x080018bc   Section        0  ce_lib.o(i.initIO)
    i.labor5                                 0x08001990   Section        0  labor5.o(i.labor5)
    i.main                                   0x08001f7c   Section        0  main.o(i.main)
    i.spiFLashMemGlobalUnprotect             0x08001f90   Section        0  spi_mem.o(i.spiFLashMemGlobalUnprotect)
    spiFLashMemGlobalUnprotect               0x08001f91   Thumb Code    30  spi_mem.o(i.spiFLashMemGlobalUnprotect)
    i.spiFlashMemCompare                     0x08001fae   Section        0  spi_mem.o(i.spiFlashMemCompare)
    i.spiFlashMemCopy                        0x08002054   Section        0  spi_mem.o(i.spiFlashMemCopy)
    i.spiFlashMemErase                       0x080020d4   Section        0  spi_mem.o(i.spiFlashMemErase)
    i.spiFlashMemEraseBlock                  0x0800222c   Section        0  spi_mem.o(i.spiFlashMemEraseBlock)
    spiFlashMemEraseBlock                    0x0800222d   Thumb Code    74  spi_mem.o(i.spiFlashMemEraseBlock)
    i.spiFlashMemRead                        0x08002276   Section        0  spi_mem.o(i.spiFlashMemRead)
    i.spiFlashMemSetWriteEnable              0x080022d6   Section        0  spi_mem.o(i.spiFlashMemSetWriteEnable)
    spiFlashMemSetWriteEnable                0x080022d7   Thumb Code    24  spi_mem.o(i.spiFlashMemSetWriteEnable)
    i.spiFlashMemWaitReady                   0x080022ee   Section        0  spi_mem.o(i.spiFlashMemWaitReady)
    spiFlashMemWaitReady                     0x080022ef   Thumb Code    48  spi_mem.o(i.spiFlashMemWaitReady)
    i.spiFlashMemWrite                       0x0800231e   Section        0  spi_mem.o(i.spiFlashMemWrite)
    i.spiFlashMemWritePage                   0x0800237a   Section        0  spi_mem.o(i.spiFlashMemWritePage)
    spiFlashMemWritePage                     0x0800237b   Thumb Code    98  spi_mem.o(i.spiFlashMemWritePage)
    i.spiTransfer                            0x080023dc   Section        0  spi.o(i.spiTransfer)
    i.spi_setup                              0x080023fc   Section        0  spi.o(i.spi_setup)
    i.tft_delay                              0x0800241c   Section        0  tft.o(i.tft_delay)
    tft_delay                                0x0800241d   Thumb Code    16  tft.o(i.tft_delay)
    .constdata                               0x0800242c   Section      144  labor5.o(.constdata)
    .constdata                               0x080024bc   Section       64  ctype_c.o(.constdata)
    .data                                    0x20000000   Section        4  labor5.o(.data)
    i                                        0x20000000   Data           4  labor5.o(.data)
    .data                                    0x20000004   Section       16  stm32f4xx_rcc.o(.data)
    APBAHBPrescTable                         0x20000004   Data          16  stm32f4xx_rcc.o(.data)
    .data                                    0x20000014   Section        4  usart.o(.data)
    tx_restart                               0x20000014   Data           4  usart.o(.data)
    .data                                    0x20000018   Section        8  retarget.o(.data)
    .data                                    0x20000020   Section        3  fgetc_b.o(.data)
    ungetc_sp                                0x20000020   Data           1  fgetc_b.o(.data)
    ungetc_stack                             0x20000021   Data           2  fgetc_b.o(.data)
    .bss                                     0x20000024   Section     4120  labor5.o(.bss)
    eingabe                                  0x20000024   Data          24  labor5.o(.bss)
    bufferRead                               0x2000003c   Data        4096  labor5.o(.bss)
    .bss                                     0x2000103c   Section      528  usart.o(.bss)
    rbuf                                     0x2000103c   Data         264  usart.o(.bss)
    tbuf                                     0x20001144   Data         264  usart.o(.bss)
    .bss                                     0x2000124c   Section      521  tft.o(.bss)
    cmd                                      0x2000124c   Data         262  tft.o(.bss)
    TFT_send_buffer                          0x20001352   Data         259  tft.o(.bss)
    STACK                                    0x20001458   Section     1024  startup_stm32f40_41xxx.o(STACK)

    Global Symbols

    Symbol Name                              Value     Ov Type        Size  Object(Section)

    BuildAttributes$$THM_ISAv4$E$P$D$K$B$S$7EM$VFPi3$EXTD16$VFPS$VFMA$PE$A:L22UL41UL21$X:L11$S22US41US21$IEEE1$IW$USESV6$~STKCKD$USESV7$~SHL$OSPACE$ROPI$EBA8$MICROLIB$REQ8$PRES8$EABIv2 0x00000000   Number         0  anon$$obj.o ABSOLUTE
    __ARM_use_no_argv                        0x00000000   Number         0  main.o ABSOLUTE
    _printf_a                                0x00000000   Number         0  stubs.o ABSOLUTE
    _printf_c                                0x00000000   Number         0  stubs.o ABSOLUTE
    _printf_charcount                        0x00000000   Number         0  stubs.o ABSOLUTE
    _printf_d                                0x00000000   Number         0  stubs.o ABSOLUTE
    _printf_e                                0x00000000   Number         0  stubs.o ABSOLUTE
    _printf_f                                0x00000000   Number         0  stubs.o ABSOLUTE
    _printf_flags                            0x00000000   Number         0  stubs.o ABSOLUTE
    _printf_fp_dec                           0x00000000   Number         0  stubs.o ABSOLUTE
    _printf_fp_hex                           0x00000000   Number         0  stubs.o ABSOLUTE
    _printf_g                                0x00000000   Number         0  stubs.o ABSOLUTE
    _printf_i                                0x00000000   Number         0  stubs.o ABSOLUTE
    _printf_int_dec                          0x00000000   Number         0  stubs.o ABSOLUTE
    _printf_l                                0x00000000   Number         0  stubs.o ABSOLUTE
    _printf_lc                               0x00000000   Number         0  stubs.o ABSOLUTE
    _printf_ll                               0x00000000   Number         0  stubs.o ABSOLUTE
    _printf_lld                              0x00000000   Number         0  stubs.o ABSOLUTE
    _printf_lli                              0x00000000   Number         0  stubs.o ABSOLUTE
    _printf_llo                              0x00000000   Number         0  stubs.o ABSOLUTE
    _printf_llu                              0x00000000   Number         0  stubs.o ABSOLUTE
    _printf_llx                              0x00000000   Number         0  stubs.o ABSOLUTE
    _printf_longlong_dec                     0x00000000   Number         0  stubs.o ABSOLUTE
    _printf_longlong_hex                     0x00000000   Number         0  stubs.o ABSOLUTE
    _printf_longlong_oct                     0x00000000   Number         0  stubs.o ABSOLUTE
    _printf_ls                               0x00000000   Number         0  stubs.o ABSOLUTE
    _printf_mbtowc                           0x00000000   Number         0  stubs.o ABSOLUTE
    _printf_n                                0x00000000   Number         0  stubs.o ABSOLUTE
    _printf_o                                0x00000000   Number         0  stubs.o ABSOLUTE
    _printf_p                                0x00000000   Number         0  stubs.o ABSOLUTE
    _printf_percent                          0x00000000   Number         0  stubs.o ABSOLUTE
    _printf_pre_padding                      0x00000000   Number         0  stubs.o ABSOLUTE
    _printf_return_value                     0x00000000   Number         0  stubs.o ABSOLUTE
    _printf_s                                0x00000000   Number         0  stubs.o ABSOLUTE
    _printf_sizespec                         0x00000000   Number         0  stubs.o ABSOLUTE
    _printf_str                              0x00000000   Number         0  stubs.o ABSOLUTE
    _printf_truncate_signed                  0x00000000   Number         0  stubs.o ABSOLUTE
    _printf_truncate_unsigned                0x00000000   Number         0  stubs.o ABSOLUTE
    _printf_u                                0x00000000   Number         0  stubs.o ABSOLUTE
    _printf_wc                               0x00000000   Number         0  stubs.o ABSOLUTE
    _printf_wctomb                           0x00000000   Number         0  stubs.o ABSOLUTE
    _printf_widthprec                        0x00000000   Number         0  stubs.o ABSOLUTE
    _printf_x                                0x00000000   Number         0  stubs.o ABSOLUTE
    __cpp_initialize__aeabi_                  - Undefined Weak Reference
    __cxa_finalize                            - Undefined Weak Reference
    __decompress                              - Undefined Weak Reference
    _clock_init                               - Undefined Weak Reference
    _microlib_exit                            - Undefined Weak Reference
    _scanf_longlong                           - Undefined Weak Reference
    _scanf_real                               - Undefined Weak Reference
    _scanf_string                             - Undefined Weak Reference
    __Vectors_Size                           0x00000188   Number         0  startup_stm32f40_41xxx.o ABSOLUTE
    __Vectors                                0x08000000   Data           4  startup_stm32f40_41xxx.o(RESET)
    __Vectors_End                            0x08000188   Data           0  startup_stm32f40_41xxx.o(RESET)
    __main                                   0x08000189   Thumb Code     0  entry.o(.ARM.Collect$$$$00000000)
    _main_stk                                0x08000189   Thumb Code     0  entry2.o(.ARM.Collect$$$$00000001)
    _main_scatterload                        0x0800018d   Thumb Code     0  entry5.o(.ARM.Collect$$$$00000004)
    __main_after_scatterload                 0x08000191   Thumb Code     0  entry5.o(.ARM.Collect$$$$00000004)
    _main_clock                              0x08000191   Thumb Code     0  entry7b.o(.ARM.Collect$$$$00000008)
    _main_cpp_init                           0x08000191   Thumb Code     0  entry8b.o(.ARM.Collect$$$$0000000A)
    _main_init                               0x08000191   Thumb Code     0  entry9a.o(.ARM.Collect$$$$0000000B)
    __rt_final_cpp                           0x08000199   Thumb Code     0  entry10a.o(.ARM.Collect$$$$0000000D)
    __rt_final_exit                          0x08000199   Thumb Code     0  entry11a.o(.ARM.Collect$$$$0000000F)
    Reset_Handler                            0x0800019d   Thumb Code     8  startup_stm32f40_41xxx.o(.text)
    NMI_Handler                              0x080001a5   Thumb Code     2  startup_stm32f40_41xxx.o(.text)
    HardFault_Handler                        0x080001a7   Thumb Code     2  startup_stm32f40_41xxx.o(.text)
    MemManage_Handler                        0x080001a9   Thumb Code     2  startup_stm32f40_41xxx.o(.text)
    BusFault_Handler                         0x080001ab   Thumb Code     2  startup_stm32f40_41xxx.o(.text)
    UsageFault_Handler                       0x080001ad   Thumb Code     2  startup_stm32f40_41xxx.o(.text)
    SVC_Handler                              0x080001af   Thumb Code     2  startup_stm32f40_41xxx.o(.text)
    DebugMon_Handler                         0x080001b1   Thumb Code     2  startup_stm32f40_41xxx.o(.text)
    PendSV_Handler                           0x080001b3   Thumb Code     2  startup_stm32f40_41xxx.o(.text)
    SysTick_Handler                          0x080001b5   Thumb Code     2  startup_stm32f40_41xxx.o(.text)
    ADC_IRQHandler                           0x080001b7   Thumb Code     0  startup_stm32f40_41xxx.o(.text)
    CAN1_RX0_IRQHandler                      0x080001b7   Thumb Code     0  startup_stm32f40_41xxx.o(.text)
    CAN1_RX1_IRQHandler                      0x080001b7   Thumb Code     0  startup_stm32f40_41xxx.o(.text)
    CAN1_SCE_IRQHandler                      0x080001b7   Thumb Code     0  startup_stm32f40_41xxx.o(.text)
    CAN1_TX_IRQHandler                       0x080001b7   Thumb Code     0  startup_stm32f40_41xxx.o(.text)
    CAN2_RX0_IRQHandler                      0x080001b7   Thumb Code     0  startup_stm32f40_41xxx.o(.text)
    CAN2_RX1_IRQHandler                      0x080001b7   Thumb Code     0  startup_stm32f40_41xxx.o(.text)
    CAN2_SCE_IRQHandler                      0x080001b7   Thumb Code     0  startup_stm32f40_41xxx.o(.text)
    CAN2_TX_IRQHandler                       0x080001b7   Thumb Code     0  startup_stm32f40_41xxx.o(.text)
    CRYP_IRQHandler                          0x080001b7   Thumb Code     0  startup_stm32f40_41xxx.o(.text)
    DCMI_IRQHandler                          0x080001b7   Thumb Code     0  startup_stm32f40_41xxx.o(.text)
    DMA1_Stream0_IRQHandler                  0x080001b7   Thumb Code     0  startup_stm32f40_41xxx.o(.text)
    DMA1_Stream1_IRQHandler                  0x080001b7   Thumb Code     0  startup_stm32f40_41xxx.o(.text)
    DMA1_Stream2_IRQHandler                  0x080001b7   Thumb Code     0  startup_stm32f40_41xxx.o(.text)
    DMA1_Stream3_IRQHandler                  0x080001b7   Thumb Code     0  startup_stm32f40_41xxx.o(.text)
    DMA1_Stream4_IRQHandler                  0x080001b7   Thumb Code     0  startup_stm32f40_41xxx.o(.text)
    DMA1_Stream5_IRQHandler                  0x080001b7   Thumb Code     0  startup_stm32f40_41xxx.o(.text)
    DMA1_Stream6_IRQHandler                  0x080001b7   Thumb Code     0  startup_stm32f40_41xxx.o(.text)
    DMA1_Stream7_IRQHandler                  0x080001b7   Thumb Code     0  startup_stm32f40_41xxx.o(.text)
    DMA2_Stream0_IRQHandler                  0x080001b7   Thumb Code     0  startup_stm32f40_41xxx.o(.text)
    DMA2_Stream1_IRQHandler                  0x080001b7   Thumb Code     0  startup_stm32f40_41xxx.o(.text)
    DMA2_Stream2_IRQHandler                  0x080001b7   Thumb Code     0  startup_stm32f40_41xxx.o(.text)
    DMA2_Stream3_IRQHandler                  0x080001b7   Thumb Code     0  startup_stm32f40_41xxx.o(.text)
    DMA2_Stream4_IRQHandler                  0x080001b7   Thumb Code     0  startup_stm32f40_41xxx.o(.text)
    DMA2_Stream5_IRQHandler                  0x080001b7   Thumb Code     0  startup_stm32f40_41xxx.o(.text)
    DMA2_Stream6_IRQHandler                  0x080001b7   Thumb Code     0  startup_stm32f40_41xxx.o(.text)
    DMA2_Stream7_IRQHandler                  0x080001b7   Thumb Code     0  startup_stm32f40_41xxx.o(.text)
    ETH_IRQHandler                           0x080001b7   Thumb Code     0  startup_stm32f40_41xxx.o(.text)
    ETH_WKUP_IRQHandler                      0x080001b7   Thumb Code     0  startup_stm32f40_41xxx.o(.text)
    EXTI0_IRQHandler                         0x080001b7   Thumb Code     0  startup_stm32f40_41xxx.o(.text)
    EXTI15_10_IRQHandler                     0x080001b7   Thumb Code     0  startup_stm32f40_41xxx.o(.text)
    EXTI1_IRQHandler                         0x080001b7   Thumb Code     0  startup_stm32f40_41xxx.o(.text)
    EXTI2_IRQHandler                         0x080001b7   Thumb Code     0  startup_stm32f40_41xxx.o(.text)
    EXTI3_IRQHandler                         0x080001b7   Thumb Code     0  startup_stm32f40_41xxx.o(.text)
    EXTI4_IRQHandler                         0x080001b7   Thumb Code     0  startup_stm32f40_41xxx.o(.text)
    EXTI9_5_IRQHandler                       0x080001b7   Thumb Code     0  startup_stm32f40_41xxx.o(.text)
    FLASH_IRQHandler                         0x080001b7   Thumb Code     0  startup_stm32f40_41xxx.o(.text)
    FPU_IRQHandler                           0x080001b7   Thumb Code     0  startup_stm32f40_41xxx.o(.text)
    FSMC_IRQHandler                          0x080001b7   Thumb Code     0  startup_stm32f40_41xxx.o(.text)
    HASH_RNG_IRQHandler                      0x080001b7   Thumb Code     0  startup_stm32f40_41xxx.o(.text)
    I2C1_ER_IRQHandler                       0x080001b7   Thumb Code     0  startup_stm32f40_41xxx.o(.text)
    I2C1_EV_IRQHandler                       0x080001b7   Thumb Code     0  startup_stm32f40_41xxx.o(.text)
    I2C2_ER_IRQHandler                       0x080001b7   Thumb Code     0  startup_stm32f40_41xxx.o(.text)
    I2C2_EV_IRQHandler                       0x080001b7   Thumb Code     0  startup_stm32f40_41xxx.o(.text)
    I2C3_ER_IRQHandler                       0x080001b7   Thumb Code     0  startup_stm32f40_41xxx.o(.text)
    I2C3_EV_IRQHandler                       0x080001b7   Thumb Code     0  startup_stm32f40_41xxx.o(.text)
    OTG_FS_IRQHandler                        0x080001b7   Thumb Code     0  startup_stm32f40_41xxx.o(.text)
    OTG_FS_WKUP_IRQHandler                   0x080001b7   Thumb Code     0  startup_stm32f40_41xxx.o(.text)
    OTG_HS_EP1_IN_IRQHandler                 0x080001b7   Thumb Code     0  startup_stm32f40_41xxx.o(.text)
    OTG_HS_EP1_OUT_IRQHandler                0x080001b7   Thumb Code     0  startup_stm32f40_41xxx.o(.text)
    OTG_HS_IRQHandler                        0x080001b7   Thumb Code     0  startup_stm32f40_41xxx.o(.text)
    OTG_HS_WKUP_IRQHandler                   0x080001b7   Thumb Code     0  startup_stm32f40_41xxx.o(.text)
    PVD_IRQHandler                           0x080001b7   Thumb Code     0  startup_stm32f40_41xxx.o(.text)
    RCC_IRQHandler                           0x080001b7   Thumb Code     0  startup_stm32f40_41xxx.o(.text)
    RTC_Alarm_IRQHandler                     0x080001b7   Thumb Code     0  startup_stm32f40_41xxx.o(.text)
    RTC_WKUP_IRQHandler                      0x080001b7   Thumb Code     0  startup_stm32f40_41xxx.o(.text)
    SDIO_IRQHandler                          0x080001b7   Thumb Code     0  startup_stm32f40_41xxx.o(.text)
    SPI1_IRQHandler                          0x080001b7   Thumb Code     0  startup_stm32f40_41xxx.o(.text)
    SPI2_IRQHandler                          0x080001b7   Thumb Code     0  startup_stm32f40_41xxx.o(.text)
    SPI3_IRQHandler                          0x080001b7   Thumb Code     0  startup_stm32f40_41xxx.o(.text)
    TAMP_STAMP_IRQHandler                    0x080001b7   Thumb Code     0  startup_stm32f40_41xxx.o(.text)
    TIM1_BRK_TIM9_IRQHandler                 0x080001b7   Thumb Code     0  startup_stm32f40_41xxx.o(.text)
    TIM1_CC_IRQHandler                       0x080001b7   Thumb Code     0  startup_stm32f40_41xxx.o(.text)
    TIM1_TRG_COM_TIM11_IRQHandler            0x080001b7   Thumb Code     0  startup_stm32f40_41xxx.o(.text)
    TIM1_UP_TIM10_IRQHandler                 0x080001b7   Thumb Code     0  startup_stm32f40_41xxx.o(.text)
    TIM2_IRQHandler                          0x080001b7   Thumb Code     0  startup_stm32f40_41xxx.o(.text)
    TIM3_IRQHandler                          0x080001b7   Thumb Code     0  startup_stm32f40_41xxx.o(.text)
    TIM4_IRQHandler                          0x080001b7   Thumb Code     0  startup_stm32f40_41xxx.o(.text)
    TIM5_IRQHandler                          0x080001b7   Thumb Code     0  startup_stm32f40_41xxx.o(.text)
    TIM6_DAC_IRQHandler                      0x080001b7   Thumb Code     0  startup_stm32f40_41xxx.o(.text)
    TIM7_IRQHandler                          0x080001b7   Thumb Code     0  startup_stm32f40_41xxx.o(.text)
    TIM8_BRK_TIM12_IRQHandler                0x080001b7   Thumb Code     0  startup_stm32f40_41xxx.o(.text)
    TIM8_CC_IRQHandler                       0x080001b7   Thumb Code     0  startup_stm32f40_41xxx.o(.text)
    TIM8_TRG_COM_TIM14_IRQHandler            0x080001b7   Thumb Code     0  startup_stm32f40_41xxx.o(.text)
    TIM8_UP_TIM13_IRQHandler                 0x080001b7   Thumb Code     0  startup_stm32f40_41xxx.o(.text)
    UART4_IRQHandler                         0x080001b7   Thumb Code     0  startup_stm32f40_41xxx.o(.text)
    UART5_IRQHandler                         0x080001b7   Thumb Code     0  startup_stm32f40_41xxx.o(.text)
    USART1_IRQHandler                        0x080001b7   Thumb Code     0  startup_stm32f40_41xxx.o(.text)
    USART2_IRQHandler                        0x080001b7   Thumb Code     0  startup_stm32f40_41xxx.o(.text)
    USART3_IRQHandler                        0x080001b7   Thumb Code     0  startup_stm32f40_41xxx.o(.text)
    WWDG_IRQHandler                          0x080001b7   Thumb Code     0  startup_stm32f40_41xxx.o(.text)
    __0scanf                                 0x080001c1   Thumb Code    26  __0scanf.o(.text)
    _scanf_int                               0x080001e1   Thumb Code   336  _scanf_int.o(.text)
    __aeabi_uldivmod                         0x08000331   Thumb Code    98  uldiv.o(.text)
    _chval                                   0x08000393   Thumb Code    28  _chval.o(.text)
    __vfscanf_char_file                      0x080003b1   Thumb Code    12  scanf_char_file.o(.text)
    __scatterload                            0x080003c5   Thumb Code    28  init.o(.text)
    __scatterload_rt2                        0x080003c5   Thumb Code     0  init.o(.text)
    _fgetc$bs                                0x080003e9   Thumb Code    28  fgetc_b.o(.text)
    __backspace                              0x08000405   Thumb Code    10  fgetc_b.o(.text)
    __aeabi_llsl                             0x08000415   Thumb Code    30  llshl.o(.text)
    _ll_shift_l                              0x08000415   Thumb Code     0  llshl.o(.text)
    __aeabi_llsr                             0x08000433   Thumb Code    32  llushr.o(.text)
    _ll_ushift_r                             0x08000433   Thumb Code     0  llushr.o(.text)
    __vfscanf_char                           0x08000461   Thumb Code    20  scanf_char.o(.text)
    __semihosting_library_function           0x0800047d   Thumb Code     0  semi.o(.text)
    isspace                                  0x0800047d   Thumb Code    10  isspace_c.o(.text)
    __vfscanf                                0x08000489   Thumb Code   806  _scanf.o(.text)
    __I$use$semihosting$fgetc                0x080007b5   Thumb Code     0  iusesemig.o(.text)
    __ctype_lookup                           0x080007b5   Thumb Code    34  ctype_c.o(.text)
    GPIO_Init                                0x080007dd   Thumb Code   144  stm32f4xx_gpio.o(i.GPIO_Init)
    GPIO_PinAFConfig                         0x0800086d   Thumb Code    70  stm32f4xx_gpio.o(i.GPIO_PinAFConfig)
    I2C_CheckEvent                           0x080008b3   Thumb Code    42  stm32f4xx_i2c.o(i.I2C_CheckEvent)
    I2C_Cmd                                  0x080008dd   Thumb Code    24  stm32f4xx_i2c.o(i.I2C_Cmd)
    I2C_GenerateSTART                        0x080008f5   Thumb Code    24  stm32f4xx_i2c.o(i.I2C_GenerateSTART)
    I2C_GenerateSTOP                         0x0800090d   Thumb Code    24  stm32f4xx_i2c.o(i.I2C_GenerateSTOP)
    I2C_Init                                 0x08000925   Thumb Code   218  stm32f4xx_i2c.o(i.I2C_Init)
    I2C_ReceiveData                          0x08000a0d   Thumb Code     8  stm32f4xx_i2c.o(i.I2C_ReceiveData)
    I2C_Send7bitAddress                      0x08000a15   Thumb Code    16  stm32f4xx_i2c.o(i.I2C_Send7bitAddress)
    I2C_SendData                             0x08000a25   Thumb Code     4  stm32f4xx_i2c.o(i.I2C_SendData)
    NVIC_Init                                0x08000a29   Thumb Code   108  misc.o(i.NVIC_Init)
    NVIC_PriorityGroupConfig                 0x08000aa1   Thumb Code    10  misc.o(i.NVIC_PriorityGroupConfig)
    RCC_AHB1PeriphClockCmd                   0x08000ab5   Thumb Code    26  stm32f4xx_rcc.o(i.RCC_AHB1PeriphClockCmd)
    RCC_APB1PeriphClockCmd                   0x08000ad5   Thumb Code    26  stm32f4xx_rcc.o(i.RCC_APB1PeriphClockCmd)
    RCC_APB1PeriphResetCmd                   0x08000af5   Thumb Code    26  stm32f4xx_rcc.o(i.RCC_APB1PeriphResetCmd)
    RCC_APB2PeriphClockCmd                   0x08000b15   Thumb Code    26  stm32f4xx_rcc.o(i.RCC_APB2PeriphClockCmd)
    RCC_GetClocksFreq                        0x08000b35   Thumb Code   214  stm32f4xx_rcc.o(i.RCC_GetClocksFreq)
    SystemInit                               0x08000d09   Thumb Code    88  system_stm32f4xx.o(i.SystemInit)
    TFT_Init                                 0x08000d71   Thumb Code   182  tft.o(i.TFT_Init)
    TFT_cls                                  0x08000e35   Thumb Code    10  tft.o(i.TFT_cls)
    TFT_putc                                 0x08000e3f   Thumb Code    30  tft.o(i.TFT_putc)
    TFT_send_data                            0x08000e5d   Thumb Code   292  tft.o(i.TFT_send_data)
    TFT_terminal_on                          0x08000f91   Thumb Code    30  tft.o(i.TFT_terminal_on)
    USART6_IRQHandler                        0x08000fb1   Thumb Code   146  usart.o(i.USART6_IRQHandler)
    USART_Buffer_Init                        0x08001055   Thumb Code    24  usart.o(i.USART_Buffer_Init)
    USART_Cmd                                0x08001079   Thumb Code    24  stm32f4xx_usart.o(i.USART_Cmd)
    USART_Device_Init                        0x08001091   Thumb Code   198  usart.o(i.USART_Device_Init)
    USART_GetKey                             0x08001161   Thumb Code    38  usart.o(i.USART_GetKey)
    USART_Init                               0x0800118d   Thumb Code   204  stm32f4xx_usart.o(i.USART_Init)
    USART_OverSampling8Cmd                   0x08001261   Thumb Code    22  stm32f4xx_usart.o(i.USART_OverSampling8Cmd)
    USART_SendChar                           0x08001279   Thumb Code    70  usart.o(i.USART_SendChar)
    __0printf$8                              0x080012cd   Thumb Code    22  printf8.o(i.__0printf$8)
    __1printf$8                              0x080012cd   Thumb Code     0  printf8.o(i.__0printf$8)
    __2printf                                0x080012cd   Thumb Code     0  printf8.o(i.__0printf$8)
    __scatterload_copy                       0x080012ed   Thumb Code    14  handlers.o(i.__scatterload_copy)
    __scatterload_null                       0x080012fb   Thumb Code     2  handlers.o(i.__scatterload_null)
    __scatterload_zeroinit                   0x080012fd   Thumb Code    14  handlers.o(i.__scatterload_zeroinit)
    fgetc                                    0x080017ad   Thumb Code    28  retarget.o(i.fgetc)
    fputc                                    0x080017cd   Thumb Code    42  retarget.o(i.fputc)
    gpio_setup                               0x080017f9   Thumb Code   158  gpio.o(i.gpio_setup)
    initCEP_Board                            0x080018a9   Thumb Code    20  ce_lib.o(i.initCEP_Board)
    initIO                                   0x080018bd   Thumb Code   188  ce_lib.o(i.initIO)
    labor5                                   0x08001991   Thumb Code   806  labor5.o(i.labor5)
    main                                     0x08001f7d   Thumb Code    20  main.o(i.main)
    spiFlashMemCompare                       0x08001faf   Thumb Code   166  spi_mem.o(i.spiFlashMemCompare)
    spiFlashMemCopy                          0x08002055   Thumb Code   126  spi_mem.o(i.spiFlashMemCopy)
    spiFlashMemErase                         0x080020d5   Thumb Code   298  spi_mem.o(i.spiFlashMemErase)
    spiFlashMemRead                          0x08002277   Thumb Code    96  spi_mem.o(i.spiFlashMemRead)
    spiFlashMemWrite                         0x0800231f   Thumb Code    92  spi_mem.o(i.spiFlashMemWrite)
    spiTransfer                              0x080023dd   Thumb Code    28  spi.o(i.spiTransfer)
    spi_setup                                0x080023fd   Thumb Code    26  spi.o(i.spi_setup)
    __ctype_categories                       0x080024bc   Data          64  ctype_c.o(.constdata)
    Region$$Table$$Base                      0x080024fc   Number         0  anon$$obj.o(Region$$Table)
    Region$$Table$$Limit                     0x0800251c   Number         0  anon$$obj.o(Region$$Table)
    __stdout                                 0x20000018   Data           4  retarget.o(.data)
    __stdin                                  0x2000001c   Data           4  retarget.o(.data)
    __initial_sp                             0x20001858   Data           0  startup_stm32f40_41xxx.o(STACK)



==============================================================================

Memory Map of the image

  Image Entry point : 0x08000189

  Load Region LR_IROM1 (Base: 0x08000000, Size: 0x00002540, Max: 0x00100000, ABSOLUTE)

    Execution Region ER_IROM1 (Base: 0x08000000, Size: 0x0000251c, Max: 0x00100000, ABSOLUTE)

    Base Addr    Size         Type   Attr      Idx    E Section Name        Object

    0x08000000   0x00000188   Data   RO          969    RESET               startup_stm32f40_41xxx.o
    0x08000188   0x00000000   Code   RO         1684  * .ARM.Collect$$$$00000000  mc_w.l(entry.o)
    0x08000188   0x00000004   Code   RO         1984    .ARM.Collect$$$$00000001  mc_w.l(entry2.o)
    0x0800018c   0x00000004   Code   RO         1987    .ARM.Collect$$$$00000004  mc_w.l(entry5.o)
    0x08000190   0x00000000   Code   RO         1989    .ARM.Collect$$$$00000008  mc_w.l(entry7b.o)
    0x08000190   0x00000000   Code   RO         1991    .ARM.Collect$$$$0000000A  mc_w.l(entry8b.o)
    0x08000190   0x00000008   Code   RO         1992    .ARM.Collect$$$$0000000B  mc_w.l(entry9a.o)
    0x08000198   0x00000000   Code   RO         1994    .ARM.Collect$$$$0000000D  mc_w.l(entry10a.o)
    0x08000198   0x00000000   Code   RO         1996    .ARM.Collect$$$$0000000F  mc_w.l(entry11a.o)
    0x08000198   0x00000004   Code   RO         1985    .ARM.Collect$$$$00002712  mc_w.l(entry2.o)
    0x0800019c   0x00000024   Code   RO          970    .text               startup_stm32f40_41xxx.o
    0x080001c0   0x00000020   Code   RO         1980    .text               mc_w.l(__0scanf.o)
    0x080001e0   0x00000150   Code   RO         1982    .text               mc_w.l(_scanf_int.o)
    0x08000330   0x00000062   Code   RO         2000    .text               mc_w.l(uldiv.o)
    0x08000392   0x0000001c   Code   RO         2008    .text               mc_w.l(_chval.o)
    0x080003ae   0x00000002   PAD
    0x080003b0   0x00000014   Code   RO         2010    .text               mc_w.l(scanf_char_file.o)
    0x080003c4   0x00000024   Code   RO         2023    .text               mc_w.l(init.o)
    0x080003e8   0x0000002c   Code   RO         2025    .text               mc_w.l(fgetc_b.o)
    0x08000414   0x0000001e   Code   RO         2028    .text               mc_w.l(llshl.o)
    0x08000432   0x00000020   Code   RO         2030    .text               mc_w.l(llushr.o)
    0x08000452   0x00000002   PAD
    0x08000454   0x00000028   Code   RO         2034    .text               mc_w.l(scanf_char.o)
    0x0800047c   0x00000000   Code   RO         2038    .text               mc_w.l(semi.o)
    0x0800047c   0x0000000a   Code   RO         2039    .text               mc_w.l(isspace_c.o)
    0x08000486   0x00000002   PAD
    0x08000488   0x0000032c   Code   RO         2041    .text               mc_w.l(_scanf.o)
    0x080007b4   0x00000000   Code   RO         2043    .text               mc_w.l(iusesemig.o)
    0x080007b4   0x00000028   Code   RO         2044    .text               mc_w.l(ctype_c.o)
    0x080007dc   0x00000090   Code   RO          353    i.GPIO_Init         stm32f4xx_gpio.o
    0x0800086c   0x00000046   Code   RO          354    i.GPIO_PinAFConfig  stm32f4xx_gpio.o
    0x080008b2   0x0000002a   Code   RO         1030    i.I2C_CheckEvent    stm32f4xx_i2c.o
    0x080008dc   0x00000018   Code   RO         1033    i.I2C_Cmd           stm32f4xx_i2c.o
    0x080008f4   0x00000018   Code   RO         1041    i.I2C_GenerateSTART  stm32f4xx_i2c.o
    0x0800090c   0x00000018   Code   RO         1042    i.I2C_GenerateSTOP  stm32f4xx_i2c.o
    0x08000924   0x000000e8   Code   RO         1048    i.I2C_Init          stm32f4xx_i2c.o
    0x08000a0c   0x00000008   Code   RO         1053    i.I2C_ReceiveData   stm32f4xx_i2c.o
    0x08000a14   0x00000010   Code   RO         1055    i.I2C_Send7bitAddress  stm32f4xx_i2c.o
    0x08000a24   0x00000004   Code   RO         1056    i.I2C_SendData      stm32f4xx_i2c.o
    0x08000a28   0x00000078   Code   RO          308    i.NVIC_Init         misc.o
    0x08000aa0   0x00000014   Code   RO          309    i.NVIC_PriorityGroupConfig  misc.o
    0x08000ab4   0x00000020   Code   RO          450    i.RCC_AHB1PeriphClockCmd  stm32f4xx_rcc.o
    0x08000ad4   0x00000020   Code   RO          459    i.RCC_APB1PeriphClockCmd  stm32f4xx_rcc.o
    0x08000af4   0x00000020   Code   RO          461    i.RCC_APB1PeriphResetCmd  stm32f4xx_rcc.o
    0x08000b14   0x00000020   Code   RO          462    i.RCC_APB2PeriphClockCmd  stm32f4xx_rcc.o
    0x08000b34   0x000000e8   Code   RO          471    i.RCC_GetClocksFreq  stm32f4xx_rcc.o
    0x08000c1c   0x000000ec   Code   RO          976    i.SetSysClock       system_stm32f4xx.o
    0x08000d08   0x00000068   Code   RO          978    i.SystemInit        system_stm32f4xx.o
    0x08000d70   0x000000c4   Code   RO         1410    i.TFT_Init          tft.o
    0x08000e34   0x0000000a   Code   RO         1419    i.TFT_cls           tft.o
    0x08000e3e   0x0000001e   Code   RO         1432    i.TFT_putc          tft.o
    0x08000e5c   0x00000134   Code   RO         1435    i.TFT_send_data     tft.o
    0x08000f90   0x0000001e   Code   RO         1445    i.TFT_terminal_on   tft.o
    0x08000fae   0x00000002   PAD
    0x08000fb0   0x000000a4   Code   RO         1314    i.USART6_IRQHandler  usart.o
    0x08001054   0x00000024   Code   RO         1315    i.USART_Buffer_Init  usart.o
    0x08001078   0x00000018   Code   RO          782    i.USART_Cmd         stm32f4xx_usart.o
    0x08001090   0x000000d0   Code   RO         1316    i.USART_Device_Init  usart.o
    0x08001160   0x0000002c   Code   RO         1317    i.USART_GetKey      usart.o
    0x0800118c   0x000000d4   Code   RO          789    i.USART_Init        stm32f4xx_usart.o
    0x08001260   0x00000016   Code   RO          795    i.USART_OverSampling8Cmd  stm32f4xx_usart.o
    0x08001276   0x00000002   PAD
    0x08001278   0x00000054   Code   RO         1318    i.USART_SendChar    usart.o
    0x080012cc   0x00000020   Code   RO         1898    i.__0printf$8       mc_w.l(printf8.o)
    0x080012ec   0x0000000e   Code   RO         2049    i.__scatterload_copy  mc_w.l(handlers.o)
    0x080012fa   0x00000002   Code   RO         2050    i.__scatterload_null  mc_w.l(handlers.o)
    0x080012fc   0x0000000e   Code   RO         2051    i.__scatterload_zeroinit  mc_w.l(handlers.o)
    0x0800130a   0x00000002   PAD
    0x0800130c   0x00000408   Code   RO         1905    i._printf_core      mc_w.l(printf8.o)
    0x08001714   0x00000026   Code   RO         1906    i._printf_post_padding  mc_w.l(printf8.o)
    0x0800173a   0x00000030   Code   RO         1907    i._printf_pre_padding  mc_w.l(printf8.o)
    0x0800176a   0x00000002   PAD
    0x0800176c   0x00000020   Code   RO          145    i.disable_SSEL      spi_mem.o
    0x0800178c   0x00000020   Code   RO          146    i.enable_SSEL       spi_mem.o
    0x080017ac   0x00000020   Code   RO         1362    i.fgetc             retarget.o
    0x080017cc   0x0000002a   Code   RO         1363    i.fputc             retarget.o
    0x080017f6   0x00000002   PAD
    0x080017f8   0x000000b0   Code   RO          278    i.gpio_setup        gpio.o
    0x080018a8   0x00000014   Code   RO         1255    i.initCEP_Board     ce_lib.o
    0x080018bc   0x000000d4   Code   RO         1256    i.initIO            ce_lib.o
    0x08001990   0x000005ec   Code   RO           77    i.labor5            labor5.o
    0x08001f7c   0x00000014   Code   RO            3    i.main              main.o
    0x08001f90   0x0000001e   Code   RO          147    i.spiFLashMemGlobalUnprotect  spi_mem.o
    0x08001fae   0x000000a6   Code   RO          150    i.spiFlashMemCompare  spi_mem.o
    0x08002054   0x0000007e   Code   RO          151    i.spiFlashMemCopy   spi_mem.o
    0x080020d2   0x00000002   PAD
    0x080020d4   0x00000158   Code   RO          152    i.spiFlashMemErase  spi_mem.o
    0x0800222c   0x0000004a   Code   RO          153    i.spiFlashMemEraseBlock  spi_mem.o
    0x08002276   0x00000060   Code   RO          154    i.spiFlashMemRead   spi_mem.o
    0x080022d6   0x00000018   Code   RO          155    i.spiFlashMemSetWriteEnable  spi_mem.o
    0x080022ee   0x00000030   Code   RO          156    i.spiFlashMemWaitReady  spi_mem.o
    0x0800231e   0x0000005c   Code   RO          157    i.spiFlashMemWrite  spi_mem.o
    0x0800237a   0x00000062   Code   RO          158    i.spiFlashMemWritePage  spi_mem.o
    0x080023dc   0x00000020   Code   RO          125    i.spiTransfer       spi.o
    0x080023fc   0x00000020   Code   RO          110    i.spi_setup         spi.o
    0x0800241c   0x00000010   Code   RO         1452    i.tft_delay         tft.o
    0x0800242c   0x00000090   Data   RO           79    .constdata          labor5.o
    0x080024bc   0x00000040   Data   RO         2045    .constdata          mc_w.l(ctype_c.o)
    0x080024fc   0x00000020   Data   RO         2047    Region$$Table       anon$$obj.o


    Execution Region RW_IRAM1 (Base: 0x20000000, Size: 0x00001858, Max: 0x00020000, ABSOLUTE)

    Base Addr    Size         Type   Attr      Idx    E Section Name        Object

    0x20000000   0x00000004   Data   RW           80    .data               labor5.o
    0x20000004   0x00000010   Data   RW          502    .data               stm32f4xx_rcc.o
    0x20000014   0x00000004   Data   RW         1320    .data               usart.o
    0x20000018   0x00000008   Data   RW         1364    .data               retarget.o
    0x20000020   0x00000003   Data   RW         2026    .data               mc_w.l(fgetc_b.o)
    0x20000023   0x00000001   PAD
    0x20000024   0x00001018   Zero   RW           78    .bss                labor5.o
    0x2000103c   0x00000210   Zero   RW         1319    .bss                usart.o
    0x2000124c   0x00000209   Zero   RW         1453    .bss                tft.o
    0x20001455   0x00000003   PAD
    0x20001458   0x00000400   Zero   RW          967    STACK               startup_stm32f40_41xxx.o


==============================================================================

Image component sizes


      Code (inc. data)   RO Data    RW Data    ZI Data      Debug   Object Name

       232         24          0          0          0       1061   ce_lib.o
       176         18          0          0          0        529   gpio.o
      1516        710        144          4       4120      16741   labor5.o
        20          0          0          0          0     251247   main.o
       140         22          0          0          0       1579   misc.o
        74          4          0          8          0       2886   retarget.o
        64         10          0          0          0       7746   spi.o
      1162         66          0          0          0       9007   spi_mem.o
        36          8        392          0       1024        824   startup_stm32f40_41xxx.o
       214          0          0          0          0       1799   stm32f4xx_gpio.o
       374         14          0          0          0      13476   stm32f4xx_i2c.o
       360         42          0         16          0       5256   stm32f4xx_rcc.o
       258          8          0          0          0       8654   stm32f4xx_usart.o
       340         34          0          0          0       1501   system_stm32f4xx.o
       590         30          0          0        521       5347   tft.o
       536         60          0          4        528       4408   usart.o

    ----------------------------------------------------------------------
      6100       1050        568         32       6196     332061   Object Totals
         0          0         32          0          0          0   (incl. Generated)
         8          0          0          0          3          0   (incl. Padding)

    ----------------------------------------------------------------------

      Code (inc. data)   RO Data    RW Data    ZI Data      Debug   Library Member Name

        32          6          0          0          0         84   __0scanf.o
        28          0          0          0          0         68   _chval.o
       812          6          0          0          0        112   _scanf.o
       336          0          0          0          0         96   _scanf_int.o
        40          6         64          0          0         68   ctype_c.o
         0          0          0          0          0          0   entry.o
         0          0          0          0          0          0   entry10a.o
         0          0          0          0          0          0   entry11a.o
         8          4          0          0          0          0   entry2.o
         4          0          0          0          0          0   entry5.o
         0          0          0          0          0          0   entry7b.o
         0          0          0          0          0          0   entry8b.o
         8          4          0          0          0          0   entry9a.o
        44          6          0          3          0        144   fgetc_b.o
        30          0          0          0          0          0   handlers.o
        36          8          0          0          0         68   init.o
        10          0          0          0          0         68   isspace_c.o
         0          0          0          0          0          0   iusesemig.o
        30          0          0          0          0         68   llshl.o
        32          0          0          0          0         68   llushr.o
      1150         54          0          0          0        352   printf8.o
        40          8          0          0          0         84   scanf_char.o
        20          8          0          0          0         68   scanf_char_file.o
         0          0          0          0          0          0   semi.o
        98          0          0          0          0         92   uldiv.o

    ----------------------------------------------------------------------
      2768        110         64          4          0       1440   Library Totals
        10          0          0          1          0          0   (incl. Padding)

    ----------------------------------------------------------------------

      Code (inc. data)   RO Data    RW Data    ZI Data      Debug   Library Name

      2758        110         64          3          0       1440   mc_w.l

    ----------------------------------------------------------------------
      2768        110         64          4          0       1440   Library Totals

    ----------------------------------------------------------------------

==============================================================================


      Code (inc. data)   RO Data    RW Data    ZI Data      Debug   

      8868       1160        632         36       6196     327773   Grand Totals
      8868       1160        632         36       6196     327773   ELF Image Totals
      8868       1160        632         36          0          0   ROM Totals

==============================================================================

    Total RO  Size (Code + RO Data)                 9500 (   9.28kB)
    Total RW  Size (RW Data + ZI Data)              6232 (   6.09kB)
    Total ROM Size (Code + RO Data + RW Data)       9536 (   9.31kB)

==============================================================================

