<html>
<body>
<pre>
<h1>µVision Build Log</h1>
<h2>Project:</h2>
C:\Documents and Settings\abd299.INFORMATIK\Desktop\cep\labor6\CEPtemplate\Project.uvproj
Project File Date:  06/18/2014

<h2>Output:</h2>
Build target 'cep'
compiling functiongen.c...
linking...
Program Size: Code=22084 RO-data=13704 RW-data=2160 ZI-data=46048  
".\Build\cep.axf" - 0 Error(s), 0 Warning(s).
Load "C:\\Documents and Settings\\abd299.INFORMATIK\\Desktop\\cep\\labor6\\CEPtemplate\\Build\\cep.axf" 
Erase Done.
Programming Done.
Verify OK.
</pre>
</body>
</html>
