ARM Linker, 5.03 [Build 76] [MDK-ARM Professional]

==============================================================================

Section Cross References

    main.o(i.main) refers to labor6.o(i.labor6) for labor6
    peripherals.o(i.read_buttons) refers to tft.o(i.TFT_gotoxy) for TFT_gotoxy
    peripherals.o(i.read_buttons) refers to tft.o(i.TFT_puts) for TFT_puts
    peripherals.o(i.read_buttons) refers to functiongen.o(.data) for sinus_table
    peripherals.o(i.read_buttons) refers to labor6.o(.data) for tabelle
    peripherals.o(i.read_buttons) refers to functiongen.o(.constdata) for b_big
    labor6.o(i.SysTick_Handler) refers to labor6.o(.data) for msec
    labor6.o(i.TIM8_UP_TIM13_IRQHandler) refers to ce_lib.o(i.setLED) for setLED
    labor6.o(i.TIM8_UP_TIM13_IRQHandler) refers to ce_lib.o(i.resetLED) for resetLED
    labor6.o(i.TIM8_UP_TIM13_IRQHandler) refers to labor6.o(.data) for interrupt_Counter
    labor6.o(i.TIM8_UP_TIM13_IRQHandler) refers to labor6.o(.bss) for buf1
    labor6.o(i.fuelle_puffer) refers to mp3dec.o(i.MP3Decode) for MP3Decode
    labor6.o(i.fuelle_puffer) refers to labor6.o(.bss) for mainBuf
    labor6.o(i.fuelle_puffer) refers to labor6.o(.data) for mp3dec
    labor6.o(i.labor6) refers to ce_lib.o(i.initCEP_Board) for initCEP_Board
    labor6.o(i.labor6) refers to labor6.o(i.setup_TIM8_DAC_PWM) for setup_TIM8_DAC_PWM
    labor6.o(i.labor6) refers to stm32f4xx_rcc.o(i.RCC_GetClocksFreq) for RCC_GetClocksFreq
    labor6.o(i.labor6) refers to labor6.o(i.NVIC_SetPriority) for NVIC_SetPriority
    labor6.o(i.labor6) refers to tft.o(i.TFT_cursor_off) for TFT_cursor_off
    labor6.o(i.labor6) refers to labor6.o(i.pwm_Init) for pwm_Init
    labor6.o(i.labor6) refers to mp3dec.o(i.MP3InitDecoder) for MP3InitDecoder
    labor6.o(i.labor6) refers to spi.o(i.spi_setup) for spi_setup
    labor6.o(i.labor6) refers to spi_mem.o(i.spiFlashMemRead) for spiFlashMemRead
    labor6.o(i.labor6) refers to tft.o(i.TFT_cls) for TFT_cls
    labor6.o(i.labor6) refers to tft.o(i.TFT_gotoxy) for TFT_gotoxy
    labor6.o(i.labor6) refers to tft.o(i.TFT_puts) for TFT_puts
    labor6.o(i.labor6) refers to peripherals.o(i.read_buttons) for read_buttons
    labor6.o(i.labor6) refers to labor6.o(i.print_display) for print_display
    labor6.o(i.labor6) refers to mp3dec.o(i.MP3FindSyncWord) for MP3FindSyncWord
    labor6.o(i.labor6) refers to ce_lib.o(i.setLED) for setLED
    labor6.o(i.labor6) refers to ce_lib.o(i.resetLED) for resetLED
    labor6.o(i.labor6) refers to labor6.o(i.fuelle_puffer) for fuelle_puffer
    labor6.o(i.labor6) refers to mp3dec.o(i.MP3FreeDecoder) for MP3FreeDecoder
    labor6.o(i.labor6) refers to labor6.o(.data) for msec
    labor6.o(i.labor6) refers to functiongen.o(.constdata) for b_big
    labor6.o(i.labor6) refers to labor6.o(.bss) for buf1
    labor6.o(i.print_display) refers to tft.o(i.TFT_gotoxy) for TFT_gotoxy
    labor6.o(i.print_display) refers to tft.o(i.TFT_puts) for TFT_puts
    labor6.o(i.print_display) refers to printf1.o(i.__0sprintf$1) for __2sprintf
    labor6.o(i.print_display) refers to labor6.o(.data) for mseczaehlvar
    labor6.o(i.print_display) refers to labor6.o(.bss) for msec_Buf
    labor6.o(i.pwm_Init) refers to labor6.o(i.NVIC_SetPriorityGrouping) for NVIC_SetPriorityGrouping
    labor6.o(i.pwm_Init) refers to labor6.o(i.NVIC_SetPriority) for NVIC_SetPriority
    labor6.o(i.pwm_Init) refers to labor6.o(i.NVIC_EnableIRQ) for NVIC_EnableIRQ
    labor6.o(i.setup_TIM8_DAC_PWM) refers to stm32f4xx_gpio.o(i.GPIO_Init) for GPIO_Init
    labor6.o(i.setup_TIM8_DAC_PWM) refers to stm32f4xx_rcc.o(i.RCC_AHB1PeriphClockCmd) for RCC_AHB1PeriphClockCmd
    labor6.o(i.setup_TIM8_DAC_PWM) refers to labor6.o(i.NVIC_SetPriorityGrouping) for NVIC_SetPriorityGrouping
    labor6.o(i.setup_TIM8_DAC_PWM) refers to labor6.o(i.NVIC_SetPriority) for NVIC_SetPriority
    labor6.o(i.setup_TIM8_DAC_PWM) refers to labor6.o(i.NVIC_EnableIRQ) for NVIC_EnableIRQ
    labor6.o(i.setup_TIM8_DAC_PWM) refers to stm32f4xx_rcc.o(i.RCC_APB1PeriphClockCmd) for RCC_APB1PeriphClockCmd
    labor6.o(.data) refers to functiongen.o(.data) for sinus_table
    spi_mem.o(i.spiFLashMemGlobalUnprotect) refers to spi_mem.o(i.enable_SSEL) for enable_SSEL
    spi_mem.o(i.spiFLashMemGlobalUnprotect) refers to spi.o(i.spiTransfer) for spiTransfer
    spi_mem.o(i.spiFLashMemGlobalUnprotect) refers to spi_mem.o(i.disable_SSEL) for disable_SSEL
    spi_mem.o(i.spiFlashMemChipCompare) refers to spi_mem.o(i.spiFlashMemRead) for spiFlashMemRead
    spi_mem.o(i.spiFlashMemChipCopy) refers to spi_mem.o(i.spiFlashMemRead) for spiFlashMemRead
    spi_mem.o(i.spiFlashMemChipCopy) refers to spi_mem.o(i.spiFlashMemWrite) for spiFlashMemWrite
    spi_mem.o(i.spiFlashMemCompare) refers to spi_mem.o(i.spiFlashMemRead) for spiFlashMemRead
    spi_mem.o(i.spiFlashMemCopy) refers to spi_mem.o(i.spiFlashMemRead) for spiFlashMemRead
    spi_mem.o(i.spiFlashMemCopy) refers to spi_mem.o(i.spiFlashMemWrite) for spiFlashMemWrite
[...]
    Removing stm32f4xx_gpio.o(i.GPIO_ReadOutputData), (8 bytes).
    Removing stm32f4xx_gpio.o(i.GPIO_ReadOutputDataBit), (18 bytes).
    Removing stm32f4xx_gpio.o(i.GPIO_StructInit), (18 bytes).
    Removing stm32f4xx_gpio.o(i.GPIO_ToggleBits), (8 bytes).
    Removing stm32f4xx_gpio.o(i.GPIO_Write), (4 bytes).
    Removing stm32f4xx_gpio.o(i.GPIO_WriteBit), (10 bytes).
    Removing stm32f4xx_rcc.o(.rev16_text), (4 bytes).
    Removing stm32f4xx_rcc.o(.revsh_text), (4 bytes).
    Removing stm32f4xx_rcc.o(i.RCC_AHB1PeriphClockLPModeCmd), (32 bytes).
    Removing stm32f4xx_rcc.o(i.RCC_AHB1PeriphResetCmd), (32 bytes).
    Removing stm32f4xx_rcc.o(i.RCC_AHB2PeriphClockCmd), (32 bytes).
    Removing stm32f4xx_rcc.o(i.RCC_AHB2PeriphClockLPModeCmd), (32 bytes).
    Removing stm32f4xx_rcc.o(i.RCC_AHB2PeriphResetCmd), (32 bytes).
    Removing stm32f4xx_rcc.o(i.RCC_AHB3PeriphClockCmd), (32 bytes).
    Removing stm32f4xx_rcc.o(i.RCC_AHB3PeriphClockLPModeCmd), (32 bytes).
    Removing stm32f4xx_rcc.o(i.RCC_AHB3PeriphResetCmd), (32 bytes).
    Removing stm32f4xx_rcc.o(i.RCC_APB1PeriphClockLPModeCmd), (32 bytes).
    Removing stm32f4xx_rcc.o(i.RCC_APB2PeriphClockLPModeCmd), (32 bytes).
    Removing stm32f4xx_rcc.o(i.RCC_APB2PeriphResetCmd), (32 bytes).
    Removing stm32f4xx_rcc.o(i.RCC_AdjustHSICalibrationValue), (24 bytes).
    Removing stm32f4xx_rcc.o(i.RCC_BackupResetCmd), (12 bytes).
    Removing stm32f4xx_rcc.o(i.RCC_ClearFlag), (20 bytes).
    Removing stm32f4xx_rcc.o(i.RCC_ClearITPendingBit), (12 bytes).
    Removing stm32f4xx_rcc.o(i.RCC_ClockSecuritySystemCmd), (12 bytes).
    Removing stm32f4xx_rcc.o(i.RCC_DeInit), (100 bytes).
    Removing stm32f4xx_rcc.o(i.RCC_GetFlagStatus), (64 bytes).
    Removing stm32f4xx_rcc.o(i.RCC_GetITStatus), (24 bytes).
    Removing stm32f4xx_rcc.o(i.RCC_GetSYSCLKSource), (16 bytes).
    Removing stm32f4xx_rcc.o(i.RCC_HCLKConfig), (24 bytes).
    Removing stm32f4xx_rcc.o(i.RCC_HSEConfig), (16 bytes).
    Removing stm32f4xx_rcc.o(i.RCC_HSICmd), (12 bytes).
    Removing stm32f4xx_rcc.o(i.RCC_I2SCLKConfig), (12 bytes).
    Removing stm32f4xx_rcc.o(i.RCC_ITConfig), (32 bytes).
    Removing stm32f4xx_rcc.o(i.RCC_LSEConfig), (44 bytes).
    Removing stm32f4xx_rcc.o(i.RCC_LSICmd), (12 bytes).
    Removing stm32f4xx_rcc.o(i.RCC_LTDCCLKDivConfig), (24 bytes).
    Removing stm32f4xx_rcc.o(i.RCC_MCO1Config), (28 bytes).
    Removing stm32f4xx_rcc.o(i.RCC_MCO2Config), (28 bytes).
    Removing stm32f4xx_rcc.o(i.RCC_PCLK1Config), (24 bytes).
    Removing stm32f4xx_rcc.o(i.RCC_PCLK2Config), (24 bytes).
    Removing stm32f4xx_rcc.o(i.RCC_PLLCmd), (12 bytes).
    Removing stm32f4xx_rcc.o(i.RCC_PLLConfig), (36 bytes).
    Removing stm32f4xx_rcc.o(i.RCC_PLLI2SCmd), (12 bytes).
    Removing stm32f4xx_rcc.o(i.RCC_PLLI2SConfig), (16 bytes).
    Removing stm32f4xx_rcc.o(i.RCC_PLLSAICmd), (12 bytes).
    Removing stm32f4xx_rcc.o(i.RCC_PLLSAIConfig), (24 bytes).
    Removing stm32f4xx_rcc.o(i.RCC_RTCCLKCmd), (12 bytes).
    Removing stm32f4xx_rcc.o(i.RCC_RTCCLKConfig), (60 bytes).
    Removing stm32f4xx_rcc.o(i.RCC_SAIBlockACLKConfig), (24 bytes).
    Removing stm32f4xx_rcc.o(i.RCC_SAIBlockBCLKConfig), (24 bytes).
    Removing stm32f4xx_rcc.o(i.RCC_SAIPLLI2SClkDivConfig), (28 bytes).
    Removing stm32f4xx_rcc.o(i.RCC_SAIPLLSAIClkDivConfig), (28 bytes).
    Removing stm32f4xx_rcc.o(i.RCC_SYSCLKConfig), (24 bytes).
    Removing stm32f4xx_rcc.o(i.RCC_TIMCLKPresConfig), (12 bytes).
    Removing stm32f4xx_rcc.o(i.RCC_WaitForHSEStartUp), (56 bytes).
    Removing stm32f4xx_usart.o(.rev16_text), (4 bytes).
    Removing stm32f4xx_usart.o(.revsh_text), (4 bytes).
    Removing stm32f4xx_usart.o(i.USART_ClearFlag), (18 bytes).
    Removing stm32f4xx_usart.o(i.USART_ClearITPendingBit), (30 bytes).
    Removing stm32f4xx_usart.o(i.USART_ClockInit), (32 bytes).
    Removing stm32f4xx_usart.o(i.USART_ClockStructInit), (12 bytes).
    Removing stm32f4xx_usart.o(i.USART_DMACmd), (18 bytes).
    Removing stm32f4xx_usart.o(i.USART_DeInit), (240 bytes).
    Removing stm32f4xx_usart.o(i.USART_GetFlagStatus), (26 bytes).
    Removing stm32f4xx_usart.o(i.USART_GetITStatus), (84 bytes).
    Removing stm32f4xx_usart.o(i.USART_HalfDuplexCmd), (24 bytes).
    Removing stm32f4xx_usart.o(i.USART_ITConfig), (74 bytes).
    Removing stm32f4xx_usart.o(i.USART_IrDACmd), (24 bytes).
    Removing stm32f4xx_usart.o(i.USART_IrDAConfig), (18 bytes).
    Removing stm32f4xx_usart.o(i.USART_LINBreakDetectLengthConfig), (18 bytes).
    Removing stm32f4xx_usart.o(i.USART_LINCmd), (24 bytes).
    Removing stm32f4xx_usart.o(i.USART_OneBitMethodCmd), (24 bytes).
    Removing stm32f4xx_usart.o(i.USART_ReceiveData), (10 bytes).
    Removing stm32f4xx_usart.o(i.USART_ReceiverWakeUpCmd), (24 bytes).
    Removing stm32f4xx_usart.o(i.USART_SendBreak), (10 bytes).
    Removing stm32f4xx_usart.o(i.USART_SendData), (8 bytes).
    Removing stm32f4xx_usart.o(i.USART_SetAddress), (18 bytes).
    Removing stm32f4xx_usart.o(i.USART_SetGuardTime), (16 bytes).
    Removing stm32f4xx_usart.o(i.USART_SetPrescaler), (16 bytes).
    Removing stm32f4xx_usart.o(i.USART_SmartCardCmd), (24 bytes).
    Removing stm32f4xx_usart.o(i.USART_SmartCardNACKCmd), (24 bytes).
    Removing stm32f4xx_usart.o(i.USART_StructInit), (24 bytes).
    Removing stm32f4xx_usart.o(i.USART_WakeUpConfig), (18 bytes).
    Removing system_stm32f4xx.o(.rev16_text), (4 bytes).
    Removing system_stm32f4xx.o(.revsh_text), (4 bytes).
    Removing system_stm32f4xx.o(i.SystemCoreClockUpdate), (192 bytes).
    Removing system_stm32f4xx.o(.data), (20 bytes).
    Removing stm32f4xx_i2c.o(.rev16_text), (4 bytes).
    Removing stm32f4xx_i2c.o(.revsh_text), (4 bytes).
    Removing stm32f4xx_i2c.o(i.I2C_ARPCmd), (24 bytes).
    Removing stm32f4xx_i2c.o(i.I2C_AcknowledgeConfig), (24 bytes).
    Removing stm32f4xx_i2c.o(i.I2C_AnalogFilterCmd), (24 bytes).
    Removing stm32f4xx_i2c.o(i.I2C_CalculatePEC), (24 bytes).
    Removing stm32f4xx_i2c.o(i.I2C_ClearFlag), (12 bytes).
    Removing stm32f4xx_i2c.o(i.I2C_ClearITPendingBit), (12 bytes).
    Removing stm32f4xx_i2c.o(i.I2C_DMACmd), (24 bytes).
    Removing stm32f4xx_i2c.o(i.I2C_DMALastTransferCmd), (24 bytes).
    Removing stm32f4xx_i2c.o(i.I2C_DeInit), (96 bytes).
    Removing stm32f4xx_i2c.o(i.I2C_DigitalFilterConfig), (22 bytes).
    Removing stm32f4xx_i2c.o(i.I2C_DualAddressCmd), (24 bytes).
    Removing stm32f4xx_i2c.o(i.I2C_FastModeDutyCycleConfig), (28 bytes).
    Removing stm32f4xx_i2c.o(i.I2C_GeneralCallCmd), (24 bytes).
    Removing stm32f4xx_i2c.o(i.I2C_GetFlagStatus), (58 bytes).
    Removing stm32f4xx_i2c.o(i.I2C_GetITStatus), (38 bytes).
    Removing stm32f4xx_i2c.o(i.I2C_GetLastEvent), (26 bytes).
    Removing stm32f4xx_i2c.o(i.I2C_GetPEC), (8 bytes).
    Removing stm32f4xx_i2c.o(i.I2C_ITConfig), (18 bytes).
    Removing stm32f4xx_i2c.o(i.I2C_NACKPositionConfig), (28 bytes).
    Removing stm32f4xx_i2c.o(i.I2C_OwnAddress2Config), (22 bytes).
    Removing stm32f4xx_i2c.o(i.I2C_PECPositionConfig), (28 bytes).
    Removing stm32f4xx_i2c.o(i.I2C_ReadRegister), (22 bytes).
    Removing stm32f4xx_i2c.o(i.I2C_SMBusAlertConfig), (28 bytes).
    Removing stm32f4xx_i2c.o(i.I2C_SoftwareResetCmd), (22 bytes).
    Removing stm32f4xx_i2c.o(i.I2C_StretchClockCmd), (24 bytes).
    Removing stm32f4xx_i2c.o(i.I2C_StructInit), (30 bytes).
    Removing stm32f4xx_i2c.o(i.I2C_TransmitPEC), (24 bytes).
    Removing ce_lib.o(.rev16_text), (4 bytes).
    Removing ce_lib.o(.revsh_text), (4 bytes).
    Removing ce_lib.o(i.Delay), (24 bytes).
    Removing ce_lib.o(i.TimingDelay_Decrement), (24 bytes).
    Removing ce_lib.o(.data), (4 bytes).
    Removing usart.o(.rev16_text), (4 bytes).
    Removing usart.o(.revsh_text), (4 bytes).
    Removing usart.o(i.USART_GetKey), (44 bytes).
    Removing usart.o(i.USART_SendChar), (84 bytes).
    Removing retarget.o(i._sys_exit), (4 bytes).
    Removing retarget.o(i._ttywrch), (20 bytes).
    Removing retarget.o(i.ferror), (8 bytes).
    Removing retarget.o(i.fgetc), (32 bytes).
    Removing retarget.o(i.fputc), (42 bytes).
    Removing retarget.o(.data), (8 bytes).
    Removing tft.o(.rev16_text), (4 bytes).
    Removing tft.o(.revsh_text), (4 bytes).
    Removing tft.o(i.TFT_bargraph_color), (54 bytes).
    Removing tft.o(i.TFT_bargraph_define), (254 bytes).
    Removing tft.o(i.TFT_bargraph_fill_pattern), (38 bytes).
    Removing tft.o(i.TFT_bargraph_frame), (38 bytes).
    Removing tft.o(i.TFT_bargraph_value), (46 bytes).
    Removing tft.o(i.TFT_buzzer_off), (36 bytes).
    Removing tft.o(i.TFT_buzzer_on), (38 bytes).
    Removing tft.o(i.TFT_carriage_return), (10 bytes).
    Removing tft.o(i.TFT_cursor_on), (36 bytes).
    Removing tft.o(i.TFT_draw_line), (146 bytes).
    Removing tft.o(i.TFT_draw_rectangle), (146 bytes).
    Removing tft.o(i.TFT_get_data), (396 bytes).
    Removing tft.o(i.TFT_graphic_cls), (30 bytes).
    Removing tft.o(i.TFT_graphic_puts), (166 bytes).
    Removing tft.o(i.TFT_graphic_puts_area), (202 bytes).
    Removing tft.o(i.TFT_graphic_set_point), (98 bytes).
    Removing tft.o(i.TFT_line_color), (46 bytes).
    Removing tft.o(i.TFT_newline), (10 bytes).
    Removing tft.o(i.TFT_release), (2 bytes).
    Removing tft.o(i.TFT_set_brightness), (38 bytes).
    Removing tft.o(i.TFT_set_font), (38 bytes).
    Removing tft.o(i.TFT_set_font_color), (44 bytes).
    Removing tft.o(i.TFT_set_graphic_color), (44 bytes).
    Removing tft.o(i.TFT_set_graphic_text_color), (44 bytes).
    Removing tft.o(i.TFT_set_graphic_text_font), (38 bytes).
    Removing tft.o(i.TFT_set_pixel_color), (44 bytes).
    Removing tft.o(i.TFT_set_window), (78 bytes).
    Removing tft.o(i.TFT_terminal_off), (30 bytes).
    Removing tft.o(i.TFT_touch_area), (176 bytes).
    Removing tft.o(i.TFT_touch_area_clear), (42 bytes).
    Removing tft.o(i.TFT_touch_area_color), (86 bytes).
    Removing tft.o(i.TFT_touch_area_font), (38 bytes).
    Removing tft.o(i.TFT_touch_area_font_color), (46 bytes).
    Removing tft.o(i.TFT_touch_area_frame), (46 bytes).
    Removing mp3dec.o(i.MP3GetLastFrameInfo), (100 bytes).
    Removing mp3dec.o(i.MP3GetNextFrameInfo), (50 bytes).
    Removing imdct.o(.constdata), (12 bytes).
    Removing mp3tabs.o(.constdata), (6 bytes).
    Removing trigtabs.o(.constdata), (8 bytes).
    Removing trigtabs.o(.constdata), (124 bytes).
    Removing dadd.o(.text), (334 bytes).
    Removing dmul.o(.text), (228 bytes).
    Removing ddiv.o(.text), (222 bytes).
    Removing dfixul.o(.text), (48 bytes).
    Removing cdrcmple.o(.text), (40 bytes).
    Removing depilogue.o(.text), (190 bytes).

213 unused section(s) (total 9286 bytes) removed from the image.

==============================================================================

Image Symbol Table

    Local Symbols

    Symbol Name                              Value     Ov Type        Size  Object(Section)

    ../clib/../cmprslib/zerorunl2.c          0x00000000   Number         0  __dczerorl2.o ABSOLUTE
    ../clib/microlib/division.c              0x00000000   Number         0  uidiv.o ABSOLUTE
    ../clib/microlib/division.c              0x00000000   Number         0  uldiv.o ABSOLUTE
    ../clib/microlib/init/entry.s            0x00000000   Number         0  entry9b.o ABSOLUTE
    ../clib/microlib/init/entry.s            0x00000000   Number         0  entry9a.o ABSOLUTE
    ../clib/microlib/init/entry.s            0x00000000   Number         0  entry2.o ABSOLUTE
    ../clib/microlib/init/entry.s            0x00000000   Number         0  entry7a.o ABSOLUTE
    ../clib/microlib/init/entry.s            0x00000000   Number         0  entry5.o ABSOLUTE
    ../clib/microlib/init/entry.s            0x00000000   Number         0  entry11a.o ABSOLUTE
    ../clib/microlib/init/entry.s            0x00000000   Number         0  entry10b.o ABSOLUTE
    ../clib/microlib/init/entry.s            0x00000000   Number         0  entry10a.o ABSOLUTE
    ../clib/microlib/init/entry.s            0x00000000   Number         0  entry8b.o ABSOLUTE
    ../clib/microlib/init/entry.s            0x00000000   Number         0  entry11b.o ABSOLUTE
    ../clib/microlib/init/entry.s            0x00000000   Number         0  entry8a.o ABSOLUTE
    ../clib/microlib/init/entry.s            0x00000000   Number         0  entry.o ABSOLUTE
    ../clib/microlib/init/entry.s            0x00000000   Number         0  entry7b.o ABSOLUTE
    ../clib/microlib/longlong.c              0x00000000   Number         0  llushr.o ABSOLUTE
    ../clib/microlib/longlong.c              0x00000000   Number         0  llshl.o ABSOLUTE
    ../clib/microlib/longlong.c              0x00000000   Number         0  llsshr.o ABSOLUTE
    ../clib/microlib/malloc/malloc.c         0x00000000   Number         0  malloc.o ABSOLUTE
    ../clib/microlib/malloc/malloc.c         0x00000000   Number         0  mallocra.o ABSOLUTE
    ../clib/microlib/malloc/malloc.c         0x00000000   Number         0  malloca.o ABSOLUTE
    ../clib/microlib/malloc/malloc.c         0x00000000   Number         0  mallocr.o ABSOLUTE
    ../clib/microlib/malloc/mvars.c          0x00000000   Number         0  mvars.o ABSOLUTE
    ../clib/microlib/printf/printf.c         0x00000000   Number         0  printf2.o ABSOLUTE
    ../clib/microlib/printf/printf.c         0x00000000   Number         0  printf3.o ABSOLUTE
    ../clib/microlib/printf/printf.c         0x00000000   Number         0  printf4.o ABSOLUTE
    ../clib/microlib/printf/printf.c         0x00000000   Number         0  printf5.o ABSOLUTE
    ../clib/microlib/printf/printf.c         0x00000000   Number         0  printf6.o ABSOLUTE
    ../clib/microlib/printf/printf.c         0x00000000   Number         0  printf7.o ABSOLUTE
    ../clib/microlib/printf/printf.c         0x00000000   Number         0  printf8.o ABSOLUTE
    ../clib/microlib/printf/printf.c         0x00000000   Number         0  printfa.o ABSOLUTE
    ../clib/microlib/printf/printf.c         0x00000000   Number         0  printfb.o ABSOLUTE
    ../clib/microlib/printf/printf.c         0x00000000   Number         0  printf0.o ABSOLUTE
    ../clib/microlib/printf/printf.c         0x00000000   Number         0  printf1.o ABSOLUTE
    ../clib/microlib/printf/stubs.s          0x00000000   Number         0  stubs.o ABSOLUTE
    ../clib/microlib/string/memcpy.c         0x00000000   Number         0  memcpyb.o ABSOLUTE
    ../clib/microlib/string/memcpy.c         0x00000000   Number         0  memmoveb.o ABSOLUTE
    ../clib/microlib/string/memcpy.c         0x00000000   Number         0  memmovea.o ABSOLUTE
    ../clib/microlib/string/memcpy.c         0x00000000   Number         0  memcpya.o ABSOLUTE
    ../clib/microlib/string/strlen.c         0x00000000   Number         0  strlen.o ABSOLUTE
    ../clib/microlib/stubs.s                 0x00000000   Number         0  iusefp.o ABSOLUTE
    ../fplib/microlib/fpadd.c                0x00000000   Number         0  dadd.o ABSOLUTE
    ../fplib/microlib/fpdiv.c                0x00000000   Number         0  ddiv.o ABSOLUTE
    ../fplib/microlib/fpepilogue.c           0x00000000   Number         0  depilogue.o ABSOLUTE
    ../fplib/microlib/fpfix.c                0x00000000   Number         0  dfixul.o ABSOLUTE
    ../fplib/microlib/fpmul.c                0x00000000   Number         0  dmul.o ABSOLUTE
    Libraries\CMSIS\CM3\CoreSupport\core_cm3.c 0x00000000   Number         0  core_cm3.o ABSOLUTE
    Libraries\Device\startup_stm32f40_41xxx.s 0x00000000   Number         0  startup_stm32f40_41xxx.o ABSOLUTE
    Libraries\Device\system_stm32f4xx.c      0x00000000   Number         0  system_stm32f4xx.o ABSOLUTE
    Libraries\StdPeriph_Driver\src\misc.c    0x00000000   Number         0  misc.o ABSOLUTE
    Libraries\StdPeriph_Driver\src\stm32f4xx_gpio.c 0x00000000   Number         0  stm32f4xx_gpio.o ABSOLUTE
    Libraries\StdPeriph_Driver\src\stm32f4xx_i2c.c 0x00000000   Number         0  stm32f4xx_i2c.o ABSOLUTE
    Libraries\StdPeriph_Driver\src\stm32f4xx_rcc.c 0x00000000   Number         0  stm32f4xx_rcc.o ABSOLUTE
    Libraries\StdPeriph_Driver\src\stm32f4xx_usart.c 0x00000000   Number         0  stm32f4xx_usart.o ABSOLUTE
    Libraries\TiLib\CE_Lib.c                 0x00000000   Number         0  ce_lib.o ABSOLUTE
    Libraries\TiLib\Retarget.c               0x00000000   Number         0  retarget.o ABSOLUTE
    Libraries\TiLib\Usart.c                  0x00000000   Number         0  usart.o ABSOLUTE
    Libraries\TiLib\tft.c                    0x00000000   Number         0  tft.o ABSOLUTE
    Libraries\\CMSIS\\CM3\\CoreSupport\\core_cm3.c 0x00000000   Number         0  core_cm3.o ABSOLUTE
    Libraries\\Device\\system_stm32f4xx.c    0x00000000   Number         0  system_stm32f4xx.o ABSOLUTE
    Libraries\\StdPeriph_Driver\\src\\misc.c 0x00000000   Number         0  misc.o ABSOLUTE
    Libraries\\StdPeriph_Driver\\src\\stm32f4xx_gpio.c 0x00000000   Number         0  stm32f4xx_gpio.o ABSOLUTE
    Libraries\\StdPeriph_Driver\\src\\stm32f4xx_i2c.c 0x00000000   Number         0  stm32f4xx_i2c.o ABSOLUTE
    Libraries\\StdPeriph_Driver\\src\\stm32f4xx_rcc.c 0x00000000   Number         0  stm32f4xx_rcc.o ABSOLUTE
    Libraries\\StdPeriph_Driver\\src\\stm32f4xx_usart.c 0x00000000   Number         0  stm32f4xx_usart.o ABSOLUTE
    Libraries\\TiLib\\CE_Lib.c               0x00000000   Number         0  ce_lib.o ABSOLUTE
    Libraries\\TiLib\\Usart.c                0x00000000   Number         0  usart.o ABSOLUTE
    Libraries\\TiLib\\tft.c                  0x00000000   Number         0  tft.o ABSOLUTE
    Project\\labor6.c                        0x00000000   Number         0  labor6.o ABSOLUTE
    Project\\main.c                          0x00000000   Number         0  main.o ABSOLUTE
    Project\\peripherals.c                   0x00000000   Number         0  peripherals.o ABSOLUTE
    Project\\spi.c                           0x00000000   Number         0  spi.o ABSOLUTE
    Project\\spi_mem.c                       0x00000000   Number         0  spi_mem.o ABSOLUTE
    Project\bitstream.c                      0x00000000   Number         0  bitstream.o ABSOLUTE
    Project\buffers.c                        0x00000000   Number         0  buffers.o ABSOLUTE
    Project\dct32.c                          0x00000000   Number         0  dct32.o ABSOLUTE
    Project\dequant.c                        0x00000000   Number         0  dequant.o ABSOLUTE
    Project\dqchan.c                         0x00000000   Number         0  dqchan.o ABSOLUTE
    Project\functiongen.c                    0x00000000   Number         0  functiongen.o ABSOLUTE
    Project\huffman.c                        0x00000000   Number         0  huffman.o ABSOLUTE
    Project\hufftabs.c                       0x00000000   Number         0  hufftabs.o ABSOLUTE
    Project\imdct.c                          0x00000000   Number         0  imdct.o ABSOLUTE
    Project\labor6.c                         0x00000000   Number         0  labor6.o ABSOLUTE
    Project\main.c                           0x00000000   Number         0  main.o ABSOLUTE
    Project\mp3dec.c                         0x00000000   Number         0  mp3dec.o ABSOLUTE
    Project\mp3tabs.c                        0x00000000   Number         0  mp3tabs.o ABSOLUTE
    Project\peripherals.c                    0x00000000   Number         0  peripherals.o ABSOLUTE
    Project\polyphase.c                      0x00000000   Number         0  polyphase.o ABSOLUTE
    Project\scalfact.c                       0x00000000   Number         0  scalfact.o ABSOLUTE
    Project\spi.c                            0x00000000   Number         0  spi.o ABSOLUTE
    Project\spi_mem.c                        0x00000000   Number         0  spi_mem.o ABSOLUTE
    Project\stproc.c                         0x00000000   Number         0  stproc.o ABSOLUTE
    Project\subband.c                        0x00000000   Number         0  subband.o ABSOLUTE
    Project\trigtabs.c                       0x00000000   Number         0  trigtabs.o ABSOLUTE
    cdrcmple.s                               0x00000000   Number         0  cdrcmple.o ABSOLUTE
    dc.s                                     0x00000000   Number         0  dc.o ABSOLUTE
    handlers.s                               0x00000000   Number         0  handlers.o ABSOLUTE
    init.s                                   0x00000000   Number         0  init.o ABSOLUTE
    RESET                                    0x08000000   Section      392  startup_stm32f40_41xxx.o(RESET)
    .ARM.Collect$$$$00000000                 0x08000188   Section        0  entry.o(.ARM.Collect$$$$00000000)
    .ARM.Collect$$$$00000001                 0x08000188   Section        4  entry2.o(.ARM.Collect$$$$00000001)
    .ARM.Collect$$$$00000004                 0x0800018c   Section        4  entry5.o(.ARM.Collect$$$$00000004)
    .ARM.Collect$$$$00000008                 0x08000190   Section        0  entry7b.o(.ARM.Collect$$$$00000008)
    .ARM.Collect$$$$0000000A                 0x08000190   Section        0  entry8b.o(.ARM.Collect$$$$0000000A)
    .ARM.Collect$$$$0000000B                 0x08000190   Section        8  entry9a.o(.ARM.Collect$$$$0000000B)
    .ARM.Collect$$$$0000000D                 0x08000198   Section        0  entry10a.o(.ARM.Collect$$$$0000000D)
    .ARM.Collect$$$$0000000F                 0x08000198   Section        0  entry11a.o(.ARM.Collect$$$$0000000F)
    .ARM.Collect$$$$00002712                 0x08000198   Section        4  entry2.o(.ARM.Collect$$$$00002712)
    __lit__00000000                          0x08000198   Data           4  entry2.o(.ARM.Collect$$$$00002712)
    .text                                    0x0800019c   Section       36  startup_stm32f40_41xxx.o(.text)
    $v0                                      0x0800019c   Number         0  startup_stm32f40_41xxx.o(.text)
    .text                                    0x080001c0   Section        0  llsshr.o(.text)
    .text                                    0x080001e4   Section        0  memmovea.o(.text)
    .text                                    0x08000224   Section        0  strlen.o(.text)
    .text                                    0x08000232   Section        0  uidiv.o(.text)
    .text                                    0x08000260   Section       36  init.o(.text)
    .text                                    0x08000284   Section        0  __dczerorl2.o(.text)
    i.AntiAlias                              0x080002e0   Section        0  imdct.o(i.AntiAlias)
    AntiAlias                                0x080002e1   Thumb Code   330  imdct.o(i.AntiAlias)
    i.CLZ                                    0x08000430   Section        0  dequant.o(i.CLZ)
    CLZ                                      0x08000431   Thumb Code    22  dequant.o(i.CLZ)
    i.CLZ                                    0x08000446   Section        0  dqchan.o(i.CLZ)
    CLZ                                      0x08000447   Thumb Code    22  dqchan.o(i.CLZ)
    i.ClearBuffer                            0x0800045c   Section        0  buffers.o(i.ClearBuffer)
    ClearBuffer                              0x0800045d   Thumb Code    16  buffers.o(i.ClearBuffer)
    i.ClipToShort                            0x0800046c   Section        0  polyphase.o(i.ClipToShort)
    ClipToShort                              0x0800046d   Thumb Code    20  polyphase.o(i.ClipToShort)
    i.DecodeHuffmanPairs                     0x08000480   Section        0  huffman.o(i.DecodeHuffmanPairs)
    DecodeHuffmanPairs                       0x08000481   Thumb Code   746  huffman.o(i.DecodeHuffmanPairs)
    i.DecodeHuffmanQuads                     0x08000778   Section        0  huffman.o(i.DecodeHuffmanQuads)
    DecodeHuffmanQuads                       0x08000779   Thumb Code   298  huffman.o(i.DecodeHuffmanQuads)
    i.DequantBlock                           0x080008b0   Section        0  dqchan.o(i.DequantBlock)
    DequantBlock                             0x080008b1   Thumb Code   314  dqchan.o(i.DequantBlock)
    i.FreqInvertRescale                      0x080009fc   Section        0  imdct.o(i.FreqInvertRescale)
    FreqInvertRescale                        0x080009fd   Thumb Code   370  imdct.o(i.FreqInvertRescale)
    i.GPIO_Init                              0x08000b6e   Section        0  stm32f4xx_gpio.o(i.GPIO_Init)
    i.GPIO_PinAFConfig                       0x08000bfe   Section        0  stm32f4xx_gpio.o(i.GPIO_PinAFConfig)
    i.GPIO_ResetBits                         0x08000c44   Section        0  stm32f4xx_gpio.o(i.GPIO_ResetBits)
    i.GPIO_SetBits                           0x08000c48   Section        0  stm32f4xx_gpio.o(i.GPIO_SetBits)
    i.HybridTransform                        0x08000c4c   Section        0  imdct.o(i.HybridTransform)
    HybridTransform                          0x08000c4d   Thumb Code   310  imdct.o(i.HybridTransform)
    i.I2C_CheckEvent                         0x08000d82   Section        0  stm32f4xx_i2c.o(i.I2C_CheckEvent)
    i.I2C_Cmd                                0x08000dac   Section        0  stm32f4xx_i2c.o(i.I2C_Cmd)
    i.I2C_GenerateSTART                      0x08000dc4   Section        0  stm32f4xx_i2c.o(i.I2C_GenerateSTART)
    i.I2C_GenerateSTOP                       0x08000ddc   Section        0  stm32f4xx_i2c.o(i.I2C_GenerateSTOP)
    i.I2C_Init                               0x08000df4   Section        0  stm32f4xx_i2c.o(i.I2C_Init)
    i.I2C_ReceiveData                        0x08000edc   Section        0  stm32f4xx_i2c.o(i.I2C_ReceiveData)
    i.I2C_Send7bitAddress                    0x08000ee4   Section        0  stm32f4xx_i2c.o(i.I2C_Send7bitAddress)
    i.I2C_SendData                           0x08000ef4   Section        0  stm32f4xx_i2c.o(i.I2C_SendData)
    i.IMDCT12x3                              0x08000ef8   Section        0  imdct.o(i.IMDCT12x3)
    IMDCT12x3                                0x08000ef9   Thumb Code   398  imdct.o(i.IMDCT12x3)
    i.IMDCT36                                0x0800108c   Section        0  imdct.o(i.IMDCT36)
    IMDCT36                                  0x0800108d   Thumb Code   422  imdct.o(i.IMDCT36)
    i.MADD64                                 0x0800123c   Section        0  polyphase.o(i.MADD64)
    MADD64                                   0x0800123d   Thumb Code     6  polyphase.o(i.MADD64)
    i.MP3ClearBadFrame                       0x08001242   Section        0  mp3dec.o(i.MP3ClearBadFrame)
    MP3ClearBadFrame                         0x08001243   Thumb Code    38  mp3dec.o(i.MP3ClearBadFrame)
    i.MP3Decode                              0x08001268   Section        0  mp3dec.o(i.MP3Decode)
    i.MP3FindSyncWord                        0x08001516   Section        0  mp3dec.o(i.MP3FindSyncWord)
    i.MP3FreeDecoder                         0x08001542   Section        0  mp3dec.o(i.MP3FreeDecoder)
    i.MP3InitDecoder                         0x0800154c   Section        0  mp3dec.o(i.MP3InitDecoder)
    i.NVIC_EnableIRQ                         0x08001550   Section        0  labor6.o(i.NVIC_EnableIRQ)
    NVIC_EnableIRQ                           0x08001551   Thumb Code    24  labor6.o(i.NVIC_EnableIRQ)
    i.NVIC_Init                              0x08001568   Section        0  misc.o(i.NVIC_Init)
    i.NVIC_PriorityGroupConfig               0x080015e0   Section        0  misc.o(i.NVIC_PriorityGroupConfig)
    i.NVIC_SetPriority                       0x080015f4   Section        0  labor6.o(i.NVIC_SetPriority)
    NVIC_SetPriority                         0x080015f5   Thumb Code    32  labor6.o(i.NVIC_SetPriority)
    i.NVIC_SetPriorityGrouping               0x0800161c   Section        0  labor6.o(i.NVIC_SetPriorityGrouping)
    NVIC_SetPriorityGrouping                 0x0800161d   Thumb Code    30  labor6.o(i.NVIC_SetPriorityGrouping)
    i.RCC_AHB1PeriphClockCmd                 0x08001644   Section        0  stm32f4xx_rcc.o(i.RCC_AHB1PeriphClockCmd)
    i.RCC_APB1PeriphClockCmd                 0x08001664   Section        0  stm32f4xx_rcc.o(i.RCC_APB1PeriphClockCmd)
    i.RCC_APB1PeriphResetCmd                 0x08001684   Section        0  stm32f4xx_rcc.o(i.RCC_APB1PeriphResetCmd)
    i.RCC_APB2PeriphClockCmd                 0x080016a4   Section        0  stm32f4xx_rcc.o(i.RCC_APB2PeriphClockCmd)
    i.RCC_GetClocksFreq                      0x080016c4   Section        0  stm32f4xx_rcc.o(i.RCC_GetClocksFreq)
    i.RefillBitstreamCache                   0x080017ac   Section        0  bitstream.o(i.RefillBitstreamCache)
    RefillBitstreamCache                     0x080017ad   Thumb Code   112  bitstream.o(i.RefillBitstreamCache)
    i.SAR64                                  0x0800181c   Section        0  polyphase.o(i.SAR64)
    SAR64                                    0x0800181d   Thumb Code     4  polyphase.o(i.SAR64)
    i.SetSysClock                            0x08001820   Section        0  system_stm32f4xx.o(i.SetSysClock)
    SetSysClock                              0x08001821   Thumb Code   218  system_stm32f4xx.o(i.SetSysClock)
    i.SysTick_Handler                        0x0800190c   Section        0  labor6.o(i.SysTick_Handler)
    i.SystemInit                             0x0800191c   Section        0  system_stm32f4xx.o(i.SystemInit)
    i.TFT_Init                               0x08001984   Section        0  tft.o(i.TFT_Init)
    i.TFT_cls                                0x08001a48   Section        0  tft.o(i.TFT_cls)
    i.TFT_cursor_off                         0x08001a52   Section        0  tft.o(i.TFT_cursor_off)
    i.TFT_gotoxy                             0x08001a76   Section        0  tft.o(i.TFT_gotoxy)
    i.TFT_putc                               0x08001aa4   Section        0  tft.o(i.TFT_putc)
    i.TFT_puts                               0x08001ac2   Section        0  tft.o(i.TFT_puts)
    i.TFT_send_data                          0x08001ad8   Section        0  tft.o(i.TFT_send_data)
    i.TFT_terminal_on                        0x08001c0c   Section        0  tft.o(i.TFT_terminal_on)
    i.TIM8_UP_TIM13_IRQHandler               0x08001c2c   Section        0  labor6.o(i.TIM8_UP_TIM13_IRQHandler)
    i.USART6_IRQHandler                      0x08001ca0   Section        0  usart.o(i.USART6_IRQHandler)
    i.USART_Buffer_Init                      0x08001d44   Section        0  usart.o(i.USART_Buffer_Init)
    i.USART_Cmd                              0x08001d68   Section        0  stm32f4xx_usart.o(i.USART_Cmd)
    i.USART_Device_Init                      0x08001d80   Section        0  usart.o(i.USART_Device_Init)
    i.USART_Init                             0x08001e50   Section        0  stm32f4xx_usart.o(i.USART_Init)
    i.USART_OverSampling8Cmd                 0x08001f24   Section        0  stm32f4xx_usart.o(i.USART_OverSampling8Cmd)
    i.UnpackSFMPEG1                          0x08001f3c   Section        0  scalfact.o(i.UnpackSFMPEG1)
    UnpackSFMPEG1                            0x08001f3d   Thumb Code   358  scalfact.o(i.UnpackSFMPEG1)
    i.UnpackSFMPEG2                          0x080020a8   Section        0  scalfact.o(i.UnpackSFMPEG2)
    UnpackSFMPEG2                            0x080020a9   Thumb Code   526  scalfact.o(i.UnpackSFMPEG2)
    i.WinPrevious                            0x080022bc   Section        0  imdct.o(i.WinPrevious)
    WinPrevious                              0x080022bd   Thumb Code   292  imdct.o(i.WinPrevious)
    i.__0sprintf$1                           0x080023e4   Section        0  printf1.o(i.__0sprintf$1)
    i.__scatterload_copy                     0x0800240c   Section       14  handlers.o(i.__scatterload_copy)
    i.__scatterload_null                     0x0800241a   Section        2  handlers.o(i.__scatterload_null)
    i.__scatterload_zeroinit                 0x0800241c   Section       14  handlers.o(i.__scatterload_zeroinit)
    i._printf_core                           0x0800242c   Section        0  printf1.o(i._printf_core)
    _printf_core                             0x0800242d   Thumb Code   334  printf1.o(i._printf_core)
    i._sputc                                 0x08002580   Section        0  printf1.o(i._sputc)
    _sputc                                   0x08002581   Thumb Code    10  printf1.o(i._sputc)
    i.disable_SSEL                           0x0800258c   Section        0  spi_mem.o(i.disable_SSEL)
    disable_SSEL                             0x0800258d   Thumb Code    22  spi_mem.o(i.disable_SSEL)
    i.enable_SSEL                            0x080025ac   Section        0  spi_mem.o(i.enable_SSEL)
    enable_SSEL                              0x080025ad   Thumb Code    22  spi_mem.o(i.enable_SSEL)
    i.free                                   0x080025cc   Section        0  malloc.o(i.free)
    i.fuelle_puffer                          0x0800261c   Section        0  labor6.o(i.fuelle_puffer)
    i.idct9                                  0x08002648   Section        0  imdct.o(i.idct9)
    idct9                                    0x08002649   Thumb Code   296  imdct.o(i.idct9)
    i.imdct12                                0x08002784   Section        0  imdct.o(i.imdct12)
    imdct12                                  0x08002785   Thumb Code   126  imdct.o(i.imdct12)
    i.initCEP_Board                          0x08002814   Section        0  ce_lib.o(i.initCEP_Board)
    i.initIO                                 0x08002828   Section        0  ce_lib.o(i.initIO)
    i.labor6                                 0x080028fc   Section        0  labor6.o(i.labor6)
    i.main                                   0x08002a70   Section        0  main.o(i.main)
    i.malloc                                 0x08002a7c   Section        0  malloc.o(i.malloc)
    i.print_display                          0x08002ae8   Section        0  labor6.o(i.print_display)
    i.pwm_Init                               0x08002ba4   Section        0  labor6.o(i.pwm_Init)
    i.read_buttons                           0x08002c70   Section        0  peripherals.o(i.read_buttons)
    i.resetLED                               0x08002d4c   Section        0  ce_lib.o(i.resetLED)
    i.setLED                                 0x08002ddc   Section        0  ce_lib.o(i.setLED)
    i.setup_TIM8_DAC_PWM                     0x08002e6c   Section        0  labor6.o(i.setup_TIM8_DAC_PWM)
    i.spiFlashMemRead                        0x08002f8c   Section        0  spi_mem.o(i.spiFlashMemRead)
    i.spiTransfer                            0x08002fec   Section        0  spi.o(i.spiTransfer)
    i.spi_setup                              0x0800300c   Section        0  spi.o(i.spi_setup)
    i.tft_delay                              0x080030c0   Section        0  tft.o(i.tft_delay)
    tft_delay                                0x080030c1   Thumb Code    16  tft.o(i.tft_delay)
    i.xmp3_AllocateBuffers                   0x080030d0   Section        0  buffers.o(i.xmp3_AllocateBuffers)
    i.xmp3_CalcBitsUsed                      0x080031ae   Section        0  bitstream.o(i.xmp3_CalcBitsUsed)
    i.xmp3_CheckPadBit                       0x080031bc   Section        0  bitstream.o(i.xmp3_CheckPadBit)
    i.xmp3_DecodeHuffman                     0x080031d2   Section        0  huffman.o(i.xmp3_DecodeHuffman)
    i.xmp3_DequantChannel                    0x08003368   Section        0  dqchan.o(i.xmp3_DequantChannel)
    i.xmp3_Dequantize                        0x0800355c   Section        0  dequant.o(i.xmp3_Dequantize)
    i.xmp3_FDCT32                            0x08003744   Section        0  dct32.o(i.xmp3_FDCT32)
    i.xmp3_FreeBuffers                       0x08003d42   Section        0  buffers.o(i.xmp3_FreeBuffers)
    i.xmp3_GetBits                           0x08003d9c   Section        0  bitstream.o(i.xmp3_GetBits)
    i.xmp3_IMDCT                             0x08003dde   Section        0  imdct.o(i.xmp3_IMDCT)
    i.xmp3_IntensityProcMPEG1                0x08003ef8   Section        0  stproc.o(i.xmp3_IntensityProcMPEG1)
    i.xmp3_IntensityProcMPEG2                0x08004154   Section        0  stproc.o(i.xmp3_IntensityProcMPEG2)
    i.xmp3_MidSideProc                       0x08004374   Section        0  stproc.o(i.xmp3_MidSideProc)
    i.xmp3_PolyphaseMono                     0x080043c0   Section        0  polyphase.o(i.xmp3_PolyphaseMono)
    i.xmp3_PolyphaseStereo                   0x080047e2   Section        0  polyphase.o(i.xmp3_PolyphaseStereo)
    i.xmp3_SetBitstreamPointer               0x08005110   Section        0  bitstream.o(i.xmp3_SetBitstreamPointer)
    i.xmp3_Subband                           0x0800511c   Section        0  subband.o(i.xmp3_Subband)
    i.xmp3_UnpackFrameHeader                 0x08005214   Section        0  bitstream.o(i.xmp3_UnpackFrameHeader)
    i.xmp3_UnpackScaleFactors                0x08005400   Section        0  scalfact.o(i.xmp3_UnpackScaleFactors)
    i.xmp3_UnpackSideInfo                    0x080054f6   Section        0  bitstream.o(i.xmp3_UnpackSideInfo)
    .constdata                               0x0800570c   Section       24  functiongen.o(.constdata)
    .constdata                               0x08005724   Section      108  imdct.o(.constdata)
    c18                                      0x08005724   Data          36  imdct.o(.constdata)
    fastWin36                                0x08005748   Data          72  imdct.o(.constdata)
    .constdata                               0x08005790   Section       36  mp3tabs.o(.constdata)
    .constdata                               0x080057b4   Section      270  mp3tabs.o(.constdata)
    .constdata                               0x080058c2   Section       18  mp3tabs.o(.constdata)
    .constdata                               0x080058d4   Section       12  mp3tabs.o(.constdata)
    .constdata                               0x080058e0   Section      270  mp3tabs.o(.constdata)
    .constdata                               0x080059ee   Section      666  mp3tabs.o(.constdata)
    .constdata                               0x08005c88   Section      104  scalfact.o(.constdata)
    SFLenTab                                 0x08005c88   Data          32  scalfact.o(.constdata)
    NRTab                                    0x08005ca8   Data          72  scalfact.o(.constdata)
    .constdata                               0x08005cf0   Section      192  dct32.o(.constdata)
    dcttab                                   0x08005cf0   Data         192  dct32.o(.constdata)
    .constdata                               0x08005db0   Section      592  dqchan.o(.constdata)
    preTab                                   0x08005db0   Data          22  dqchan.o(.constdata)
    pow14                                    0x08005dc8   Data          16  dqchan.o(.constdata)
    pow43_14                                 0x08005dd8   Data         256  dqchan.o(.constdata)
    pow43                                    0x08005ed8   Data         192  dqchan.o(.constdata)
    poly43lo                                 0x08005f98   Data          20  dqchan.o(.constdata)
    poly43hi                                 0x08005fac   Data          20  dqchan.o(.constdata)
    pow2exp                                  0x08005fc0   Data          32  dqchan.o(.constdata)
    pow2frac                                 0x08005fe0   Data          32  dqchan.o(.constdata)
    .constdata                               0x08006000   Section     8484  hufftabs.o(.constdata)
    .constdata                               0x08008124   Section      128  hufftabs.o(.constdata)
    .constdata                               0x080081a4   Section      256  hufftabs.o(.constdata)
    .constdata                               0x080082a4   Section       80  hufftabs.o(.constdata)
    .constdata                               0x080082f4   Section        8  hufftabs.o(.constdata)
    .constdata                               0x080082fc   Section        8  hufftabs.o(.constdata)
    .constdata                               0x08008304   Section      576  trigtabs.o(.constdata)
    .constdata                               0x08008544   Section       56  trigtabs.o(.constdata)
    .constdata                               0x0800857c   Section      256  trigtabs.o(.constdata)
    .constdata                               0x0800867c   Section       16  trigtabs.o(.constdata)
    .constdata                               0x0800868c   Section       64  trigtabs.o(.constdata)
    .constdata                               0x080086cc   Section     1056  trigtabs.o(.constdata)
    .data                                    0x20000000   Section     2048  functiongen.o(.data)
    .data                                    0x20000800   Section       60  labor6.o(.data)
    mp3OutBuffer                             0x2000082c   Data           4  labor6.o(.data)
    irsInBuffer                              0x20000830   Data           4  labor6.o(.data)
    .data                                    0x2000083c   Section       16  stm32f4xx_rcc.o(.data)
    APBAHBPrescTable                         0x2000083c   Data          16  stm32f4xx_rcc.o(.data)
    .data                                    0x2000084c   Section        4  usart.o(.data)
    tx_restart                               0x2000084c   Data           4  usart.o(.data)
    .data                                    0x20000850   Section        4  mvars.o(.data)
    .data                                    0x20000854   Section        4  mvars.o(.data)
    .bss                                     0x20000858   Section    11208  labor6.o(.bss)
    mainBuf                                  0x20000880   Data        1944  labor6.o(.bss)
    buf1                                     0x20001018   Data        4612  labor6.o(.bss)
    buf2                                     0x2000221c   Data        4612  labor6.o(.bss)
    .bss                                     0x20003420   Section      528  usart.o(.bss)
    rbuf                                     0x20003420   Data         264  usart.o(.bss)
    tbuf                                     0x20003528   Data         264  usart.o(.bss)
    .bss                                     0x20003630   Section      521  tft.o(.bss)
    cmd                                      0x20003630   Data         262  tft.o(.bss)
    TFT_send_buffer                          0x20003736   Data         259  tft.o(.bss)
    HEAP                                     0x20003840   Section    32768  startup_stm32f40_41xxx.o(HEAP)
    STACK                                    0x2000b840   Section     1024  startup_stm32f40_41xxx.o(STACK)

    Global Symbols

    Symbol Name                              Value     Ov Type        Size  Object(Section)

    BuildAttributes$$THM_ISAv4$E$P$D$K$B$S$7EM$VFPi3$EXTD16$VFPS$VFMA$PE$A:L22UL41UL21$X:L11$S22US41US21$IEEE1$IW$USESV6$~STKCKD$USESV7$~SHL$OSPACE$ROPI$EBA8$MICROLIB$REQ8$PRES8$EABIv2 0x00000000   Number         0  anon$$obj.o ABSOLUTE
    __ARM_use_no_argv                        0x00000000   Number         0  main.o ABSOLUTE
    _printf_a                                0x00000000   Number         0  stubs.o ABSOLUTE
    _printf_c                                0x00000000   Number         0  stubs.o ABSOLUTE
    _printf_charcount                        0x00000000   Number         0  stubs.o ABSOLUTE
    _printf_d                                0x00000000   Number         0  stubs.o ABSOLUTE
    _printf_e                                0x00000000   Number         0  stubs.o ABSOLUTE
    _printf_f                                0x00000000   Number         0  stubs.o ABSOLUTE
    _printf_flags                            0x00000000   Number         0  stubs.o ABSOLUTE
    _printf_fp_dec                           0x00000000   Number         0  stubs.o ABSOLUTE
    _printf_fp_hex                           0x00000000   Number         0  stubs.o ABSOLUTE
    _printf_g                                0x00000000   Number         0  stubs.o ABSOLUTE
    _printf_i                                0x00000000   Number         0  stubs.o ABSOLUTE
    _printf_int_dec                          0x00000000   Number         0  stubs.o ABSOLUTE
    _printf_l                                0x00000000   Number         0  stubs.o ABSOLUTE
    _printf_lc                               0x00000000   Number         0  stubs.o ABSOLUTE
    _printf_ll                               0x00000000   Number         0  stubs.o ABSOLUTE
    _printf_lld                              0x00000000   Number         0  stubs.o ABSOLUTE
    _printf_lli                              0x00000000   Number         0  stubs.o ABSOLUTE
    _printf_llo                              0x00000000   Number         0  stubs.o ABSOLUTE
    _printf_llu                              0x00000000   Number         0  stubs.o ABSOLUTE
    _printf_llx                              0x00000000   Number         0  stubs.o ABSOLUTE
    _printf_longlong_dec                     0x00000000   Number         0  stubs.o ABSOLUTE
    _printf_longlong_hex                     0x00000000   Number         0  stubs.o ABSOLUTE
    _printf_longlong_oct                     0x00000000   Number         0  stubs.o ABSOLUTE
    _printf_ls                               0x00000000   Number         0  stubs.o ABSOLUTE
    _printf_mbtowc                           0x00000000   Number         0  stubs.o ABSOLUTE
    _printf_n                                0x00000000   Number         0  stubs.o ABSOLUTE
    _printf_o                                0x00000000   Number         0  stubs.o ABSOLUTE
    _printf_p                                0x00000000   Number         0  stubs.o ABSOLUTE
    _printf_percent                          0x00000000   Number         0  stubs.o ABSOLUTE
    _printf_pre_padding                      0x00000000   Number         0  stubs.o ABSOLUTE
    _printf_return_value                     0x00000000   Number         0  stubs.o ABSOLUTE
    _printf_s                                0x00000000   Number         0  stubs.o ABSOLUTE
    _printf_sizespec                         0x00000000   Number         0  stubs.o ABSOLUTE
    _printf_str                              0x00000000   Number         0  stubs.o ABSOLUTE
    _printf_truncate_signed                  0x00000000   Number         0  stubs.o ABSOLUTE
    _printf_truncate_unsigned                0x00000000   Number         0  stubs.o ABSOLUTE
    _printf_u                                0x00000000   Number         0  stubs.o ABSOLUTE
    _printf_wc                               0x00000000   Number         0  stubs.o ABSOLUTE
    _printf_wctomb                           0x00000000   Number         0  stubs.o ABSOLUTE
    _printf_widthprec                        0x00000000   Number         0  stubs.o ABSOLUTE
    _printf_x                                0x00000000   Number         0  stubs.o ABSOLUTE
    __cpp_initialize__aeabi_                  - Undefined Weak Reference
    __cxa_finalize                            - Undefined Weak Reference
    _clock_init                               - Undefined Weak Reference
    _microlib_exit                            - Undefined Weak Reference
    __Vectors_Size                           0x00000188   Number         0  startup_stm32f40_41xxx.o ABSOLUTE
    __Vectors                                0x08000000   Data           4  startup_stm32f40_41xxx.o(RESET)
    __Vectors_End                            0x08000188   Data           0  startup_stm32f40_41xxx.o(RESET)
    __main                                   0x08000189   Thumb Code     0  entry.o(.ARM.Collect$$$$00000000)
    _main_stk                                0x08000189   Thumb Code     0  entry2.o(.ARM.Collect$$$$00000001)
    _main_scatterload                        0x0800018d   Thumb Code     0  entry5.o(.ARM.Collect$$$$00000004)
    __main_after_scatterload                 0x08000191   Thumb Code     0  entry5.o(.ARM.Collect$$$$00000004)
    _main_clock                              0x08000191   Thumb Code     0  entry7b.o(.ARM.Collect$$$$00000008)
    _main_cpp_init                           0x08000191   Thumb Code     0  entry8b.o(.ARM.Collect$$$$0000000A)
    _main_init                               0x08000191   Thumb Code     0  entry9a.o(.ARM.Collect$$$$0000000B)
    __rt_final_cpp                           0x08000199   Thumb Code     0  entry10a.o(.ARM.Collect$$$$0000000D)
    __rt_final_exit                          0x08000199   Thumb Code     0  entry11a.o(.ARM.Collect$$$$0000000F)
    Reset_Handler                            0x0800019d   Thumb Code     8  startup_stm32f40_41xxx.o(.text)
    NMI_Handler                              0x080001a5   Thumb Code     2  startup_stm32f40_41xxx.o(.text)
    HardFault_Handler                        0x080001a7   Thumb Code     2  startup_stm32f40_41xxx.o(.text)
    MemManage_Handler                        0x080001a9   Thumb Code     2  startup_stm32f40_41xxx.o(.text)
    BusFault_Handler                         0x080001ab   Thumb Code     2  startup_stm32f40_41xxx.o(.text)
    UsageFault_Handler                       0x080001ad   Thumb Code     2  startup_stm32f40_41xxx.o(.text)
    SVC_Handler                              0x080001af   Thumb Code     2  startup_stm32f40_41xxx.o(.text)
    DebugMon_Handler                         0x080001b1   Thumb Code     2  startup_stm32f40_41xxx.o(.text)
    PendSV_Handler                           0x080001b3   Thumb Code     2  startup_stm32f40_41xxx.o(.text)
    ADC_IRQHandler                           0x080001b7   Thumb Code     0  startup_stm32f40_41xxx.o(.text)
    CAN1_RX0_IRQHandler                      0x080001b7   Thumb Code     0  startup_stm32f40_41xxx.o(.text)
    CAN1_RX1_IRQHandler                      0x080001b7   Thumb Code     0  startup_stm32f40_41xxx.o(.text)
    CAN1_SCE_IRQHandler                      0x080001b7   Thumb Code     0  startup_stm32f40_41xxx.o(.text)
    CAN1_TX_IRQHandler                       0x080001b7   Thumb Code     0  startup_stm32f40_41xxx.o(.text)
    CAN2_RX0_IRQHandler                      0x080001b7   Thumb Code     0  startup_stm32f40_41xxx.o(.text)
    CAN2_RX1_IRQHandler                      0x080001b7   Thumb Code     0  startup_stm32f40_41xxx.o(.text)
    CAN2_SCE_IRQHandler                      0x080001b7   Thumb Code     0  startup_stm32f40_41xxx.o(.text)
    CAN2_TX_IRQHandler                       0x080001b7   Thumb Code     0  startup_stm32f40_41xxx.o(.text)
    CRYP_IRQHandler                          0x080001b7   Thumb Code     0  startup_stm32f40_41xxx.o(.text)
    DCMI_IRQHandler                          0x080001b7   Thumb Code     0  startup_stm32f40_41xxx.o(.text)
    DMA1_Stream0_IRQHandler                  0x080001b7   Thumb Code     0  startup_stm32f40_41xxx.o(.text)
    DMA1_Stream1_IRQHandler                  0x080001b7   Thumb Code     0  startup_stm32f40_41xxx.o(.text)
    DMA1_Stream2_IRQHandler                  0x080001b7   Thumb Code     0  startup_stm32f40_41xxx.o(.text)
    DMA1_Stream3_IRQHandler                  0x080001b7   Thumb Code     0  startup_stm32f40_41xxx.o(.text)
    DMA1_Stream4_IRQHandler                  0x080001b7   Thumb Code     0  startup_stm32f40_41xxx.o(.text)
    DMA1_Stream5_IRQHandler                  0x080001b7   Thumb Code     0  startup_stm32f40_41xxx.o(.text)
    DMA1_Stream6_IRQHandler                  0x080001b7   Thumb Code     0  startup_stm32f40_41xxx.o(.text)
    DMA1_Stream7_IRQHandler                  0x080001b7   Thumb Code     0  startup_stm32f40_41xxx.o(.text)
    DMA2_Stream0_IRQHandler                  0x080001b7   Thumb Code     0  startup_stm32f40_41xxx.o(.text)
    DMA2_Stream1_IRQHandler                  0x080001b7   Thumb Code     0  startup_stm32f40_41xxx.o(.text)
    DMA2_Stream2_IRQHandler                  0x080001b7   Thumb Code     0  startup_stm32f40_41xxx.o(.text)
    DMA2_Stream3_IRQHandler                  0x080001b7   Thumb Code     0  startup_stm32f40_41xxx.o(.text)
    DMA2_Stream4_IRQHandler                  0x080001b7   Thumb Code     0  startup_stm32f40_41xxx.o(.text)
    DMA2_Stream5_IRQHandler                  0x080001b7   Thumb Code     0  startup_stm32f40_41xxx.o(.text)
    DMA2_Stream6_IRQHandler                  0x080001b7   Thumb Code     0  startup_stm32f40_41xxx.o(.text)
    DMA2_Stream7_IRQHandler                  0x080001b7   Thumb Code     0  startup_stm32f40_41xxx.o(.text)
    ETH_IRQHandler                           0x080001b7   Thumb Code     0  startup_stm32f40_41xxx.o(.text)
    ETH_WKUP_IRQHandler                      0x080001b7   Thumb Code     0  startup_stm32f40_41xxx.o(.text)
    EXTI0_IRQHandler                         0x080001b7   Thumb Code     0  startup_stm32f40_41xxx.o(.text)
    EXTI15_10_IRQHandler                     0x080001b7   Thumb Code     0  startup_stm32f40_41xxx.o(.text)
    EXTI1_IRQHandler                         0x080001b7   Thumb Code     0  startup_stm32f40_41xxx.o(.text)
    EXTI2_IRQHandler                         0x080001b7   Thumb Code     0  startup_stm32f40_41xxx.o(.text)
    EXTI3_IRQHandler                         0x080001b7   Thumb Code     0  startup_stm32f40_41xxx.o(.text)
    EXTI4_IRQHandler                         0x080001b7   Thumb Code     0  startup_stm32f40_41xxx.o(.text)
    EXTI9_5_IRQHandler                       0x080001b7   Thumb Code     0  startup_stm32f40_41xxx.o(.text)
    FLASH_IRQHandler                         0x080001b7   Thumb Code     0  startup_stm32f40_41xxx.o(.text)
    FPU_IRQHandler                           0x080001b7   Thumb Code     0  startup_stm32f40_41xxx.o(.text)
    FSMC_IRQHandler                          0x080001b7   Thumb Code     0  startup_stm32f40_41xxx.o(.text)
    HASH_RNG_IRQHandler                      0x080001b7   Thumb Code     0  startup_stm32f40_41xxx.o(.text)
    I2C1_ER_IRQHandler                       0x080001b7   Thumb Code     0  startup_stm32f40_41xxx.o(.text)
    I2C1_EV_IRQHandler                       0x080001b7   Thumb Code     0  startup_stm32f40_41xxx.o(.text)
    I2C2_ER_IRQHandler                       0x080001b7   Thumb Code     0  startup_stm32f40_41xxx.o(.text)
    I2C2_EV_IRQHandler                       0x080001b7   Thumb Code     0  startup_stm32f40_41xxx.o(.text)
    I2C3_ER_IRQHandler                       0x080001b7   Thumb Code     0  startup_stm32f40_41xxx.o(.text)
    I2C3_EV_IRQHandler                       0x080001b7   Thumb Code     0  startup_stm32f40_41xxx.o(.text)
    OTG_FS_IRQHandler                        0x080001b7   Thumb Code     0  startup_stm32f40_41xxx.o(.text)
    OTG_FS_WKUP_IRQHandler                   0x080001b7   Thumb Code     0  startup_stm32f40_41xxx.o(.text)
    OTG_HS_EP1_IN_IRQHandler                 0x080001b7   Thumb Code     0  startup_stm32f40_41xxx.o(.text)
    OTG_HS_EP1_OUT_IRQHandler                0x080001b7   Thumb Code     0  startup_stm32f40_41xxx.o(.text)
    OTG_HS_IRQHandler                        0x080001b7   Thumb Code     0  startup_stm32f40_41xxx.o(.text)
    OTG_HS_WKUP_IRQHandler                   0x080001b7   Thumb Code     0  startup_stm32f40_41xxx.o(.text)
    PVD_IRQHandler                           0x080001b7   Thumb Code     0  startup_stm32f40_41xxx.o(.text)
    RCC_IRQHandler                           0x080001b7   Thumb Code     0  startup_stm32f40_41xxx.o(.text)
    RTC_Alarm_IRQHandler                     0x080001b7   Thumb Code     0  startup_stm32f40_41xxx.o(.text)
    RTC_WKUP_IRQHandler                      0x080001b7   Thumb Code     0  startup_stm32f40_41xxx.o(.text)
    SDIO_IRQHandler                          0x080001b7   Thumb Code     0  startup_stm32f40_41xxx.o(.text)
    SPI1_IRQHandler                          0x080001b7   Thumb Code     0  startup_stm32f40_41xxx.o(.text)
    SPI2_IRQHandler                          0x080001b7   Thumb Code     0  startup_stm32f40_41xxx.o(.text)
    SPI3_IRQHandler                          0x080001b7   Thumb Code     0  startup_stm32f40_41xxx.o(.text)
    TAMP_STAMP_IRQHandler                    0x080001b7   Thumb Code     0  startup_stm32f40_41xxx.o(.text)
    TIM1_BRK_TIM9_IRQHandler                 0x080001b7   Thumb Code     0  startup_stm32f40_41xxx.o(.text)
    TIM1_CC_IRQHandler                       0x080001b7   Thumb Code     0  startup_stm32f40_41xxx.o(.text)
    TIM1_TRG_COM_TIM11_IRQHandler            0x080001b7   Thumb Code     0  startup_stm32f40_41xxx.o(.text)
    TIM1_UP_TIM10_IRQHandler                 0x080001b7   Thumb Code     0  startup_stm32f40_41xxx.o(.text)
    TIM2_IRQHandler                          0x080001b7   Thumb Code     0  startup_stm32f40_41xxx.o(.text)
    TIM3_IRQHandler                          0x080001b7   Thumb Code     0  startup_stm32f40_41xxx.o(.text)
    TIM4_IRQHandler                          0x080001b7   Thumb Code     0  startup_stm32f40_41xxx.o(.text)
    TIM5_IRQHandler                          0x080001b7   Thumb Code     0  startup_stm32f40_41xxx.o(.text)
    TIM6_DAC_IRQHandler                      0x080001b7   Thumb Code     0  startup_stm32f40_41xxx.o(.text)
    TIM7_IRQHandler                          0x080001b7   Thumb Code     0  startup_stm32f40_41xxx.o(.text)
    TIM8_BRK_TIM12_IRQHandler                0x080001b7   Thumb Code     0  startup_stm32f40_41xxx.o(.text)
    TIM8_CC_IRQHandler                       0x080001b7   Thumb Code     0  startup_stm32f40_41xxx.o(.text)
    TIM8_TRG_COM_TIM14_IRQHandler            0x080001b7   Thumb Code     0  startup_stm32f40_41xxx.o(.text)
    UART4_IRQHandler                         0x080001b7   Thumb Code     0  startup_stm32f40_41xxx.o(.text)
    UART5_IRQHandler                         0x080001b7   Thumb Code     0  startup_stm32f40_41xxx.o(.text)
    USART1_IRQHandler                        0x080001b7   Thumb Code     0  startup_stm32f40_41xxx.o(.text)
    USART2_IRQHandler                        0x080001b7   Thumb Code     0  startup_stm32f40_41xxx.o(.text)
    USART3_IRQHandler                        0x080001b7   Thumb Code     0  startup_stm32f40_41xxx.o(.text)
    WWDG_IRQHandler                          0x080001b7   Thumb Code     0  startup_stm32f40_41xxx.o(.text)
    __aeabi_lasr                             0x080001c1   Thumb Code    36  llsshr.o(.text)
    _ll_sshift_r                             0x080001c1   Thumb Code     0  llsshr.o(.text)
    ___aeabi_memcpy4$move                    0x080001e5   Thumb Code     0  memmovea.o(.text)
    ___aeabi_memcpy8$move                    0x080001e5   Thumb Code     0  memmovea.o(.text)
    __aeabi_memcpy                           0x080001e5   Thumb Code    64  memmovea.o(.text)
    __aeabi_memmove                          0x080001e5   Thumb Code     0  memmovea.o(.text)
    __aeabi_memmove4                         0x080001e5   Thumb Code     0  memmovea.o(.text)
    __aeabi_memmove8                         0x080001e5   Thumb Code     0  memmovea.o(.text)
    strlen                                   0x08000225   Thumb Code    14  strlen.o(.text)
    __aeabi_uidiv                            0x08000233   Thumb Code     0  uidiv.o(.text)
    __aeabi_uidivmod                         0x08000233   Thumb Code    44  uidiv.o(.text)
    __scatterload                            0x08000261   Thumb Code    28  init.o(.text)
    __scatterload_rt2                        0x08000261   Thumb Code     0  init.o(.text)
    __decompress                             0x08000285   Thumb Code     0  __dczerorl2.o(.text)
    __decompress1                            0x08000285   Thumb Code    92  __dczerorl2.o(.text)
    GPIO_Init                                0x08000b6f   Thumb Code   144  stm32f4xx_gpio.o(i.GPIO_Init)
    GPIO_PinAFConfig                         0x08000bff   Thumb Code    70  stm32f4xx_gpio.o(i.GPIO_PinAFConfig)
    GPIO_ResetBits                           0x08000c45   Thumb Code     4  stm32f4xx_gpio.o(i.GPIO_ResetBits)
    GPIO_SetBits                             0x08000c49   Thumb Code     4  stm32f4xx_gpio.o(i.GPIO_SetBits)
    I2C_CheckEvent                           0x08000d83   Thumb Code    42  stm32f4xx_i2c.o(i.I2C_CheckEvent)
    I2C_Cmd                                  0x08000dad   Thumb Code    24  stm32f4xx_i2c.o(i.I2C_Cmd)
    I2C_GenerateSTART                        0x08000dc5   Thumb Code    24  stm32f4xx_i2c.o(i.I2C_GenerateSTART)
    I2C_GenerateSTOP                         0x08000ddd   Thumb Code    24  stm32f4xx_i2c.o(i.I2C_GenerateSTOP)
    I2C_Init                                 0x08000df5   Thumb Code   218  stm32f4xx_i2c.o(i.I2C_Init)
    I2C_ReceiveData                          0x08000edd   Thumb Code     8  stm32f4xx_i2c.o(i.I2C_ReceiveData)
    I2C_Send7bitAddress                      0x08000ee5   Thumb Code    16  stm32f4xx_i2c.o(i.I2C_Send7bitAddress)
    I2C_SendData                             0x08000ef5   Thumb Code     4  stm32f4xx_i2c.o(i.I2C_SendData)
    MP3Decode                                0x08001269   Thumb Code   686  mp3dec.o(i.MP3Decode)
    MP3FindSyncWord                          0x08001517   Thumb Code    44  mp3dec.o(i.MP3FindSyncWord)
    MP3FreeDecoder                           0x08001543   Thumb Code    10  mp3dec.o(i.MP3FreeDecoder)
    MP3InitDecoder                           0x0800154d   Thumb Code     4  mp3dec.o(i.MP3InitDecoder)
    NVIC_Init                                0x08001569   Thumb Code   108  misc.o(i.NVIC_Init)
    NVIC_PriorityGroupConfig                 0x080015e1   Thumb Code    10  misc.o(i.NVIC_PriorityGroupConfig)
    RCC_AHB1PeriphClockCmd                   0x08001645   Thumb Code    26  stm32f4xx_rcc.o(i.RCC_AHB1PeriphClockCmd)
    RCC_APB1PeriphClockCmd                   0x08001665   Thumb Code    26  stm32f4xx_rcc.o(i.RCC_APB1PeriphClockCmd)
    RCC_APB1PeriphResetCmd                   0x08001685   Thumb Code    26  stm32f4xx_rcc.o(i.RCC_APB1PeriphResetCmd)
    RCC_APB2PeriphClockCmd                   0x080016a5   Thumb Code    26  stm32f4xx_rcc.o(i.RCC_APB2PeriphClockCmd)
    RCC_GetClocksFreq                        0x080016c5   Thumb Code   214  stm32f4xx_rcc.o(i.RCC_GetClocksFreq)
    SysTick_Handler                          0x0800190d   Thumb Code    12  labor6.o(i.SysTick_Handler)
    SystemInit                               0x0800191d   Thumb Code    88  system_stm32f4xx.o(i.SystemInit)
    TFT_Init                                 0x08001985   Thumb Code   182  tft.o(i.TFT_Init)
    TFT_cls                                  0x08001a49   Thumb Code    10  tft.o(i.TFT_cls)
    TFT_cursor_off                           0x08001a53   Thumb Code    36  tft.o(i.TFT_cursor_off)
    TFT_gotoxy                               0x08001a77   Thumb Code    46  tft.o(i.TFT_gotoxy)
    TFT_putc                                 0x08001aa5   Thumb Code    30  tft.o(i.TFT_putc)
    TFT_puts                                 0x08001ac3   Thumb Code    20  tft.o(i.TFT_puts)
    TFT_send_data                            0x08001ad9   Thumb Code   292  tft.o(i.TFT_send_data)
    TFT_terminal_on                          0x08001c0d   Thumb Code    30  tft.o(i.TFT_terminal_on)
    TIM8_UP_TIM13_IRQHandler                 0x08001c2d   Thumb Code    92  labor6.o(i.TIM8_UP_TIM13_IRQHandler)
    USART6_IRQHandler                        0x08001ca1   Thumb Code   146  usart.o(i.USART6_IRQHandler)
    USART_Buffer_Init                        0x08001d45   Thumb Code    24  usart.o(i.USART_Buffer_Init)
    USART_Cmd                                0x08001d69   Thumb Code    24  stm32f4xx_usart.o(i.USART_Cmd)
    USART_Device_Init                        0x08001d81   Thumb Code   198  usart.o(i.USART_Device_Init)
    USART_Init                               0x08001e51   Thumb Code   204  stm32f4xx_usart.o(i.USART_Init)
    USART_OverSampling8Cmd                   0x08001f25   Thumb Code    22  stm32f4xx_usart.o(i.USART_OverSampling8Cmd)
    __0sprintf$1                             0x080023e5   Thumb Code    34  printf1.o(i.__0sprintf$1)
    __1sprintf$1                             0x080023e5   Thumb Code     0  printf1.o(i.__0sprintf$1)
    __2sprintf                               0x080023e5   Thumb Code     0  printf1.o(i.__0sprintf$1)
    __scatterload_copy                       0x0800240d   Thumb Code    14  handlers.o(i.__scatterload_copy)
    __scatterload_null                       0x0800241b   Thumb Code     2  handlers.o(i.__scatterload_null)
    __scatterload_zeroinit                   0x0800241d   Thumb Code    14  handlers.o(i.__scatterload_zeroinit)
    free                                     0x080025cd   Thumb Code    76  malloc.o(i.free)
    fuelle_puffer                            0x0800261d   Thumb Code    34  labor6.o(i.fuelle_puffer)
    initCEP_Board                            0x08002815   Thumb Code    20  ce_lib.o(i.initCEP_Board)
    initIO                                   0x08002829   Thumb Code   188  ce_lib.o(i.initIO)
    labor6                                   0x080028fd   Thumb Code   314  labor6.o(i.labor6)
    main                                     0x08002a71   Thumb Code    10  main.o(i.main)
    malloc                                   0x08002a7d   Thumb Code    92  malloc.o(i.malloc)
    print_display                            0x08002ae9   Thumb Code   130  labor6.o(i.print_display)
    pwm_Init                                 0x08002ba5   Thumb Code   190  labor6.o(i.pwm_Init)
    read_buttons                             0x08002c71   Thumb Code   152  peripherals.o(i.read_buttons)
    resetLED                                 0x08002d4d   Thumb Code   132  ce_lib.o(i.resetLED)
    setLED                                   0x08002ddd   Thumb Code   132  ce_lib.o(i.setLED)
    setup_TIM8_DAC_PWM                       0x08002e6d   Thumb Code   268  labor6.o(i.setup_TIM8_DAC_PWM)
    spiFlashMemRead                          0x08002f8d   Thumb Code    96  spi_mem.o(i.spiFlashMemRead)
    spiTransfer                              0x08002fed   Thumb Code    28  spi.o(i.spiTransfer)
    spi_setup                                0x0800300d   Thumb Code   156  spi.o(i.spi_setup)
    xmp3_AllocateBuffers                     0x080030d1   Thumb Code   222  buffers.o(i.xmp3_AllocateBuffers)
    xmp3_CalcBitsUsed                        0x080031af   Thumb Code    14  bitstream.o(i.xmp3_CalcBitsUsed)
    xmp3_CheckPadBit                         0x080031bd   Thumb Code    22  bitstream.o(i.xmp3_CheckPadBit)
    xmp3_DecodeHuffman                       0x080031d3   Thumb Code   406  huffman.o(i.xmp3_DecodeHuffman)
    xmp3_DequantChannel                      0x08003369   Thumb Code   494  dqchan.o(i.xmp3_DequantChannel)
    xmp3_Dequantize                          0x0800355d   Thumb Code   488  dequant.o(i.xmp3_Dequantize)
    xmp3_FDCT32                              0x08003745   Thumb Code  1534  dct32.o(i.xmp3_FDCT32)
    xmp3_FreeBuffers                         0x08003d43   Thumb Code    90  buffers.o(i.xmp3_FreeBuffers)
    xmp3_GetBits                             0x08003d9d   Thumb Code    66  bitstream.o(i.xmp3_GetBits)
    xmp3_IMDCT                               0x08003ddf   Thumb Code   282  imdct.o(i.xmp3_IMDCT)
    xmp3_IntensityProcMPEG1                  0x08003ef9   Thumb Code   594  stproc.o(i.xmp3_IntensityProcMPEG1)
    xmp3_IntensityProcMPEG2                  0x08004155   Thumb Code   536  stproc.o(i.xmp3_IntensityProcMPEG2)
    xmp3_MidSideProc                         0x08004375   Thumb Code    76  stproc.o(i.xmp3_MidSideProc)
    xmp3_PolyphaseMono                       0x080043c1   Thumb Code  1058  polyphase.o(i.xmp3_PolyphaseMono)
    xmp3_PolyphaseStereo                     0x080047e3   Thumb Code  2350  polyphase.o(i.xmp3_PolyphaseStereo)
    xmp3_SetBitstreamPointer                 0x08005111   Thumb Code    12  bitstream.o(i.xmp3_SetBitstreamPointer)
    xmp3_Subband                             0x0800511d   Thumb Code   244  subband.o(i.xmp3_Subband)
    xmp3_UnpackFrameHeader                   0x08005215   Thumb Code   468  bitstream.o(i.xmp3_UnpackFrameHeader)
    xmp3_UnpackScaleFactors                  0x08005401   Thumb Code   246  scalfact.o(i.xmp3_UnpackScaleFactors)
    xmp3_UnpackSideInfo                      0x080054f7   Thumb Code   532  bitstream.o(i.xmp3_UnpackSideInfo)
    DELTA_IDX_440                            0x0800570c   Data           4  functiongen.o(.constdata)
    DELTA_IDX_5000                           0x08005710   Data           4  functiongen.o(.constdata)
    SHIFTED_TABLE_SIZE                       0x08005714   Data           4  functiongen.o(.constdata)
    a                                        0x08005718   Data           4  functiongen.o(.constdata)
    b_small                                  0x0800571c   Data           4  functiongen.o(.constdata)
    b_big                                    0x08005720   Data           4  functiongen.o(.constdata)
    xmp3_samplerateTab                       0x08005790   Data          36  mp3tabs.o(.constdata)
    xmp3_bitrateTab                          0x080057b4   Data         270  mp3tabs.o(.constdata)
    xmp3_samplesPerFrameTab                  0x080058c2   Data          18  mp3tabs.o(.constdata)
    xmp3_sideBytesTab                        0x080058d4   Data          12  mp3tabs.o(.constdata)
    xmp3_slotTab                             0x080058e0   Data         270  mp3tabs.o(.constdata)
    xmp3_sfBandTable                         0x080059ee   Data         666  mp3tabs.o(.constdata)
    xmp3_huffTable                           0x08006000   Data        8484  hufftabs.o(.constdata)
    xmp3_huffTabOffset                       0x08008124   Data         128  hufftabs.o(.constdata)
    xmp3_huffTabLookup                       0x080081a4   Data         256  hufftabs.o(.constdata)
    xmp3_quadTable                           0x080082a4   Data          80  hufftabs.o(.constdata)
    xmp3_quadTabOffset                       0x080082f4   Data           8  hufftabs.o(.constdata)
    xmp3_quadTabMaxBits                      0x080082fc   Data           8  hufftabs.o(.constdata)
    xmp3_imdctWin                            0x08008304   Data         576  trigtabs.o(.constdata)
    xmp3_ISFMpeg1                            0x08008544   Data          56  trigtabs.o(.constdata)
    xmp3_ISFMpeg2                            0x0800857c   Data         256  trigtabs.o(.constdata)
    xmp3_ISFIIP                              0x0800867c   Data          16  trigtabs.o(.constdata)
    xmp3_csa                                 0x0800868c   Data          64  trigtabs.o(.constdata)
    xmp3_polyCoef                            0x080086cc   Data        1056  trigtabs.o(.constdata)
    Region$$Table$$Base                      0x08008aec   Number         0  anon$$obj.o(Region$$Table)
    Region$$Table$$Limit                     0x08008b0c   Number         0  anon$$obj.o(Region$$Table)
    sinus_table                              0x20000000   Data        1024  functiongen.o(.data)
    triangle_table                           0x20000400   Data        1024  functiongen.o(.data)
    run                                      0x20000800   Data           4  labor6.o(.data)
    idx_ISR                                  0x20000804   Data           4  labor6.o(.data)
    interrupt_Counter                        0x20000808   Data           4  labor6.o(.data)
    mseczaehlvar                             0x2000080c   Data           4  labor6.o(.data)
    fi                                       0x20000810   Data           4  labor6.o(.data)
    tabelle                                  0x20000814   Data           4  labor6.o(.data)
    srefresh                                 0x20000818   Data           4  labor6.o(.data)
    syncword_address                         0x2000081c   Data           4  labor6.o(.data)
    address                                  0x20000820   Data           4  labor6.o(.data)
    mp3dec                                   0x20000824   Data           4  labor6.o(.data)
    msec                                     0x20000828   Data           4  labor6.o(.data)
    play_modus                               0x20000834   Data           4  labor6.o(.data)
    amplitude                                0x20000838   Data           4  labor6.o(.data)
    __microlib_freelist                      0x20000850   Data           4  mvars.o(.data)
    __microlib_freelist_initialised          0x20000854   Data           4  mvars.o(.data)
    msec_Buf                                 0x20000858   Data          10  labor6.o(.bss)
    interupt_Buf                             0x20000862   Data          10  labor6.o(.bss)
    freq_Buf                                 0x2000086c   Data          20  labor6.o(.bss)
    __heap_base                              0x20003840   Data           0  startup_stm32f40_41xxx.o(HEAP)
    __heap_limit                             0x2000b840   Data           0  startup_stm32f40_41xxx.o(HEAP)
    __initial_sp                             0x2000bc40   Data           0  startup_stm32f40_41xxx.o(STACK)



==============================================================================

Memory Map of the image

  Image Entry point : 0x08000189

  Load Region LR_IROM1 (Base: 0x08000000, Size: 0x00009364, Max: 0x00100000, ABSOLUTE, COMPRESSED[0x00009090])

    Execution Region ER_IROM1 (Base: 0x08000000, Size: 0x00008b0c, Max: 0x00100000, ABSOLUTE)

    Base Addr    Size         Type   Attr      Idx    E Section Name        Object

    0x08000000   0x00000188   Data   RO         1015    RESET               startup_stm32f40_41xxx.o
    0x08000188   0x00000000   Code   RO         2166  * .ARM.Collect$$$$00000000  mc_w.l(entry.o)
    0x08000188   0x00000004   Code   RO         2470    .ARM.Collect$$$$00000001  mc_w.l(entry2.o)
    0x0800018c   0x00000004   Code   RO         2473    .ARM.Collect$$$$00000004  mc_w.l(entry5.o)
    0x08000190   0x00000000   Code   RO         2475    .ARM.Collect$$$$00000008  mc_w.l(entry7b.o)
    0x08000190   0x00000000   Code   RO         2477    .ARM.Collect$$$$0000000A  mc_w.l(entry8b.o)
    0x08000190   0x00000008   Code   RO         2478    .ARM.Collect$$$$0000000B  mc_w.l(entry9a.o)
    0x08000198   0x00000000   Code   RO         2480    .ARM.Collect$$$$0000000D  mc_w.l(entry10a.o)
    0x08000198   0x00000000   Code   RO         2482    .ARM.Collect$$$$0000000F  mc_w.l(entry11a.o)
    0x08000198   0x00000004   Code   RO         2471    .ARM.Collect$$$$00002712  mc_w.l(entry2.o)
    0x0800019c   0x00000024   Code   RO         1016    .text               startup_stm32f40_41xxx.o
    0x080001c0   0x00000024   Code   RO         2169    .text               mc_w.l(llsshr.o)
    0x080001e4   0x00000040   Code   RO         2173    .text               mc_w.l(memmovea.o)
    0x08000224   0x0000000e   Code   RO         2175    .text               mc_w.l(strlen.o)
    0x08000232   0x0000002c   Code   RO         2484    .text               mc_w.l(uidiv.o)
    0x0800025e   0x00000002   PAD
    0x08000260   0x00000024   Code   RO         2501    .text               mc_w.l(init.o)
    0x08000284   0x0000005c   Code   RO         2517    .text               mc_w.l(__dczerorl2.o)
    0x080002e0   0x00000150   Code   RO         1909    i.AntiAlias         helix.lib(imdct.o)
    0x08000430   0x00000016   Code   RO         1867    i.CLZ               helix.lib(dequant.o)
    0x08000446   0x00000016   Code   RO         2038    i.CLZ               helix.lib(dqchan.o)
    0x0800045c   0x00000010   Code   RO         1841    i.ClearBuffer       helix.lib(buffers.o)
    0x0800046c   0x00000014   Code   RO         2083    i.ClipToShort       helix.lib(polyphase.o)
    0x08000480   0x000002f8   Code   RO         1887    i.DecodeHuffmanPairs  helix.lib(huffman.o)
    0x08000778   0x00000138   Code   RO         1888    i.DecodeHuffmanQuads  helix.lib(huffman.o)
    0x080008b0   0x0000014c   Code   RO         2039    i.DequantBlock      helix.lib(dqchan.o)
    0x080009fc   0x00000172   Code   RO         1910    i.FreqInvertRescale  helix.lib(imdct.o)
    0x08000b6e   0x00000090   Code   RO          399    i.GPIO_Init         stm32f4xx_gpio.o
    0x08000bfe   0x00000046   Code   RO          400    i.GPIO_PinAFConfig  stm32f4xx_gpio.o
    0x08000c44   0x00000004   Code   RO          406    i.GPIO_ResetBits    stm32f4xx_gpio.o
    0x08000c48   0x00000004   Code   RO          407    i.GPIO_SetBits      stm32f4xx_gpio.o
    0x08000c4c   0x00000136   Code   RO         1911    i.HybridTransform   helix.lib(imdct.o)
    0x08000d82   0x0000002a   Code   RO         1076    i.I2C_CheckEvent    stm32f4xx_i2c.o
    0x08000dac   0x00000018   Code   RO         1079    i.I2C_Cmd           stm32f4xx_i2c.o
    0x08000dc4   0x00000018   Code   RO         1087    i.I2C_GenerateSTART  stm32f4xx_i2c.o
    0x08000ddc   0x00000018   Code   RO         1088    i.I2C_GenerateSTOP  stm32f4xx_i2c.o
    0x08000df4   0x000000e8   Code   RO         1094    i.I2C_Init          stm32f4xx_i2c.o
    0x08000edc   0x00000008   Code   RO         1099    i.I2C_ReceiveData   stm32f4xx_i2c.o
    0x08000ee4   0x00000010   Code   RO         1101    i.I2C_Send7bitAddress  stm32f4xx_i2c.o
    0x08000ef4   0x00000004   Code   RO         1102    i.I2C_SendData      stm32f4xx_i2c.o
    0x08000ef8   0x00000194   Code   RO         1912    i.IMDCT12x3         helix.lib(imdct.o)
    0x0800108c   0x000001b0   Code   RO         1913    i.IMDCT36           helix.lib(imdct.o)
    0x0800123c   0x00000006   Code   RO         2084    i.MADD64            helix.lib(polyphase.o)
    0x08001242   0x00000026   Code   RO         1727    i.MP3ClearBadFrame  helix.lib(mp3dec.o)
    0x08001268   0x000002ae   Code   RO         1728    i.MP3Decode         helix.lib(mp3dec.o)
    0x08001516   0x0000002c   Code   RO         1729    i.MP3FindSyncWord   helix.lib(mp3dec.o)
    0x08001542   0x0000000a   Code   RO         1730    i.MP3FreeDecoder    helix.lib(mp3dec.o)
    0x0800154c   0x00000004   Code   RO         1733    i.MP3InitDecoder    helix.lib(mp3dec.o)
    0x08001550   0x00000018   Code   RO          124    i.NVIC_EnableIRQ    labor6.o
    0x08001568   0x00000078   Code   RO          354    i.NVIC_Init         misc.o
    0x080015e0   0x00000014   Code   RO          355    i.NVIC_PriorityGroupConfig  misc.o
    0x080015f4   0x00000028   Code   RO          125    i.NVIC_SetPriority  labor6.o
    0x0800161c   0x00000028   Code   RO          126    i.NVIC_SetPriorityGrouping  labor6.o
    0x08001644   0x00000020   Code   RO          496    i.RCC_AHB1PeriphClockCmd  stm32f4xx_rcc.o
    0x08001664   0x00000020   Code   RO          505    i.RCC_APB1PeriphClockCmd  stm32f4xx_rcc.o
    0x08001684   0x00000020   Code   RO          507    i.RCC_APB1PeriphResetCmd  stm32f4xx_rcc.o
    0x080016a4   0x00000020   Code   RO          508    i.RCC_APB2PeriphClockCmd  stm32f4xx_rcc.o
    0x080016c4   0x000000e8   Code   RO          517    i.RCC_GetClocksFreq  stm32f4xx_rcc.o
    0x080017ac   0x00000070   Code   RO         1787    i.RefillBitstreamCache  helix.lib(bitstream.o)
    0x0800181c   0x00000004   Code   RO         2085    i.SAR64             helix.lib(polyphase.o)
    0x08001820   0x000000ec   Code   RO         1022    i.SetSysClock       system_stm32f4xx.o
    0x0800190c   0x00000010   Code   RO          127    i.SysTick_Handler   labor6.o
    0x0800191c   0x00000068   Code   RO         1024    i.SystemInit        system_stm32f4xx.o
    0x08001984   0x000000c4   Code   RO         1453    i.TFT_Init          tft.o
    0x08001a48   0x0000000a   Code   RO         1462    i.TFT_cls           tft.o
    0x08001a52   0x00000024   Code   RO         1463    i.TFT_cursor_off    tft.o
    0x08001a76   0x0000002e   Code   RO         1468    i.TFT_gotoxy        tft.o
    0x08001aa4   0x0000001e   Code   RO         1475    i.TFT_putc          tft.o
    0x08001ac2   0x00000014   Code   RO         1476    i.TFT_puts          tft.o
    0x08001ad6   0x00000002   PAD
    0x08001ad8   0x00000134   Code   RO         1478    i.TFT_send_data     tft.o
    0x08001c0c   0x0000001e   Code   RO         1488    i.TFT_terminal_on   tft.o
    0x08001c2a   0x00000002   PAD
    0x08001c2c   0x00000074   Code   RO          128    i.TIM8_UP_TIM13_IRQHandler  labor6.o
    0x08001ca0   0x000000a4   Code   RO         1360    i.USART6_IRQHandler  usart.o
    0x08001d44   0x00000024   Code   RO         1361    i.USART_Buffer_Init  usart.o
    0x08001d68   0x00000018   Code   RO          828    i.USART_Cmd         stm32f4xx_usart.o
    0x08001d80   0x000000d0   Code   RO         1362    i.USART_Device_Init  usart.o
    0x08001e50   0x000000d4   Code   RO          835    i.USART_Init        stm32f4xx_usart.o
    0x08001f24   0x00000016   Code   RO          841    i.USART_OverSampling8Cmd  stm32f4xx_usart.o
    0x08001f3a   0x00000002   PAD
    0x08001f3c   0x0000016c   Code   RO         1985    i.UnpackSFMPEG1     helix.lib(scalfact.o)
    0x080020a8   0x00000214   Code   RO         1986    i.UnpackSFMPEG2     helix.lib(scalfact.o)
    0x080022bc   0x00000128   Code   RO         1914    i.WinPrevious       helix.lib(imdct.o)
    0x080023e4   0x00000028   Code   RO         2228    i.__0sprintf$1      mc_w.l(printf1.o)
    0x0800240c   0x0000000e   Code   RO         2511    i.__scatterload_copy  mc_w.l(handlers.o)
    0x0800241a   0x00000002   Code   RO         2512    i.__scatterload_null  mc_w.l(handlers.o)
    0x0800241c   0x0000000e   Code   RO         2513    i.__scatterload_zeroinit  mc_w.l(handlers.o)
    0x0800242a   0x00000002   PAD
    0x0800242c   0x00000154   Code   RO         2233    i._printf_core      mc_w.l(printf1.o)
    0x08002580   0x0000000a   Code   RO         2235    i._sputc            mc_w.l(printf1.o)
    0x0800258a   0x00000002   PAD
    0x0800258c   0x00000020   Code   RO          247    i.disable_SSEL      spi_mem.o
    0x080025ac   0x00000020   Code   RO          248    i.enable_SSEL       spi_mem.o
    0x080025cc   0x00000050   Code   RO         2442    i.free              mc_w.l(malloc.o)
    0x0800261c   0x0000002c   Code   RO          129    i.fuelle_puffer     labor6.o
    0x08002648   0x0000013c   Code   RO         1915    i.idct9             helix.lib(imdct.o)
    0x08002784   0x00000090   Code   RO         1916    i.imdct12           helix.lib(imdct.o)
    0x08002814   0x00000014   Code   RO         1301    i.initCEP_Board     ce_lib.o
    0x08002828   0x000000d4   Code   RO         1302    i.initIO            ce_lib.o
    0x080028fc   0x00000174   Code   RO          130    i.labor6            labor6.o
    0x08002a70   0x0000000a   Code   RO            3    i.main              main.o
    0x08002a7a   0x00000002   PAD
    0x08002a7c   0x0000006c   Code   RO         2443    i.malloc            mc_w.l(malloc.o)
    0x08002ae8   0x000000bc   Code   RO          131    i.print_display     labor6.o
    0x08002ba4   0x000000cc   Code   RO          132    i.pwm_Init          labor6.o
    0x08002c70   0x000000dc   Code   RO           93    i.read_buttons      peripherals.o
    0x08002d4c   0x00000090   Code   RO         1303    i.resetLED          ce_lib.o
    0x08002ddc   0x00000090   Code   RO         1304    i.setLED            ce_lib.o
    0x08002e6c   0x00000120   Code   RO          133    i.setup_TIM8_DAC_PWM  labor6.o
    0x08002f8c   0x00000060   Code   RO          256    i.spiFlashMemRead   spi_mem.o
    0x08002fec   0x00000020   Code   RO          230    i.spiTransfer       spi.o
    0x0800300c   0x000000b4   Code   RO          215    i.spi_setup         spi.o
    0x080030c0   0x00000010   Code   RO         1495    i.tft_delay         tft.o
    0x080030d0   0x000000de   Code   RO         1842    i.xmp3_AllocateBuffers  helix.lib(buffers.o)
    0x080031ae   0x0000000e   Code   RO         1788    i.xmp3_CalcBitsUsed  helix.lib(bitstream.o)
    0x080031bc   0x00000016   Code   RO         1789    i.xmp3_CheckPadBit  helix.lib(bitstream.o)
    0x080031d2   0x00000196   Code   RO         1889    i.xmp3_DecodeHuffman  helix.lib(huffman.o)
    0x08003368   0x000001f4   Code   RO         2040    i.xmp3_DequantChannel  helix.lib(dqchan.o)
    0x0800355c   0x000001e8   Code   RO         1868    i.xmp3_Dequantize   helix.lib(dequant.o)
    0x08003744   0x000005fe   Code   RO         2021    i.xmp3_FDCT32       helix.lib(dct32.o)
    0x08003d42   0x0000005a   Code   RO         1843    i.xmp3_FreeBuffers  helix.lib(buffers.o)
    0x08003d9c   0x00000042   Code   RO         1790    i.xmp3_GetBits      helix.lib(bitstream.o)
    0x08003dde   0x0000011a   Code   RO         1917    i.xmp3_IMDCT        helix.lib(imdct.o)
    0x08003ef8   0x0000025c   Code   RO         2119    i.xmp3_IntensityProcMPEG1  helix.lib(stproc.o)
    0x08004154   0x00000220   Code   RO         2120    i.xmp3_IntensityProcMPEG2  helix.lib(stproc.o)
    0x08004374   0x0000004c   Code   RO         2121    i.xmp3_MidSideProc  helix.lib(stproc.o)
    0x080043c0   0x00000422   Code   RO         2086    i.xmp3_PolyphaseMono  helix.lib(polyphase.o)
    0x080047e2   0x0000092e   Code   RO         2087    i.xmp3_PolyphaseStereo  helix.lib(polyphase.o)
    0x08005110   0x0000000c   Code   RO         1791    i.xmp3_SetBitstreamPointer  helix.lib(bitstream.o)
    0x0800511c   0x000000f8   Code   RO         2009    i.xmp3_Subband      helix.lib(subband.o)
    0x08005214   0x000001ec   Code   RO         1792    i.xmp3_UnpackFrameHeader  helix.lib(bitstream.o)
    0x08005400   0x000000f6   Code   RO         1987    i.xmp3_UnpackScaleFactors  helix.lib(scalfact.o)
    0x080054f6   0x00000214   Code   RO         1793    i.xmp3_UnpackSideInfo  helix.lib(bitstream.o)
    0x0800570a   0x00000002   PAD
    0x0800570c   0x00000018   Data   RO           75    .constdata          functiongen.o
    0x08005724   0x0000006c   Data   RO         1918    .constdata          helix.lib(imdct.o)
    0x08005790   0x00000024   Data   RO         1967    .constdata          helix.lib(mp3tabs.o)
    0x080057b4   0x0000010e   Data   RO         1968    .constdata          helix.lib(mp3tabs.o)
    0x080058c2   0x00000012   Data   RO         1969    .constdata          helix.lib(mp3tabs.o)
    0x080058d4   0x0000000c   Data   RO         1971    .constdata          helix.lib(mp3tabs.o)
    0x080058e0   0x0000010e   Data   RO         1972    .constdata          helix.lib(mp3tabs.o)
    0x080059ee   0x0000029a   Data   RO         1973    .constdata          helix.lib(mp3tabs.o)
    0x08005c88   0x00000068   Data   RO         1988    .constdata          helix.lib(scalfact.o)
    0x08005cf0   0x000000c0   Data   RO         2022    .constdata          helix.lib(dct32.o)
    0x08005db0   0x00000250   Data   RO         2041    .constdata          helix.lib(dqchan.o)
    0x08006000   0x00002124   Data   RO         2065    .constdata          helix.lib(hufftabs.o)
    0x08008124   0x00000080   Data   RO         2066    .constdata          helix.lib(hufftabs.o)
    0x080081a4   0x00000100   Data   RO         2067    .constdata          helix.lib(hufftabs.o)
    0x080082a4   0x00000050   Data   RO         2068    .constdata          helix.lib(hufftabs.o)
    0x080082f4   0x00000008   Data   RO         2069    .constdata          helix.lib(hufftabs.o)
    0x080082fc   0x00000008   Data   RO         2070    .constdata          helix.lib(hufftabs.o)
    0x08008304   0x00000240   Data   RO         2146    .constdata          helix.lib(trigtabs.o)
    0x08008544   0x00000038   Data   RO         2147    .constdata          helix.lib(trigtabs.o)
    0x0800857c   0x00000100   Data   RO         2148    .constdata          helix.lib(trigtabs.o)
    0x0800867c   0x00000010   Data   RO         2149    .constdata          helix.lib(trigtabs.o)
    0x0800868c   0x00000040   Data   RO         2151    .constdata          helix.lib(trigtabs.o)
    0x080086cc   0x00000420   Data   RO         2153    .constdata          helix.lib(trigtabs.o)
    0x08008aec   0x00000020   Data   RO         2509    Region$$Table       anon$$obj.o


    Execution Region RW_IRAM1 (Base: 0x20000000, Size: 0x0000bc40, Max: 0x00020000, ABSOLUTE, COMPRESSED[0x00000584])

    Base Addr    Size         Type   Attr      Idx    E Section Name        Object

    0x20000000   0x00000800   Data   RW           76    .data               functiongen.o
    0x20000800   0x0000003c   Data   RW          135    .data               labor6.o
    0x2000083c   0x00000010   Data   RW          548    .data               stm32f4xx_rcc.o
    0x2000084c   0x00000004   Data   RW         1366    .data               usart.o
    0x20000850   0x00000004   Data   RW         2488    .data               mc_w.l(mvars.o)
    0x20000854   0x00000004   Data   RW         2489    .data               mc_w.l(mvars.o)
    0x20000858   0x00002bc8   Zero   RW          134    .bss                labor6.o
    0x20003420   0x00000210   Zero   RW         1365    .bss                usart.o
    0x20003630   0x00000209   Zero   RW         1496    .bss                tft.o
    0x20003839   0x00000007   PAD
    0x20003840   0x00008000   Zero   RW         1014    HEAP                startup_stm32f40_41xxx.o
    0x2000b840   0x00000400   Zero   RW         1013    STACK               startup_stm32f40_41xxx.o


==============================================================================

Image component sizes


      Code (inc. data)   RO Data    RW Data    ZI Data      Debug   Object Name

       520         48          0          0          0       2229   ce_lib.o
         0          0         24       2048          0        845   functiongen.o
      1332        206          0         60      11208      41031   labor6.o
        10          0          0          0          0     251243   main.o
       140         22          0          0          0       1579   misc.o
       220         68          0          0          0      15619   peripherals.o
       212         28          0          0          0        970   spi.o
       160         20          0          0          0       2542   spi_mem.o
        36          8        392          0      33792        824   startup_stm32f40_41xxx.o
       222          0          0          0          0       2927   stm32f4xx_gpio.o
       374         14          0          0          0      13476   stm32f4xx_i2c.o
       360         42          0         16          0       5256   stm32f4xx_rcc.o
       258          8          0          0          0       8654   stm32f4xx_usart.o
       340         34          0          0          0       1501   system_stm32f4xx.o
       692         30          0          0        521       6940   tft.o
       408         40          0          4        528       3248   usart.o

    ----------------------------------------------------------------------
      5292        568        448       2128      46056     358884   Object Totals
         0          0         32          0          0          0   (incl. Generated)
         8          0          0          0          7          0   (incl. Padding)

    ----------------------------------------------------------------------

      Code (inc. data)   RO Data    RW Data    ZI Data      Debug   Library Member Name

      1250         24          0          0          0       9814   bitstream.o
       328          0          0          0          0       2262   buffers.o
      1534          8        192          0          0       6878   dct32.o
       510          0          0          0          0       2374   dequant.o
       854         24        592          0          0       4426   dqchan.o
      1478         28          0          0          0       4613   huffman.o
         0          0       8964          0          0       5596   hufftabs.o
      2890         64        108          0          0      14809   imdct.o
       782          0          0          0          0       6297   mp3dec.o
         0          0       1272          0          0       1897   mp3tabs.o
      3438          0          0          0          0       6112   polyphase.o
      1142         12        104          0          0       3614   scalfact.o
      1224         18          0          0          0       5699   stproc.o
       248          4          0          0          0       1079   subband.o
         0          0       2024          0          0        920   trigtabs.o
        92          0          0          0          0          0   __dczerorl2.o
         0          0          0          0          0          0   entry.o
         0          0          0          0          0          0   entry10a.o
         0          0          0          0          0          0   entry11a.o
         8          4          0          0          0          0   entry2.o
         4          0          0          0          0          0   entry5.o
         0          0          0          0          0          0   entry7b.o
         0          0          0          0          0          0   entry8b.o
         8          4          0          0          0          0   entry9a.o
        30          0          0          0          0          0   handlers.o
        36          8          0          0          0         68   init.o
        36          0          0          0          0         68   llsshr.o
       188         20          0          0          0        160   malloc.o
        64          0          0          0          0         76   memmovea.o
         0          0          0          8          0          0   mvars.o
       390         12          0          0          0        248   printf1.o
        14          0          0          0          0         68   strlen.o
        44          0          0          0          0         80   uidiv.o

    ----------------------------------------------------------------------
     16600        230      13256          8          0      77158   Library Totals
         8          0          0          0          0          0   (incl. Padding)

    ----------------------------------------------------------------------

      Code (inc. data)   RO Data    RW Data    ZI Data      Debug   Library Name

     15678        182      13256          0          0      76390   helix.lib
       914         48          0          8          0        768   mc_w.l

    ----------------------------------------------------------------------
     16600        230      13256          8          0      77158   Library Totals

    ----------------------------------------------------------------------

==============================================================================


      Code (inc. data)   RO Data    RW Data    ZI Data      Debug   

     21892        798      13704       2136      46056     426230   Grand Totals
     21892        798      13704       1412      46056     426230   ELF Image Totals (compressed)
     21892        798      13704       1412          0          0   ROM Totals

==============================================================================

    Total RO  Size (Code + RO Data)                35596 (  34.76kB)
    Total RW  Size (RW Data + ZI Data)             48192 (  47.06kB)
    Total ROM Size (Code + RO Data + RW Data)      37008 (  36.14kB)

==============================================================================

