<html>
<body>
<pre>
<h1>µVision Build Log</h1>
<h2>Project:</h2>
C:\Documents and Settings\schmid_m\Desktop\cep\labor4\CEPtemplate\Project.uvproj
Project File Date:  05/21/2014

<h2>Output:</h2>
Build target 'cep'
compiling functiongen.c...
compiling labor4.c...
compiling peripherals.c...
linking...
Program Size: Code=5164 RO-data=448 RW-data=2116 ZI-data=18124  
".\Build\cep.axf" - 0 Error(s), 0 Warning(s).
Load "C:\\Documents and Settings\\schmid_m\\Desktop\\cep\\labor4\\CEPtemplate\\Build\\cep.axf" 
Erase Done.
Programming Done.
Verify OK.
</pre>
</body>
</html>
c...
compiling stm32f4xx_rcc.c...
compiling stm32f4xx_usart.c...
assembling startup_stm32f40_41xxx.s...
compiling system_stm32f4xx.c...
compiling stm32f4xx_i2c.c...
compiling CE_Lib.c...
compiling Usart.c...
compiling Retarget.c...
compiling tft.c...
".\Build\cep.axf" - 1 Error(s), 0 Warning(s).
Target not created
Load "C:\\Documents and Settings\\schmid_m\\Desktop\\cep\\labor4\\CEPtemplate\\Build\\cep.axf" 
Erase Done.
Programming Done.
Verify OK.
