<html>
<body>
<pre>
<h1>µVision Build Log</h1>
<h2>Project:</h2>
C:\Documents and Settings\schmid_m\Desktop\cep\labor4\CEPtemplate\Project.uvproj
Project File Date:  05/21/2014

<h2>Output:</h2>
Rebuild target 'cep'
compiling main.c...
compiling buffer.c...
compiling keypad.c...
compiling functiongen.c...
compiling labor4.c...
compiling dac_test.c...
compiling dac.c...
compiling peripherals.c...
compiling core_cm3.c...
compiling misc.c...
compiling stm32f4xx_gpio.c...
compiling stm32f4xx_rcc.c...
compiling stm32f4xx_usart.c...
assembling startup_stm32f40_41xxx.s...
compiling system_stm32f4xx.c...
compiling stm32f4xx_i2c.c...
compiling CE_Lib.c...
compiling Usart.c...
compiling Retarget.c...
compiling tft.c...
linking...
Program Size: Code=6164 RO-data=2616 RW-data=72 ZI-data=2208  
".\Build\cep.axf" - 0 Error(s), 0 Warning(s).
Load "C:\\Documents and Settings\\schmid_m\\Desktop\\cep\\labor4\\CEPtemplate\\Build\\cep.axf" 
Erase Done.
Programming Done.
Verify OK.
