<html>
<body>
<pre>
<h1>µVision Build Log</h1>
<h2>Project:</h2>
C:\Documents and Settings\abd299\Desktop\cep\labor5\CEPtemplate\Project.uvproj
Project File Date:  06/04/2014

<h2>Output:</h2>
Build target 'cep'
compiling spi_mem_test.c...
linking...
Program Size: Code=3924 RO-data=424 RW-data=20 ZI-data=2076  
".\Build\cep.axf" - 0 Error(s), 0 Warning(s).
Load "C:\\Documents and Settings\\abd299\\Desktop\\cep\\labor5\\CEPtemplate\\Build\\cep.axf" 
Erase Done.
Programming Done.
Verify OK.
Warning(s).
Load "C:\\Documents and Settings\\abd299\\Desktop\\cep\\labor5\\CEPtemplate\\Build\\cep.axf" 
Erase Done.
Programming Done.
Verify OK.
c...
compiling misc.c...
compiling stm32f4xx_gpio.c...
compiling stm32f4xx_rcc.c...
compiling stm32f4xx_usart.c...
assembling startup_stm32f40_41xxx.s...
compiling system_stm32f4xx.c...
compiling stm32f4xx_i2c.c...
compiling CE_Lib.c...
compiling Usart.c...
compiling Retarget.c...
compiling tft.c...
linking...
Program Size: Code=5476 RO-data=424 RW-data=28 ZI-data=2076  
".\Build\cep.axf" - 0 Error(s), 2 Warning(s).
SPI_MEM_WORK, address);
Project\tests\spi_mem_test.c: 0 warnings, 1 error
".\Build\cep.axf" - 4 Error(s), 2 Warning(s).
Target not created
ck" declared implicitly
                  spiFlashMemEraseBlock(chip_sel, address, CmdBlockErase_32K);
Project\spi_mem.c(177): error:  #20: identifier "MEDIUM_BLOCK" is undefined
                  address += MEDIUM_BLOCK;
Project\spi_mem.c(180): warning:  #223-D: function "spiFlashMemEraseBlock" declared implicitly
                  spiFlashMemEraseBlock(chip_sel, address, CmdBlockErase_4K);
Project\spi_mem.c(190): error:  #159: declaration is incompatible with previous "spiFlashMemEraseBlock" (declared at line 170)
   void spiFlashMemEraseBlock(unsigned int chip_sel, uint32_t address,  uint8_t erase_cmd) {
Project\spi_mem.c(191): warning:  #177-D: variable "blk_srt_address" was declared but never referenced
      uint32_t blk_srt_address = 0; 
Project\spi_mem.c(264): warning:  #550-D: variable "dummy" was set but never used
        uint8_t dummy = 0; 
Project\spi_mem.c: 5 warnings, 5 errors
".\Build\cep.axf" - 5 Error(s), 6 Warning(s).
Target not created
o.c...
compiling core_cm3.c...
compiling misc.c...
compiling stm32f4xx_gpio.c...
compiling stm32f4xx_rcc.c...
compiling stm32f4xx_usart.c...
assembling startup_stm32f40_41xxx.s...
compiling system_stm32f4xx.c...
compiling stm32f4xx_i2c.c...
compiling CE_Lib.c...
compiling Usart.c...
compiling Retarget.c...
compiling tft.c...
".\Build\cep.axf" - 5 Error(s), 6 Warning(s).
Target not created
