<html>
<body>
<pre>
<h1>µVision Build Log</h1>
<h2>Project:</h2>
C:\Documents and Settings\schmid_m\Desktop\CEP\labor5\CEPtemplate\Project.uvproj
Project File Date:  05/27/2014

<h2>Output:</h2>
Rebuild target 'cep'
compiling main.c...
Project\main.c(46): warning:  #111-D: statement is unreachable
        return EXIT_SUCCESS;
Project\main.c: 1 warning, 0 errors
compiling labor5.c...
compiling spi.c...
compiling spi_mem.c...
compiling spi_mem_test.c...
compiling core_cm3.c...
compiling misc.c...
compiling stm32f4xx_gpio.c...
compiling stm32f4xx_rcc.c...
compiling stm32f4xx_usart.c...
assembling startup_stm32f40_41xxx.s...
compiling system_stm32f4xx.c...
compiling stm32f4xx_i2c.c...
compiling CE_Lib.c...
compiling Usart.c...
compiling Retarget.c...
compiling tft.c...
linking...
Program Size: Code=4760 RO-data=424 RW-data=28 ZI-data=2076  
".\Build\cep.axf" - 0 Error(s), 1 Warning(s).
Load "C:\\Documents and Settings\\schmid_m\\Desktop\\CEP\\labor5\\CEPtemplate\\Build\\cep.axf" 
Erase Done.
Programming Done.
Verify OK.
</pre>
</body>
</html>
