<html>
<body>
<pre>
<h1>µVision Build Log</h1>
<h2>Project:</h2>
C:\Documents and Settings\abd299\Desktop\cep\labor5\CEPtemplate\Project.uvproj
Project File Date:  06/06/2014

<h2>Output:</h2>
Build target 'cep'
linking...
Program Size: Code=7696 RO-data=628 RW-data=36 ZI-data=6196  
".\Build\cep.axf" - 0 Error(s), 0 Warning(s).
Load "C:\\Documents and Settings\\abd299\\Desktop\\cep\\labor5\\CEPtemplate\\Build\\cep.axf" 
Erase Done.
Programming Done.
Verify OK.
</pre>
</body>
</html>
(stdout);
Project\spi_mem.c(214): error:  #20: identifier "stdout" is undefined
                  printf("erase 64\n");fflush(stdout);
Project\spi_mem.c(220): warning:  #223-D: function "printf" declared implicitly
                  printf("erase 32\n");fflush(stdout);
Project\spi_mem.c(220): warning:  #223-D: function "fflush" declared implicitly
                  printf("erase 32\n");fflush(stdout);
Project\spi_mem.c(220): error:  #20: identifier "stdout" is undefined
                  printf("erase 32\n");fflush(stdout);
Project\spi_mem.c(226): warning:  #223-D: function "printf" declared implicitly
                  printf("erase 4\n");fflush(stdout);
Project\spi_mem.c(226): warning:  #223-D: function "fflush" declared implicitly
                  printf("erase 4\n");fflush(stdout);
Project\spi_mem.c(226): error:  #20: identifier "stdout" is undefined
                  printf("erase 4\n");fflush(stdout);
Project\spi_mem.c: 6 warnings, 3 errors
".\Build\cep.axf" - 3 Error(s), 6 Warning(s).
Target not created
