<html>
<body>
<pre>
<h1>µVision Build Log</h1>
<h2>Project:</h2>
C:\Documents and Settings\abd299\Desktop\cep\labor5\CEPtemplate\Project.uvproj
Project File Date:  06/04/2014

<h2>Output:</h2>
Rebuild target 'cep'
compiling main.c...
Project\main.c(24): warning:  #111-D: statement is unreachable
        return EXIT_SUCCESS;
Project\main.c: 1 warning, 0 errors
compiling labor5.c...
compiling spi.c...
compiling spi_mem.c...
compiling spi_mem_test.c...
Project\tests\spi_mem_test.c(63): warning:  #550-D: variable "ergebnis" was set but never used
      int ergebnis = 0;
Project\tests\spi_mem_test.c: 1 warning, 0 errors
compiling gpio.c...
compiling core_cm3.c...
compiling misc.c...
compiling stm32f4xx_gpio.c...
compiling stm32f4xx_rcc.c...
compiling stm32f4xx_usart.c...
assembling startup_stm32f40_41xxx.s...
compiling system_stm32f4xx.c...
compiling stm32f4xx_i2c.c...
compiling CE_Lib.c...
compiling Usart.c...
compiling Retarget.c...
compiling tft.c...
linking...
Program Size: Code=4052 RO-data=424 RW-data=20 ZI-data=2076  
".\Build\cep.axf" - 0 Error(s), 2 Warning(s).
Load "C:\\Documents and Settings\\abd299\\Desktop\\cep\\labor5\\CEPtemplate\\Build\\cep.axf" 
Erase Done.
Programming Done.
Verify OK.
</pre>
</body>
</html>
