<html>
<body>
<pre>
<h1>µVision Build Log</h1>
<h2>Project:</h2>
C:\Documents and Settings\abd299.INFORMATIK\Desktop\cep\labor5\CEPtemplate\Project.uvproj
Project File Date:  06/13/2014

<h2>Output:</h2>
Rebuild target 'cep'
compiling main.c...
compiling labor5.c...
compiling spi.c...
compiling spi_mem.c...
compiling spi_mem_test.c...
compiling core_cm3.c...
compiling misc.c...
compiling stm32f4xx_gpio.c...
compiling stm32f4xx_rcc.c...
compiling stm32f4xx_usart.c...
assembling startup_stm32f40_41xxx.s...
compiling system_stm32f4xx.c...
compiling stm32f4xx_i2c.c...
compiling CE_Lib.c...
compiling Usart.c...
compiling Retarget.c...
compiling tft.c...
linking...
Program Size: Code=8804 RO-data=632 RW-data=36 ZI-data=6196  
".\Build\cep.axf" - 0 Error(s), 0 Warning(s).
Load "C:\\Documents and Settings\\abd299.INFORMATIK\\Desktop\\cep\\labor5\\CEPtemplate\\Build\\cep.axf" 
Erase Done.
Programming Done.
Verify OK.
</pre>
</body>
</html>
een cancelled
Load "C:\\Documents and Settings\\abd299.INFORMATIK\\Desktop\\cep\\labor5\\CEPtemplate\\Build\\cep.axf" 
Erase Done.
Programming Done.
Verify OK.
