<html>
<body>
<pre>
<h1>µVision Build Log</h1>
<h2>Project:</h2>
C:\Documents and Settings\schmid_m\Desktop\cep\labor5\CEPtemplate\Project.uvproj
Project File Date:  05/26/2014

<h2>Output:</h2>
Build target 'cep'
compiling main.c...
compiling labor5.c...
compiling spi.c...
compiling spi_mem.c...
Project\spi_mem.c(18): warning:  #1-D: last line of file ends without a newline
  }
Project\spi_mem.c: 1 warning, 0 errors
compiling core_cm3.c...
compiling misc.c...
compiling stm32f4xx_gpio.c...
compiling stm32f4xx_rcc.c...
compiling stm32f4xx_usart.c...
assembling startup_stm32f40_41xxx.s...
compiling system_stm32f4xx.c...
compiling stm32f4xx_i2c.c...
compiling CE_Lib.c...
compiling Usart.c...
compiling Retarget.c...
compiling tft.c...
linking...
Program Size: Code=640 RO-data=424 RW-data=4 ZI-data=1556  
".\Build\cep.axf" - 0 Error(s), 1 Warning(s).
</pre>
</body>
</html>
