<html>
<body>
<pre>
<h1>µVision Build Log</h1>
<h2>Project:</h2>
C:\Documents and Settings\schmid_m\Desktop\CEP\labor5\CEPtemplate\Project.uvproj
Project File Date:  05/28/2014

<h2>Output:</h2>
Build target 'cep'
compiling gpio.c...
Project\gpio.c(11): warning:  #177-D: variable "GPIO_InitStruct" was declared but never referenced
        GPIO_InitTypeDef GPIO_InitStruct;
Project\gpio.c(12): warning:  #177-D: variable "SPI_InitStruct" was declared but never referenced
        SPI_InitTypeDef SPI_InitStruct;
Project\gpio.c: 2 warnings, 0 errors
linking...
Program Size: Code=4984 RO-data=424 RW-data=28 ZI-data=2076  
".\Build\cep.axf" - 0 Error(s), 2 Warning(s).
</pre>
</body>
</html>
variable "GPIO_InitStruct" was set but never used
        GPIO_InitTypeDef GPIO_InitStruct;
Project\gpio.c(12): warning:  #177-D: variable "SPI_InitStruct" was declared but never referenced
        SPI_InitTypeDef SPI_InitStruct;
Project\gpio.c: 2 warnings, 3 errors
compiling stm32f4xx_gpio.c...
compiling CE_Lib.c...
compiling Usart.c...
compiling tft.c...
".\Build\cep.axf" - 3 Error(s), 2 Warning(s).
Target not created
