<html>
<body>
<pre>
<h1>µVision Build Log</h1>
<h2>Project:</h2>
C:\Dokumente und Einstellungen\ms\Desktop\CEP\labor5\CEPtemplate\Project.uvproj
Project File Date:  05/24/2014

<h2>Output:</h2>
Build target 'cep'
compiling spi.c...
compiling spi_mem.c...
linking...
Program Size: Code=640 RO-data=424 RW-data=4 ZI-data=1556  
".\Build\cep.axf" - 0 Error(s), 0 Warning(s).
</pre>
</body>
</html>
h(10): warning:  #1-D: last line of file ends without a newline
  #endif /* SPI_ */
Project\spi_mem.c(2): warning:  #1-D: last line of file ends without a newline
  #include "spi_mem.h"
Project\spi_mem.c: 2 warnings, 0 errors
linking...
Program Size: Code=640 RO-data=424 RW-data=4 ZI-data=1556  
".\Build\cep.axf" - 0 Error(s), 3 Warning(s).
