<html>
<body>
<pre>
<h1>µVision Build Log</h1>
<h2>Project:</h2>
C:\Documents and Settings\abd299\Desktop\cep\labor5\CEPtemplate\Project.uvproj
Project File Date:  06/10/2014

<h2>Output:</h2>
Build target 'cep'
compiling labor5.c...
compiling spi_mem.c...
Project\spi_mem.c(233): warning:  #177-D: variable "test" was declared but never referenced
                                                                                                uint32_t test = rest % BLOCK_4KB;
Project\spi_mem.c: 1 warning, 0 errors
linking...
Program Size: Code=7888 RO-data=628 RW-data=36 ZI-data=6196  
".\Build\cep.axf" - 0 Error(s), 1 Warning(s).
Load "C:\\Documents and Settings\\abd299\\Desktop\\cep\\labor5\\CEPtemplate\\Build\\cep.axf" 
Erase Done.
Programming Done.
Verify OK.
</pre>
</body>
</html>
