<html>
<body>
<pre>
<h1>µVision Build Log</h1>
<h2>Project:</h2>
C:\Documents and Settings\abd299\Desktop\cep\labor5\CEPtemplate\Project.uvproj
Project File Date:  06/03/2014

<h2>Output:</h2>
Build target 'cep'
linking...
Program Size: Code=5276 RO-data=424 RW-data=28 ZI-data=2076  
".\Build\cep.axf" - 0 Error(s), 0 Warning(s).
Load "C:\\Documents and Settings\\abd299\\Desktop\\cep\\labor5\\CEPtemplate\\Build\\cep.axf" 
Erase Done.
Programming Done.
Verify OK.
Load "C:\\Documents and Settings\\abd299\\Desktop\\cep\\labor5\\CEPtemplate\\Build\\cep.axf" 
Erase Done.
Programming Done.
Verify OK.
</pre>
</body>
</html>
uments and Settings\\abd299\\Desktop\\cep\\labor5\\CEPtemplate\\Build\\cep.axf" 
Erase Done.
Programming Done.
Verify OK.
ppear after executable statement in block
        uint32_t address = 0;
Project\tests\spi_mem_test.c(30): error:  #268: declaration may not appear after executable statement in block
        unsigned int i = 0;
Project\tests\spi_mem_test.c: 0 warnings, 5 errors
".\Build\cep.axf" - 5 Error(s), 0 Warning(s).
Target not created
\Documents and Settings\\abd299\\Desktop\\cep\\labor5\\CEPtemplate\\Build\\cep.axf" 
Erase Done.
Programming Done.
Verify OK.
